Archive member included to satisfy reference by file (symbol)

libDaisy/build/libdaisy.a(daisy_seed.o)
                              build/hw.o (daisy::DaisySeed::GetPin(unsigned char))
libDaisy/build/libdaisy.a(codec_ak4556.o)
                              libDaisy/build/libdaisy.a(daisy_seed.o) (daisy::Ak4556::Init(daisy::Pin))
libDaisy/build/libdaisy.a(codec_wm8731.o)
                              libDaisy/build/libdaisy.a(daisy_seed.o) (daisy::Wm8731::Init(daisy::Wm8731::Config const&, daisy::I2CHandle))
libDaisy/build/libdaisy.a(sdram.o)
                              libDaisy/build/libdaisy.a(daisy_seed.o) (SdramHandle::Init())
libDaisy/build/libdaisy.a(audio.o)
                              libDaisy/build/libdaisy.a(daisy_seed.o) (daisy::AudioHandle::Init(daisy::AudioHandle::Config const&, daisy::SaiHandle))
libDaisy/build/libdaisy.a(encoder.o)
                              build/hw.o (daisy::Encoder::Init(daisy::Pin, daisy::Pin, daisy::Pin, float))
libDaisy/build/libdaisy.a(switch.o)
                              build/hw.o (daisy::Switch::Init(daisy::Pin, float))
libDaisy/build/libdaisy.a(gpio.o)
                              libDaisy/build/libdaisy.a(daisy_seed.o) (daisy::GPIO::Init(daisy::GPIO::Config const&))
libDaisy/build/libdaisy.a(i2c.o)
                              build/screen.o (daisy::I2CHandle::Init(daisy::I2CHandle::Config const&))
libDaisy/build/libdaisy.a(qspi.o)
                              libDaisy/build/libdaisy.a(daisy_seed.o) (daisy::QSPIHandle::Init(daisy::QSPIHandle::Config const&))
libDaisy/build/libdaisy.a(sai.o)
                              libDaisy/build/libdaisy.a(daisy_seed.o) (daisy::SaiHandle::Init(daisy::SaiHandle::Config const&))
libDaisy/build/libdaisy.a(system.o)
                              libDaisy/build/libdaisy.a(daisy_seed.o) (daisy::System::DeInit())
libDaisy/build/libdaisy.a(system_stm32h7xx.o)
                              build/startup_stm32h750xx.o (SystemInit)
libDaisy/build/libdaisy.a(usbd_conf.o)
                              libDaisy/build/libdaisy.a(system.o) (hpcd_USB_OTG_HS)
libDaisy/build/libdaisy.a(usbh_conf.o)
                              libDaisy/build/libdaisy.a(system.o) (hhcd_USB_OTG_HS)
libDaisy/build/libdaisy.a(oled_fonts.o)
                              build/screen.o (Font_7x10)
libDaisy/build/libdaisy.a(stm32h7xx_hal.o)
                              libDaisy/build/libdaisy.a(system.o) (HAL_Init)
libDaisy/build/libdaisy.a(stm32h7xx_hal_cortex.o)
                              libDaisy/build/libdaisy.a(stm32h7xx_hal.o) (HAL_NVIC_SetPriorityGrouping)
libDaisy/build/libdaisy.a(stm32h7xx_hal_dma.o)
                              libDaisy/build/libdaisy.a(i2c.o) (HAL_DMA_Init)
libDaisy/build/libdaisy.a(stm32h7xx_hal_gpio.o)
                              libDaisy/build/libdaisy.a(sdram.o) (HAL_GPIO_Init)
libDaisy/build/libdaisy.a(stm32h7xx_hal_hcd.o)
                              libDaisy/build/libdaisy.a(usbh_conf.o) (HAL_HCD_HC_Init)
libDaisy/build/libdaisy.a(stm32h7xx_hal_i2c.o)
                              libDaisy/build/libdaisy.a(i2c.o) (HAL_I2C_Init)
libDaisy/build/libdaisy.a(stm32h7xx_hal_i2c_ex.o)
                              libDaisy/build/libdaisy.a(i2c.o) (HAL_I2CEx_ConfigAnalogFilter)
libDaisy/build/libdaisy.a(stm32h7xx_hal_pcd.o)
                              libDaisy/build/libdaisy.a(usbd_conf.o) (HAL_PCD_Init)
libDaisy/build/libdaisy.a(stm32h7xx_hal_pcd_ex.o)
                              libDaisy/build/libdaisy.a(usbd_conf.o) (HAL_PCDEx_SetTxFiFo)
libDaisy/build/libdaisy.a(stm32h7xx_hal_pwr_ex.o)
                              libDaisy/build/libdaisy.a(system.o) (HAL_PWREx_ConfigSupply)
libDaisy/build/libdaisy.a(stm32h7xx_hal_qspi.o)
                              libDaisy/build/libdaisy.a(qspi.o) (HAL_QSPI_Init)
libDaisy/build/libdaisy.a(stm32h7xx_hal_rcc.o)
                              libDaisy/build/libdaisy.a(system.o) (HAL_RCC_OscConfig)
libDaisy/build/libdaisy.a(stm32h7xx_hal_rcc_ex.o)
                              libDaisy/build/libdaisy.a(system.o) (HAL_RCCEx_PeriphCLKConfig)
libDaisy/build/libdaisy.a(stm32h7xx_hal_sai.o)
                              libDaisy/build/libdaisy.a(sai.o) (HAL_SAI_InitProtocol)
libDaisy/build/libdaisy.a(stm32h7xx_hal_sdram.o)
                              libDaisy/build/libdaisy.a(sdram.o) (HAL_SDRAM_Init)
libDaisy/build/libdaisy.a(stm32h7xx_ll_fmc.o)
                              libDaisy/build/libdaisy.a(stm32h7xx_hal_sdram.o) (FMC_SDRAM_Init)
libDaisy/build/libdaisy.a(stm32h7xx_ll_usb.o)
                              libDaisy/build/libdaisy.a(stm32h7xx_hal_hcd.o) (USB_CoreInit)
libDaisy/build/libdaisy.a(usbd_core.o)
                              libDaisy/build/libdaisy.a(usbd_conf.o) (USBD_LL_SetupStage)
libDaisy/build/libdaisy.a(usbd_ctlreq.o)
                              libDaisy/build/libdaisy.a(usbd_core.o) (USBD_StdDevReq)
libDaisy/build/libdaisy.a(usbd_ioreq.o)
                              libDaisy/build/libdaisy.a(usbd_ctlreq.o) (USBD_CtlSendData)
[...]
Memory Configuration

Name             Origin             Length             Attributes
FLASH            0x08000000         0x00020000         xr
DTCMRAM          0x20000000         0x00020000         xrw
SRAM             0x24000000         0x00080000         xrw
RAM_D2           0x30000000         0x00048000         xrw
RAM_D3           0x38000000         0x00010000         xrw
BACKUP_SRAM      0x38800000         0x00001000         xrw
ITCMRAM          0x00000000         0x00010000         xrw
SDRAM            0xc0000000         0x04000000         xrw
QSPIFLASH        0x90000000         0x00800000         xr
*default*        0x00000000         0xffffffff

Linker script and memory map

LOAD /usr/lib/gcc/arm-none-eabi/14.2.0/thumb/v7e-m+dp/hard/crti.o
LOAD /usr/lib/gcc/arm-none-eabi/14.2.0/thumb/v7e-m+dp/hard/crtbegin.o
LOAD /usr/lib/gcc/arm-none-eabi/14.2.0/../../../../arm-none-eabi/lib/thumb/v7e-m+dp/hard/crt0.o
LOAD build/startup_stm32h750xx.o
LOAD build/dust.o
LOAD build/hw.o
LOAD build/screen.o
LOAD build/processing.o
LOAD libDaisy/build/libdaisy.a
LOAD /usr/lib/gcc/arm-none-eabi/14.2.0/../../../../arm-none-eabi/lib/thumb/v7e-m+dp/hard/libnosys.a
LOAD DaisySP/build/libdaisysp.a
LOAD /usr/lib/gcc/arm-none-eabi/14.2.0/../../../../arm-none-eabi/lib/thumb/v7e-m+dp/hard/libstdc++_nano.a
LOAD /usr/lib/gcc/arm-none-eabi/14.2.0/../../../../arm-none-eabi/lib/thumb/v7e-m+dp/hard/libm.a
LOAD /usr/lib/gcc/arm-none-eabi/14.2.0/../../../../arm-none-eabi/lib/thumb/v7e-m+dp/hard/libc_nano.a
START GROUP
LOAD /usr/lib/gcc/arm-none-eabi/14.2.0/thumb/v7e-m+dp/hard/libgcc.a
LOAD /usr/lib/gcc/arm-none-eabi/14.2.0/../../../../arm-none-eabi/lib/thumb/v7e-m+dp/hard/libc_nano.a
END GROUP
START GROUP
LOAD /usr/lib/gcc/arm-none-eabi/14.2.0/thumb/v7e-m+dp/hard/libgcc.a
LOAD /usr/lib/gcc/arm-none-eabi/14.2.0/../../../../arm-none-eabi/lib/thumb/v7e-m+dp/hard/libc_nano.a
LOAD /usr/lib/gcc/arm-none-eabi/14.2.0/../../../../arm-none-eabi/lib/thumb/v7e-m+dp/hard/libnosys.a
END GROUP
START GROUP
LOAD /usr/lib/gcc/arm-none-eabi/14.2.0/thumb/v7e-m+dp/hard/libgcc.a
LOAD /usr/lib/gcc/arm-none-eabi/14.2.0/../../../../arm-none-eabi/lib/thumb/v7e-m+dp/hard/libc_nano.a
LOAD /usr/lib/gcc/arm-none-eabi/14.2.0/../../../../arm-none-eabi/lib/thumb/v7e-m+dp/hard/libnosys.a
END GROUP
LOAD /usr/lib/gcc/arm-none-eabi/14.2.0/thumb/v7e-m+dp/hard/crtend.o
LOAD /usr/lib/gcc/arm-none-eabi/14.2.0/thumb/v7e-m+dp/hard/crtn.o
                0x20020000                        _estack = 0x20020000

.isr_vector     0x08000000      0x298
                0x08000000                        . = ALIGN (0x4)
 *(.isr_vector)
 .isr_vector    0x08000000      0x298 build/startup_stm32h750xx.o
                0x08000000                g_pfnVectors
                0x08000298                        . = ALIGN (0x4)

.text           0x080002a0    0x15810
                0x080002a0                        . = ALIGN (0x4)
                0x080002a0                        _stext = .
 *(.text)
 .text          0x080002a0       0x10 /usr/lib/gcc/arm-none-eabi/14.2.0/../../../../arm-none-eabi/lib/thumb/v7e-m+dp/hard/libc_nano.a(libc_a-strlen.o)
                0x080002a0                strlen
 .text          0x080002b0       0xa0 /usr/lib/gcc/arm-none-eabi/14.2.0/../../../../arm-none-eabi/lib/thumb/v7e-m+dp/hard/libc_nano.a(libc_a-memchr.o)
                0x080002b0                memchr
 .text          0x08000350      0x378 /usr/lib/gcc/arm-none-eabi/14.2.0/thumb/v7e-m+dp/hard/libgcc.a(_arm_addsubdf3.o)
                0x08000350                __aeabi_drsub
                0x08000358                __aeabi_dsub
                0x08000358                __subdf3
                0x0800035c                __adddf3
                0x0800035c                __aeabi_dadd
                0x080005d4                __aeabi_ui2d
                0x080005d4                __floatunsidf
                0x080005f4                __floatsidf
                0x080005f4                __aeabi_i2d
                0x08000618                __extendsfdf2
                0x08000618                __aeabi_f2d
                0x0800065c                __aeabi_ul2d
                0x0800065c                __floatundidf
                0x0800066c                __floatdidf
                0x0800066c                __aeabi_l2d
 .text          0x080006c8       0x30 /usr/lib/gcc/arm-none-eabi/14.2.0/thumb/v7e-m+dp/hard/libgcc.a(_aeabi_uldivmod.o)
                0x080006c8                __aeabi_uldivmod
 .text          0x080006f8        0x4 /usr/lib/gcc/arm-none-eabi/14.2.0/thumb/v7e-m+dp/hard/libgcc.a(_dvmd_tls.o)
                0x080006f8                __aeabi_ldiv0
                0x080006f8                __aeabi_idiv0
 *(.text*)
 .text.__do_global_dtors_aux
                0x080006fc       0x24 /usr/lib/gcc/arm-none-eabi/14.2.0/thumb/v7e-m+dp/hard/crtbegin.o
 .text.frame_dummy
                0x08000720       0x1c /usr/lib/gcc/arm-none-eabi/14.2.0/thumb/v7e-m+dp/hard/crtbegin.o
 .text.Default_Handler
                0x0800073c        0xc build/startup_stm32h750xx.o
                0x0800073c                RTC_Alarm_IRQHandler
                0x0800073c                HASH_RNG_IRQHandler
                0x0800073c                EXTI2_IRQHandler
                0x0800073c                TIM8_CC_IRQHandler
                0x0800073c                HRTIM1_Master_IRQHandler
                0x0800073c                DebugMon_Handler
                0x0800073c                TIM1_CC_IRQHandler
                0x0800073c                BDMA_Channel6_IRQHandler
                0x0800073c                DMA2_Stream5_IRQHandler
                0x0800073c                HRTIM1_FLT_IRQHandler
                0x0800073c                JPEG_IRQHandler
                0x0800073c                BDMA_Channel1_IRQHandler
                0x0800073c                HRTIM1_TIMD_IRQHandler
                0x0800073c                TAMP_STAMP_IRQHandler
                0x0800073c                PendSV_Handler
                0x0800073c                NMI_Handler
                0x0800073c                EXTI3_IRQHandler
                0x0800073c                LPTIM4_IRQHandler
                0x0800073c                TIM8_TRG_COM_TIM14_IRQHandler
                0x0800073c                LPTIM2_IRQHandler
                0x0800073c                DFSDM1_FLT1_IRQHandler
                0x0800073c                DMAMUX2_OVR_IRQHandler
                0x0800073c                TIM8_UP_TIM13_IRQHandler
                0x0800073c                I2C3_ER_IRQHandler
                0x0800073c                DFSDM1_FLT2_IRQHandler
                0x0800073c                MDMA_IRQHandler
                0x0800073c                LPTIM3_IRQHandler
                0x0800073c                HSEM1_IRQHandler
                0x0800073c                EXTI0_IRQHandler
                0x0800073c                DMA1_Stream2_IRQHandler
                0x0800073c                FPU_IRQHandler
                0x0800073c                OTG_HS_WKUP_IRQHandler
                0x0800073c                FDCAN1_IT1_IRQHandler
                0x0800073c                UsageFault_Handler
                0x0800073c                LTDC_ER_IRQHandler
                0x0800073c                HRTIM1_TIME_IRQHandler
                0x0800073c                TIM6_DAC_IRQHandler
                0x0800073c                DCMI_IRQHandler
                0x0800073c                HRTIM1_TIMC_IRQHandler
                0x0800073c                SAI2_IRQHandler
                0x0800073c                DFSDM1_FLT3_IRQHandler
                0x0800073c                TIM17_IRQHandler
                0x0800073c                CRYP_IRQHandler
                0x0800073c                BDMA_Channel7_IRQHandler
                0x0800073c                LPTIM5_IRQHandler
                0x0800073c                ADC3_IRQHandler
                0x0800073c                DMA2_Stream0_IRQHandler
                0x0800073c                BDMA_Channel2_IRQHandler
                0x0800073c                DMAMUX1_OVR_IRQHandler
                0x0800073c                TIM16_IRQHandler
                0x0800073c                BDMA_Channel5_IRQHandler
                0x0800073c                RCC_IRQHandler
                0x0800073c                TIM8_BRK_TIM12_IRQHandler
                0x0800073c                TIM1_TRG_COM_IRQHandler
                0x0800073c                Default_Handler
                0x0800073c                ECC_IRQHandler
                0x0800073c                CEC_IRQHandler
                0x0800073c                EXTI15_10_IRQHandler
                0x0800073c                BDMA_Channel0_IRQHandler
                0x0800073c                ADC_IRQHandler
                0x0800073c                DMA1_Stream7_IRQHandler
                0x0800073c                HRTIM1_TIMA_IRQHandler
                0x0800073c                TIM7_IRQHandler
                0x0800073c                SDMMC1_IRQHandler
                0x0800073c                DMA2_Stream7_IRQHandler
                0x0800073c                TIM15_IRQHandler
                0x0800073c                PVD_AVD_IRQHandler
                0x0800073c                EXTI9_5_IRQHandler
                0x0800073c                RTC_WKUP_IRQHandler
                0x0800073c                LTDC_IRQHandler
                0x0800073c                SAI3_IRQHandler
                0x0800073c                ETH_WKUP_IRQHandler
                0x0800073c                SPDIF_RX_IRQHandler
                0x0800073c                MemManage_Handler
                0x0800073c                SVC_Handler
                0x0800073c                CRS_IRQHandler
                0x0800073c                EXTI4_IRQHandler
                0x0800073c                HRTIM1_TIMB_IRQHandler
                0x0800073c                FDCAN2_IT1_IRQHandler
                0x0800073c                ETH_IRQHandler
                0x0800073c                TIM1_UP_IRQHandler
                0x0800073c                BDMA_Channel4_IRQHandler
                0x0800073c                WWDG_IRQHandler
                0x0800073c                SPI6_IRQHandler
                0x0800073c                I2C4_EV_IRQHandler
                0x0800073c                MDIOS_IRQHandler
                0x0800073c                FDCAN2_IT0_IRQHandler
                0x0800073c                FDCAN1_IT0_IRQHandler
                0x0800073c                OTG_FS_WKUP_IRQHandler
                0x0800073c                DMA2D_IRQHandler
                0x0800073c                TIM1_BRK_IRQHandler
                0x0800073c                EXTI1_IRQHandler
                0x0800073c                SDMMC2_IRQHandler
                0x0800073c                OTG_FS_EP1_OUT_IRQHandler
                0x0800073c                BDMA_Channel3_IRQHandler
                0x0800073c                MDIOS_WKUP_IRQHandler
                0x0800073c                DFSDM1_FLT0_IRQHandler
                0x0800073c                SAI4_IRQHandler
                0x0800073c                I2C2_ER_IRQHandler
                0x0800073c                DMA2_Stream1_IRQHandler
                0x0800073c                FLASH_IRQHandler
                0x0800073c                BusFault_Handler
                0x0800073c                OTG_FS_IRQHandler
                0x0800073c                WAKEUP_PIN_IRQHandler
                0x0800073c                OTG_FS_EP1_IN_IRQHandler
                0x0800073c                I2C1_ER_IRQHandler
                0x0800073c                FMC_IRQHandler
                0x0800073c                FDCAN_CAL_IRQHandler
                0x0800073c                SWPMI1_IRQHandler
                0x0800073c                COMP1_IRQHandler
                0x0800073c                LPTIM1_IRQHandler
                0x0800073c                I2C4_ER_IRQHandler
                0x0800073c                DMA2_Stream6_IRQHandler
                0x0800073c                SAI1_IRQHandler
 .text.Reset_Handler
                0x08000748       0x48 build/startup_stm32h750xx.o
                0x08000748                Reset_Handler
 .text._ZN8HardwareD2Ev
                0x08000790        0x4 build/dust.o
                0x08000790                Hardware::~Hardware()
                0x08000790                Hardware::~Hardware()
 .text._Z13AudioCallbackPKPKfPPfj
                0x08000794       0x68 build/dust.o
                0x08000794                AudioCallback(float const* const*, float**, unsigned int)
 .text.startup.main
                0x080007fc       0x44 build/dust.o
                0x080007fc                main
 .text.startup._GLOBAL__sub_I__Z13AudioCallbackPKPKfPPfj
                0x08000840      0x120 build/dust.o
 .text._ZN8Hardware4InitEv
                0x08000960      0x104 build/hw.o
                0x08000960                Hardware::Init()
 .text._ZN8Hardware15ProcessControlsEv
                0x08000a64       0x30 build/hw.o
                0x08000a64                Hardware::ProcessControls()
 .text._ZNK5daisy11OledDisplayINS_13SSD130xDriverILj128ELj64ENS_19SSD130xI2CTransportEEEE5WidthEv
                0x08000a94        0x4 build/screen.o
                0x08000a94                daisy::OledDisplay<daisy::SSD130xDriver<128u, 64u, daisy::SSD130xI2CTransport> >::Width() const
 .text._ZNK5daisy11OledDisplayINS_13SSD130xDriverILj128ELj64ENS_19SSD130xI2CTransportEEEE6HeightEv
                0x08000a98        0x4 build/screen.o
                0x08000a98                daisy::OledDisplay<daisy::SSD130xDriver<128u, 64u, daisy::SSD130xI2CTransport> >::Height() const
 .text._ZN5daisy11OledDisplayINS_13SSD130xDriverILj128ELj64ENS_19SSD130xI2CTransportEEEE4FillEb
                0x08000a9c       0x10 build/screen.o
                0x08000a9c                daisy::OledDisplay<daisy::SSD130xDriver<128u, 64u, daisy::SSD130xI2CTransport> >::Fill(bool)
 .text._ZN5daisy11OledDisplayINS_13SSD130xDriverILj128ELj64ENS_19SSD130xI2CTransportEEEED2Ev
                0x08000aac        0x4 build/screen.o
                0x08000aac                daisy::OledDisplay<daisy::SSD130xDriver<128u, 64u, daisy::SSD130xI2CTransport> >::~OledDisplay()
                0x08000aac                daisy::OledDisplay<daisy::SSD130xDriver<128u, 64u, daisy::SSD130xI2CTransport> >::~OledDisplay()
 .text._ZN5daisy11OledDisplayINS_13SSD130xDriverILj128ELj64ENS_19SSD130xI2CTransportEEEE14UpdateFinishedEv
                0x08000ab0        0x4 build/screen.o
                0x08000ab0                daisy::OledDisplay<daisy::SSD130xDriver<128u, 64u, daisy::SSD130xI2CTransport> >::UpdateFinished()
 .text._ZN5daisy11OledDisplayINS_13SSD130xDriverILj128ELj64ENS_19SSD130xI2CTransportEEEED0Ev
                0x08000ab4       0x10 build/screen.o
                0x08000ab4                daisy::OledDisplay<daisy::SSD130xDriver<128u, 64u, daisy::SSD130xI2CTransport> >::~OledDisplay()
 .text._ZL10DrawStringRN5daisy11OledDisplayINS_13SSD130xDriverILj128ELj64ENS_19SSD130xI2CTransportEEEEEiiPKcRK7FontDefb.constprop.0
                0x08000ac4       0xf0 build/screen.o
 .text._ZN5daisy11OledDisplayINS_13SSD130xDriverILj128ELj64ENS_19SSD130xI2CTransportEEEE6UpdateEv
                0x08000bb4       0xa0 build/screen.o
                0x08000bb4                daisy::OledDisplay<daisy::SSD130xDriver<128u, 64u, daisy::SSD130xI2CTransport> >::Update()
 .text._ZN5daisy25OneBitGraphicsDisplayImplINS_11OledDisplayINS_13SSD130xDriverILj128ELj64ENS_19SSD130xI2CTransportEEEEEE11WriteStringEPKc7FontDefb
                0x08000c54      0x20c build/screen.o
                0x08000c54                daisy::OneBitGraphicsDisplayImpl<daisy::OledDisplay<daisy::SSD130xDriver<128u, 64u, daisy::SSD130xI2CTransport> > >::WriteString(char const*, FontDef, bool)
 .text._ZN5daisy25OneBitGraphicsDisplayImplINS_11OledDisplayINS_13SSD130xDriverILj128ELj64ENS_19SSD130xI2CTransportEEEEEE9WriteCharEc7FontDefb
                0x08000e60      0x1b8 build/screen.o
                0x08000e60                daisy::OneBitGraphicsDisplayImpl<daisy::OledDisplay<daisy::SSD130xDriver<128u, 64u, daisy::SSD130xI2CTransport> > >::WriteChar(char, FontDef, bool)
 .text._ZN5daisy25OneBitGraphicsDisplayImplINS_11OledDisplayINS_13SSD130xDriverILj128ELj64ENS_19SSD130xI2CTransportEEEEEE18WriteStringAlignedEPKcRK7FontDefNS_9RectangleENS_9AlignmentEb
                0x08001018      0x434 build/screen.o
                0x08001018                daisy::OneBitGraphicsDisplayImpl<daisy::OledDisplay<daisy::SSD130xDriver<128u, 64u, daisy::SSD130xI2CTransport> > >::WriteStringAligned(char const*, FontDef const&, daisy::Rectangle, daisy::Alignment, bool)
 .text._ZN5daisy11OledDisplayINS_13SSD130xDriverILj128ELj64ENS_19SSD130xI2CTransportEEEE9DrawPixelEjjb
                0x0800144c       0x30 build/screen.o
                0x0800144c                daisy::OledDisplay<daisy::SSD130xDriver<128u, 64u, daisy::SSD130xI2CTransport> >::DrawPixel(unsigned int, unsigned int, bool)
 .text._ZN5daisy25OneBitGraphicsDisplayImplINS_11OledDisplayINS_13SSD130xDriverILj128ELj64ENS_19SSD130xI2CTransportEEEEEE8DrawLineEjjjjb
                0x0800147c       0xec build/screen.o
                0x0800147c                daisy::OneBitGraphicsDisplayImpl<daisy::OledDisplay<daisy::SSD130xDriver<128u, 64u, daisy::SSD130xI2CTransport> > >::DrawLine(unsigned int, unsigned int, unsigned int, unsigned int, bool)
 .text._ZN5daisy25OneBitGraphicsDisplayImplINS_11OledDisplayINS_13SSD130xDriverILj128ELj64ENS_19SSD130xI2CTransportEEEEEE7DrawArcEjjjiib
                0x08001568      0x434 build/screen.o
                0x08001568                daisy::OneBitGraphicsDisplayImpl<daisy::OledDisplay<daisy::SSD130xDriver<128u, 64u, daisy::SSD130xI2CTransport> > >::DrawArc(unsigned int, unsigned int, unsigned int, int, int, bool)
 .text._ZN5daisy25OneBitGraphicsDisplayImplINS_11OledDisplayINS_13SSD130xDriverILj128ELj64ENS_19SSD130xI2CTransportEEEEEE8DrawRectEjjjjbb
                0x0800199c      0x3b8 build/screen.o
                0x0800199c                daisy::OneBitGraphicsDisplayImpl<daisy::OledDisplay<daisy::SSD130xDriver<128u, 64u, daisy::SSD130xI2CTransport> > >::DrawRect(unsigned int, unsigned int, unsigned int, unsigned int, bool, bool)
 .text._ZN6Screen4InitERN5daisy9DaisySeedE
                0x08001d54      0x288 build/screen.o
                0x08001d54                Screen::Init(daisy::DaisySeed&)
 .text._ZN6Screen10DrawStatusER10ProcessingR8Hardware
                0x08001fdc      0x340 build/screen.o
                0x08001fdc                Screen::DrawStatus(Processing&, Hardware&)
 .text.startup._GLOBAL__sub_I__ZN6Screen4InitERN5daisy9DaisySeedE
                0x0800231c       0x2c build/screen.o
 .text._ZN10Processing15SetAdvancedModeEb
                0x08002348       0x84 build/processing.o
                0x08002348                Processing::SetAdvancedMode(bool)
 .text._ZN10Processing15UpdateBufferLenEv
                0x080023cc       0x5c build/processing.o
                0x080023cc                Processing::UpdateBufferLen()
 .text._ZN10Processing17UpdateGrainParamsEv
                0x08002428       0xa0 build/processing.o
                0x08002428                Processing::UpdateGrainParams()
 .text._ZN10Processing4InitER8Hardware
                0x080024c8       0xe0 build/processing.o
                0x080024c8                Processing::Init(Hardware&)
 .text._ZN10Processing8ControlsER8Hardware
                0x080025a8      0x20c build/processing.o
                0x080025a8                Processing::Controls(Hardware&)
 .text._ZN10Processing9GetSampleERfS0_ff
                0x080027b4      0x4c4 build/processing.o
                0x080027b4                Processing::GetSample(float&, float&, float, float)
 .text.startup._GLOBAL__sub_I__ZN10Processing6bufferE
                0x08002c78       0x30 build/processing.o
 .text._ZN5daisy9DaisySeed6GetPinEh
                0x08002ca8       0x2c libDaisy/build/libdaisy.a(daisy_seed.o)
                0x08002ca8                daisy::DaisySeed::GetPin(unsigned char)
 .text._ZN5daisy9DaisySeed10StartAudioEPFvPKPKfPPfjE
                0x08002cd4        0x8 libDaisy/build/libdaisy.a(daisy_seed.o)
                0x08002cd4                daisy::DaisySeed::StartAudio(void (*)(float const* const*, float**, unsigned int))
 .text._ZN5daisy9DaisySeed15AudioSampleRateEv
                0x08002cdc        0x8 libDaisy/build/libdaisy.a(daisy_seed.o)
                0x08002cdc                daisy::DaisySeed::AudioSampleRate()
 .text._ZN5daisy9DaisySeed17SetAudioBlockSizeEj
                0x08002ce4       0x38 libDaisy/build/libdaisy.a(daisy_seed.o)
                0x08002ce4                daisy::DaisySeed::SetAudioBlockSize(unsigned int)
 .text._ZNK5daisy9DaisySeed17AudioCallbackRateEv
                0x08002d1c        0x8 libDaisy/build/libdaisy.a(daisy_seed.o)
                0x08002d1c                daisy::DaisySeed::AudioCallbackRate() const
 .text._ZN5daisy9DaisySeed17CheckBoardVersionEv
                0x08002d24       0x6c libDaisy/build/libdaisy.a(daisy_seed.o)
                0x08002d24                daisy::DaisySeed::CheckBoardVersion()
 .text._ZN5daisy9DaisySeed14ConfigureAudioEv
                0x08002d90      0x108 libDaisy/build/libdaisy.a(daisy_seed.o)
                0x08002d90                daisy::DaisySeed::ConfigureAudio()
 .text._ZN5daisy9DaisySeed4InitEb
                0x08002e98       0xf0 libDaisy/build/libdaisy.a(daisy_seed.o)
                0x08002e98                daisy::DaisySeed::Init(bool)
 .text._ZN5daisy6Ak45564InitENS_3PinE
                0x08002f88       0x44 libDaisy/build/libdaisy.a(codec_ak4556.o)
                0x08002f88                daisy::Ak4556::Init(daisy::Pin)
 .text._ZN5daisy6Wm873120WriteControlRegisterEht
                0x08002fcc       0x3c libDaisy/build/libdaisy.a(codec_wm8731.o)
                0x08002fcc                daisy::Wm8731::WriteControlRegister(unsigned char, unsigned short)
 .text._ZN5daisy6Wm87314InitERKNS0_6ConfigENS_9I2CHandleE
                0x08003008      0x1ac libDaisy/build/libdaisy.a(codec_wm8731.o)
                0x08003008                daisy::Wm8731::Init(daisy::Wm8731::Config const&, daisy::I2CHandle)
 .text._ZN11SdramHandle10DeviceInitEv
                0x080031b4       0x88 libDaisy/build/libdaisy.a(sdram.o)
                0x080031b4                SdramHandle::DeviceInit()
 *fill*         0x0800323c        0x4 
 .text._ZN11SdramHandle4InitEv
                0x08003240       0x80 libDaisy/build/libdaisy.a(sdram.o)
                0x08003240                SdramHandle::Init()
 .text.HAL_SDRAM_MspInit
                0x080032c0      0x19c libDaisy/build/libdaisy.a(sdram.o)
                0x080032c0                HAL_SDRAM_MspInit
 .text._ZN5daisy11AudioHandle4Impl16InternalCallbackEPlS2_j
                0x0800345c      0xd14 libDaisy/build/libdaisy.a(audio.o)
                0x0800345c                daisy::AudioHandle::Impl::InternalCallback(long*, long*, unsigned int)
 .text._ZN5daisy11AudioHandle4InitERKNS0_6ConfigENS_9SaiHandleE
                0x08004170       0x70 libDaisy/build/libdaisy.a(audio.o)
                0x08004170                daisy::AudioHandle::Init(daisy::AudioHandle::Config const&, daisy::SaiHandle)
 .text._ZNK5daisy11AudioHandle9GetConfigEv
                0x080041e0        0x8 libDaisy/build/libdaisy.a(audio.o)
                0x080041e0                daisy::AudioHandle::GetConfig() const
 .text._ZN5daisy11AudioHandle12SetBlockSizeEj
                0x080041e8       0x1c libDaisy/build/libdaisy.a(audio.o)
                0x080041e8                daisy::AudioHandle::SetBlockSize(unsigned int)
 .text._ZN5daisy11AudioHandle13GetSampleRateEv
                0x08004204        0x8 libDaisy/build/libdaisy.a(audio.o)
                0x08004204                daisy::AudioHandle::GetSampleRate()
 .text._ZN5daisy11AudioHandle5StartEPFvPKPKfPPfjE
                0x0800420c       0x44 libDaisy/build/libdaisy.a(audio.o)
                0x0800420c                daisy::AudioHandle::Start(void (*)(float const* const*, float**, unsigned int))
 .text.startup._GLOBAL__sub_I__ZN5daisy11AudioHandle4Impl4InitENS0_6ConfigENS_9SaiHandleE
                0x08004250       0x20 libDaisy/build/libdaisy.a(audio.o)
 .text._ZN5daisy7Encoder4InitENS_3PinES1_S1_f
                0x08004270       0x5c libDaisy/build/libdaisy.a(encoder.o)
                0x08004270                daisy::Encoder::Init(daisy::Pin, daisy::Pin, daisy::Pin, float)
 .text._ZN5daisy7Encoder8DebounceEv
                0x080042cc       0x7c libDaisy/build/libdaisy.a(encoder.o)
                0x080042cc                daisy::Encoder::Debounce()
 .text._ZN5daisy6Switch4InitENS_3PinEf
                0x08004348       0x2c libDaisy/build/libdaisy.a(switch.o)
                0x08004348                daisy::Switch::Init(daisy::Pin, float)
 .text._ZN5daisy6Switch8DebounceEv
                0x08004374       0x48 libDaisy/build/libdaisy.a(switch.o)
                0x08004374                daisy::Switch::Debounce()
 .text._ZN5daisy4GPIO4InitERKNS0_6ConfigE
                0x080043bc      0x220 libDaisy/build/libdaisy.a(gpio.o)
                0x080043bc                daisy::GPIO::Init(daisy::GPIO::Config const&)
 .text._ZN5daisy4GPIO4InitENS_3PinENS0_4ModeENS0_4PullENS0_5SpeedE
                0x080045dc      0x21c libDaisy/build/libdaisy.a(gpio.o)
                0x080045dc                daisy::GPIO::Init(daisy::Pin, daisy::GPIO::Mode, daisy::GPIO::Pull, daisy::GPIO::Speed)
 .text._ZN5daisy4GPIO4ReadEv
                0x080047f8       0x18 libDaisy/build/libdaisy.a(gpio.o)
                0x080047f8                daisy::GPIO::Read()
 .text._ZN5daisy4GPIO5WriteEb
                0x08004810       0x14 libDaisy/build/libdaisy.a(gpio.o)
                0x08004810                daisy::GPIO::Write(bool)
 .text._ZN5daisy9I2CHandle4Impl8InitPinsEv
                0x08004824       0x70 libDaisy/build/libdaisy.a(i2c.o)
                0x08004824                daisy::I2CHandle::Impl::InitPins()
 .text.HAL_I2C_MspInit
                0x08004894      0x1b4 libDaisy/build/libdaisy.a(i2c.o)
                0x08004894                HAL_I2C_MspInit
 .text.dsy_i2c_global_init
                0x08004a48       0x70 libDaisy/build/libdaisy.a(i2c.o)
                0x08004a48                dsy_i2c_global_init
 .text.DMA1_Stream6_IRQHandler
                0x08004ab8       0x34 libDaisy/build/libdaisy.a(i2c.o)
                0x08004ab8                DMA1_Stream6_IRQHandler
 .text.I2C1_EV_IRQHandler
                0x08004aec        0xc libDaisy/build/libdaisy.a(i2c.o)
                0x08004aec                I2C1_EV_IRQHandler
 .text.I2C2_EV_IRQHandler
                0x08004af8        0xc libDaisy/build/libdaisy.a(i2c.o)
                0x08004af8                I2C2_EV_IRQHandler
 .text.I2C3_EV_IRQHandler
                0x08004b04        0xc libDaisy/build/libdaisy.a(i2c.o)
                0x08004b04                I2C3_EV_IRQHandler
 .text._ZN5daisy9I2CHandle4InitERKNS0_6ConfigE
                0x08004b10      0x128 libDaisy/build/libdaisy.a(i2c.o)
                0x08004b10                daisy::I2CHandle::Init(daisy::I2CHandle::Config const&)
 .text._ZN5daisy9I2CHandle16TransmitBlockingEtPhtm
                0x08004c38       0x50 libDaisy/build/libdaisy.a(i2c.o)
                0x08004c38                daisy::I2CHandle::TransmitBlocking(unsigned short, unsigned char*, unsigned short, unsigned long)
 .text.startup._GLOBAL__sub_I__ZN5daisy9I2CHandle4Impl10GlobalInitEv
                0x08004c88       0x2c libDaisy/build/libdaisy.a(i2c.o)
 .text._ZN5daisy10QSPIHandle4Impl11WriteEnableEv
                0x08004cb4       0x88 libDaisy/build/libdaisy.a(qspi.o)
                0x08004cb4                daisy::QSPIHandle::Impl::WriteEnable()
 *fill*         0x08004d3c        0x4 
 .text._ZN5daisy10QSPIHandle4Impl17DummyCyclesConfigENS0_6Config6DeviceE
                0x08004d40      0x108 libDaisy/build/libdaisy.a(qspi.o)
                0x08004d40                daisy::QSPIHandle::Impl::DummyCyclesConfig(daisy::QSPIHandle::Config::Device)
 .text._ZN5daisy10QSPIHandle4Impl10QuadEnableEv
                0x08004e48      0x148 libDaisy/build/libdaisy.a(qspi.o)
                0x08004e48                daisy::QSPIHandle::Impl::QuadEnable()
 .text._ZN5daisy10QSPIHandle4Impl21DefaultStatusRegisterEv
                0x08004f90      0x148 libDaisy/build/libdaisy.a(qspi.o)
                0x08004f90                daisy::QSPIHandle::Impl::DefaultStatusRegister()
 .text._ZN5daisy10QSPIHandle4Impl7PreInitEm
                0x080050d8      0x190 libDaisy/build/libdaisy.a(qspi.o)
                0x080050d8                daisy::QSPIHandle::Impl::PreInit(unsigned long)
 .text._ZN5daisy10QSPIHandle4InitERKNS0_6ConfigE
                0x08005268      0x1b4 libDaisy/build/libdaisy.a(qspi.o)
                0x08005268                daisy::QSPIHandle::Init(daisy::QSPIHandle::Config const&)
 .text.HAL_QSPI_MspInit
                0x0800541c      0x190 libDaisy/build/libdaisy.a(qspi.o)
                0x0800541c                HAL_QSPI_MspInit
 .text.HAL_QSPI_MspDeInit
                0x080055ac      0x14c libDaisy/build/libdaisy.a(qspi.o)
                0x080055ac                HAL_QSPI_MspDeInit
 .text.QUADSPI_IRQHandler
                0x080056f8        0xc libDaisy/build/libdaisy.a(qspi.o)
                0x080056f8                QUADSPI_IRQHandler
 .text.startup._GLOBAL__sub_I__ZN5daisy10QSPIHandle4Impl7PreInitEm
                0x08005704       0x40 libDaisy/build/libdaisy.a(qspi.o)
 .text._ZN5daisy9SaiHandle4Impl8InitPinsEv
                0x08005744       0xc8 libDaisy/build/libdaisy.a(sai.o)
                0x08005744                daisy::SaiHandle::Impl::InitPins()
 .text.HAL_SAI_MspInit
                0x0800580c      0x2a8 libDaisy/build/libdaisy.a(sai.o)
                0x0800580c                HAL_SAI_MspInit
 .text.DMA1_Stream0_IRQHandler
                0x08005ab4        0xc libDaisy/build/libdaisy.a(sai.o)
                0x08005ab4                DMA1_Stream0_IRQHandler
 .text.DMA1_Stream1_IRQHandler
                0x08005ac0        0xc libDaisy/build/libdaisy.a(sai.o)
                0x08005ac0                DMA1_Stream1_IRQHandler
 .text.DMA1_Stream3_IRQHandler
                0x08005acc        0xc libDaisy/build/libdaisy.a(sai.o)
                0x08005acc                DMA1_Stream3_IRQHandler
 .text.DMA1_Stream4_IRQHandler
                0x08005ad8        0xc libDaisy/build/libdaisy.a(sai.o)
                0x08005ad8                DMA1_Stream4_IRQHandler
 .text.HAL_SAI_RxHalfCpltCallback
                0x08005ae4       0x78 libDaisy/build/libdaisy.a(sai.o)
                0x08005ae4                HAL_SAI_RxHalfCpltCallback
 .text.HAL_SAI_RxCpltCallback
                0x08005b5c       0x70 libDaisy/build/libdaisy.a(sai.o)
                0x08005b5c                HAL_SAI_RxCpltCallback
 *fill*         0x08005bcc        0x4 
 .text._ZN5daisy9SaiHandle4InitERKNS0_6ConfigE
                0x08005bd0      0x1fc libDaisy/build/libdaisy.a(sai.o)
                0x08005bd0                daisy::SaiHandle::Init(daisy::SaiHandle::Config const&)
 .text._ZNK5daisy9SaiHandle9GetConfigEv
                0x08005dcc        0x4 libDaisy/build/libdaisy.a(sai.o)
                0x08005dcc                daisy::SaiHandle::GetConfig() const
 .text._ZN5daisy9SaiHandle8StartDmaEPlS1_jPFvS1_S1_jE
                0x08005dd0       0xac libDaisy/build/libdaisy.a(sai.o)
                0x08005dd0                daisy::SaiHandle::StartDma(long*, long*, unsigned int, void (*)(long*, long*, unsigned int))
 .text._ZN5daisy9SaiHandle13GetSampleRateEv
                0x08005e7c       0x24 libDaisy/build/libdaisy.a(sai.o)
                0x08005e7c                daisy::SaiHandle::GetSampleRate()
 .text._ZNK5daisy9SaiHandle9GetOffsetEv
                0x08005ea0        0x8 libDaisy/build/libdaisy.a(sai.o)
                0x08005ea0                daisy::SaiHandle::GetOffset() const
 .text.startup._GLOBAL__sub_I__ZN5daisy9SaiHandle4Impl4InitERKNS0_6ConfigE
                0x08005ea8       0x20 libDaisy/build/libdaisy.a(sai.o)
 .text._ZN5daisy11TimerHandleD2Ev
                0x08005ec8        0x4 libDaisy/build/libdaisy.a(system.o)
                0x08005ec8                daisy::TimerHandle::~TimerHandle()
                0x08005ec8                daisy::TimerHandle::~TimerHandle()
 .text.SysTick_Handler
                0x08005ecc       0x10 libDaisy/build/libdaisy.a(system.o)
                0x08005ecc                SysTick_Handler
 .text.OTG_HS_EP1_OUT_IRQHandler
                0x08005edc       0x24 libDaisy/build/libdaisy.a(system.o)
                0x08005edc                OTG_HS_EP1_OUT_IRQHandler
 .text.OTG_HS_EP1_IN_IRQHandler
                0x08005f00       0x24 libDaisy/build/libdaisy.a(system.o)
                0x08005f00                OTG_HS_EP1_IN_IRQHandler
 .text.OTG_HS_IRQHandler
                0x08005f24       0x24 libDaisy/build/libdaisy.a(system.o)
                0x08005f24                OTG_HS_IRQHandler
 .text.HardFault_Handler
                0x08005f48       0xe0 libDaisy/build/libdaisy.a(system.o)
                0x08005f48                HardFault_Handler
 .text._ZN5daisy6System6GetNowEv
                0x08006028        0x4 libDaisy/build/libdaisy.a(system.o)
                0x08006028                daisy::System::GetNow()
 .text._ZN5daisy6System5DelayEm
                0x0800602c        0x4 libDaisy/build/libdaisy.a(system.o)
                0x0800602c                daisy::System::Delay(unsigned long)
 .text._ZN5daisy6System20GetBootloaderVersionEv
                0x08006030       0x34 libDaisy/build/libdaisy.a(system.o)
                0x08006030                daisy::System::GetBootloaderVersion()
 *fill*         0x08006064        0x4 
 .text._ZN5daisy6System15ConfigureClocksEv
                0x08006068      0x1ac libDaisy/build/libdaisy.a(system.o)
                0x08006068                daisy::System::ConfigureClocks()
 .text._ZN5daisy6System12ConfigureMpuEv
                0x08006214       0x7c libDaisy/build/libdaisy.a(system.o)
                0x08006214                daisy::System::ConfigureMpu()
 .text._ZN5daisy6System4InitERKNS0_6ConfigE
                0x08006290       0xf8 libDaisy/build/libdaisy.a(system.o)
                0x08006290                daisy::System::Init(daisy::System::Config const&)
 .text._ZN5daisy6System12GetPClk1FreqEv
                0x08006388        0x4 libDaisy/build/libdaisy.a(system.o)
                0x08006388                daisy::System::GetPClk1Freq()
 .text._ZN5daisy6System22GetProgramMemoryRegionEv
                0x0800638c       0x78 libDaisy/build/libdaisy.a(system.o)
                0x0800638c                daisy::System::GetProgramMemoryRegion()
 .text.startup._GLOBAL__sub_I__ZN5daisy9boot_infoE
                0x08006404       0x20 libDaisy/build/libdaisy.a(system.o)
 .text.SystemInit
                0x08006424       0x98 libDaisy/build/libdaisy.a(system_stm32h7xx.o)
                0x08006424                SystemInit
 .text.HAL_PCD_SetupStageCallback
                0x080064bc        0xc libDaisy/build/libdaisy.a(usbd_conf.o)
                0x080064bc                HAL_PCD_SetupStageCallback
 .text.HAL_PCD_DataOutStageCallback
                0x080064c8       0x14 libDaisy/build/libdaisy.a(usbd_conf.o)
                0x080064c8                HAL_PCD_DataOutStageCallback
 .text.HAL_PCD_DataInStageCallback
                0x080064dc       0x14 libDaisy/build/libdaisy.a(usbd_conf.o)
                0x080064dc                HAL_PCD_DataInStageCallback
 .text.HAL_PCD_SOFCallback
                0x080064f0        0x8 libDaisy/build/libdaisy.a(usbd_conf.o)
                0x080064f0                HAL_PCD_SOFCallback
 .text.HAL_PCD_ResetCallback
                0x080064f8       0x24 libDaisy/build/libdaisy.a(usbd_conf.o)
                0x080064f8                HAL_PCD_ResetCallback
 .text.HAL_PCD_SuspendCallback
                0x0800651c       0x30 libDaisy/build/libdaisy.a(usbd_conf.o)
                0x0800651c                HAL_PCD_SuspendCallback
 .text.HAL_PCD_ResumeCallback
                0x0800654c        0x8 libDaisy/build/libdaisy.a(usbd_conf.o)
                0x0800654c                HAL_PCD_ResumeCallback
 .text.HAL_PCD_ISOOUTIncompleteCallback
                0x08006554        0x8 libDaisy/build/libdaisy.a(usbd_conf.o)
                0x08006554                HAL_PCD_ISOOUTIncompleteCallback
 .text.HAL_PCD_ISOINIncompleteCallback
                0x0800655c        0x8 libDaisy/build/libdaisy.a(usbd_conf.o)
                0x0800655c                HAL_PCD_ISOINIncompleteCallback
 .text.HAL_PCD_ConnectCallback
                0x08006564        0x8 libDaisy/build/libdaisy.a(usbd_conf.o)
                0x08006564                HAL_PCD_ConnectCallback
 .text.HAL_PCD_DisconnectCallback
                0x0800656c        0x8 libDaisy/build/libdaisy.a(usbd_conf.o)
                0x0800656c                HAL_PCD_DisconnectCallback
 .text.USBD_LL_OpenEP
                0x08006574       0x1c libDaisy/build/libdaisy.a(usbd_conf.o)
                0x08006574                USBD_LL_OpenEP
 .text.USBD_LL_StallEP
                0x08006590       0x18 libDaisy/build/libdaisy.a(usbd_conf.o)
                0x08006590                USBD_LL_StallEP
 .text.USBD_LL_ClearStallEP
                0x080065a8       0x18 libDaisy/build/libdaisy.a(usbd_conf.o)
                0x080065a8                USBD_LL_ClearStallEP
 .text.USBD_LL_IsStallEP
                0x080065c0       0x28 libDaisy/build/libdaisy.a(usbd_conf.o)
                0x080065c0                USBD_LL_IsStallEP
 .text.USBD_LL_SetUSBAddress
                0x080065e8       0x18 libDaisy/build/libdaisy.a(usbd_conf.o)
                0x080065e8                USBD_LL_SetUSBAddress
 .text.USBD_LL_Transmit
                0x08006600       0x18 libDaisy/build/libdaisy.a(usbd_conf.o)
                0x08006600                USBD_LL_Transmit
 .text.USBD_LL_PrepareReceive
                0x08006618       0x18 libDaisy/build/libdaisy.a(usbd_conf.o)
                0x08006618                USBD_LL_PrepareReceive
 .text.HAL_HCD_SOF_Callback
                0x08006630        0x8 libDaisy/build/libdaisy.a(usbh_conf.o)
                0x08006630                HAL_HCD_SOF_Callback
 .text.HAL_HCD_Connect_Callback
                0x08006638        0x8 libDaisy/build/libdaisy.a(usbh_conf.o)
                0x08006638                HAL_HCD_Connect_Callback
 .text.HAL_HCD_Disconnect_Callback
                0x08006640        0x8 libDaisy/build/libdaisy.a(usbh_conf.o)
                0x08006640                HAL_HCD_Disconnect_Callback
 .text.HAL_HCD_HC_NotifyURBChange_Callback
                0x08006648        0x4 libDaisy/build/libdaisy.a(usbh_conf.o)
                0x08006648                HAL_HCD_HC_NotifyURBChange_Callback
 .text.HAL_HCD_PortEnabled_Callback
                0x0800664c        0x8 libDaisy/build/libdaisy.a(usbh_conf.o)
                0x0800664c                HAL_HCD_PortEnabled_Callback
 .text.HAL_HCD_PortDisabled_Callback
                0x08006654        0x8 libDaisy/build/libdaisy.a(usbh_conf.o)
                0x08006654                HAL_HCD_PortDisabled_Callback
 .text.USBH_LL_Stop
                0x0800665c       0x18 libDaisy/build/libdaisy.a(usbh_conf.o)
                0x0800665c                USBH_LL_Stop
 .text.HAL_MspInit
                0x08006674        0x4 libDaisy/build/libdaisy.a(stm32h7xx_hal.o)
                0x08006674                HAL_MspInit
 .text.HAL_InitTick
                0x08006678       0x4c libDaisy/build/libdaisy.a(stm32h7xx_hal.o)
                0x08006678                HAL_InitTick
 .text.HAL_Init
                0x080066c4       0x60 libDaisy/build/libdaisy.a(stm32h7xx_hal.o)
                0x080066c4                HAL_Init
 .text.HAL_IncTick
                0x08006724       0x18 libDaisy/build/libdaisy.a(stm32h7xx_hal.o)
                0x08006724                HAL_IncTick
 .text.HAL_GetTick
                0x0800673c        0xc libDaisy/build/libdaisy.a(stm32h7xx_hal.o)
                0x0800673c                HAL_GetTick
 .text.HAL_Delay
                0x08006748       0x24 libDaisy/build/libdaisy.a(stm32h7xx_hal.o)
                0x08006748                HAL_Delay
 .text.HAL_GetREVID
                0x0800676c        0xc libDaisy/build/libdaisy.a(stm32h7xx_hal.o)
                0x0800676c                HAL_GetREVID
 .text.HAL_NVIC_SetPriorityGrouping
                0x08006778       0x24 libDaisy/build/libdaisy.a(stm32h7xx_hal_cortex.o)
                0x08006778                HAL_NVIC_SetPriorityGrouping
 .text.HAL_NVIC_SetPriority
                0x0800679c       0x78 libDaisy/build/libdaisy.a(stm32h7xx_hal_cortex.o)
                0x0800679c                HAL_NVIC_SetPriority
 .text.HAL_NVIC_EnableIRQ
                0x08006814       0x1c libDaisy/build/libdaisy.a(stm32h7xx_hal_cortex.o)
                0x08006814                HAL_NVIC_EnableIRQ
 .text.HAL_NVIC_DisableIRQ
                0x08006830       0x24 libDaisy/build/libdaisy.a(stm32h7xx_hal_cortex.o)
                0x08006830                HAL_NVIC_DisableIRQ
 .text.HAL_SYSTICK_Config
                0x08006854       0x2c libDaisy/build/libdaisy.a(stm32h7xx_hal_cortex.o)
                0x08006854                HAL_SYSTICK_Config
 .text.HAL_MPU_Disable
                0x08006880       0x1c libDaisy/build/libdaisy.a(stm32h7xx_hal_cortex.o)
                0x08006880                HAL_MPU_Disable
 .text.HAL_MPU_Enable
                0x0800689c       0x20 libDaisy/build/libdaisy.a(stm32h7xx_hal_cortex.o)
                0x0800689c                HAL_MPU_Enable
 .text.HAL_MPU_ConfigRegion
                0x080068bc       0x64 libDaisy/build/libdaisy.a(stm32h7xx_hal_cortex.o)
                0x080068bc                HAL_MPU_ConfigRegion
 .text.HAL_SYSTICK_Callback
                0x08006920        0x4 libDaisy/build/libdaisy.a(stm32h7xx_hal_cortex.o)
                0x08006920                HAL_SYSTICK_Callback
 .text.HAL_SYSTICK_IRQHandler
                0x08006924        0x8 libDaisy/build/libdaisy.a(stm32h7xx_hal_cortex.o)
                0x08006924                HAL_SYSTICK_IRQHandler
 .text.DMA_CalcBaseAndBitshift
                0x0800692c      0x100 libDaisy/build/libdaisy.a(stm32h7xx_hal_dma.o)
 .text.DMA_CalcDMAMUXChannelBaseAndMask
                0x08006a2c       0xd4 libDaisy/build/libdaisy.a(stm32h7xx_hal_dma.o)
 .text.HAL_DMA_Init
                0x08006b00      0x520 libDaisy/build/libdaisy.a(stm32h7xx_hal_dma.o)
                0x08006b00                HAL_DMA_Init
 .text.HAL_DMA_Start_IT
                0x08007020      0x62c libDaisy/build/libdaisy.a(stm32h7xx_hal_dma.o)
                0x08007020                HAL_DMA_Start_IT
 .text.HAL_DMA_Abort
                0x0800764c      0x36c libDaisy/build/libdaisy.a(stm32h7xx_hal_dma.o)
                0x0800764c                HAL_DMA_Abort
 .text.HAL_DMA_Abort_IT
                0x080079b8      0x198 libDaisy/build/libdaisy.a(stm32h7xx_hal_dma.o)
                0x080079b8                HAL_DMA_Abort_IT
 .text.HAL_DMA_IRQHandler
                0x08007b50      0x424 libDaisy/build/libdaisy.a(stm32h7xx_hal_dma.o)
                0x08007b50                HAL_DMA_IRQHandler
 .text.HAL_DMA_GetError
                0x08007f74        0x4 libDaisy/build/libdaisy.a(stm32h7xx_hal_dma.o)
                0x08007f74                HAL_DMA_GetError
 .text.HAL_GPIO_Init
                0x08007f78      0x408 libDaisy/build/libdaisy.a(stm32h7xx_hal_gpio.o)
                0x08007f78                HAL_GPIO_Init
 .text.HAL_GPIO_DeInit
                0x08008380      0x260 libDaisy/build/libdaisy.a(stm32h7xx_hal_gpio.o)
                0x08008380                HAL_GPIO_DeInit
 .text.HAL_GPIO_ReadPin
                0x080085e0        0xc libDaisy/build/libdaisy.a(stm32h7xx_hal_gpio.o)
                0x080085e0                HAL_GPIO_ReadPin
 .text.HAL_GPIO_WritePin
                0x080085ec        0x8 libDaisy/build/libdaisy.a(stm32h7xx_hal_gpio.o)
                0x080085ec                HAL_GPIO_WritePin
 .text.HAL_HCD_IRQHandler
                0x080085f4      0xa40 libDaisy/build/libdaisy.a(stm32h7xx_hal_hcd.o)
                0x080085f4                HAL_HCD_IRQHandler
 .text.HAL_HCD_Stop
                0x08009034       0x28 libDaisy/build/libdaisy.a(stm32h7xx_hal_hcd.o)
                0x08009034                HAL_HCD_Stop
 .text.I2C_WaitOnTXISFlagUntilTimeout
                0x0800905c      0x17c libDaisy/build/libdaisy.a(stm32h7xx_hal_i2c.o)
 .text.I2C_WaitOnSTOPFlagUntilTimeout
                0x080091d8      0x198 libDaisy/build/libdaisy.a(stm32h7xx_hal_i2c.o)
 .text.HAL_I2C_Init
                0x08009370       0xac libDaisy/build/libdaisy.a(stm32h7xx_hal_i2c.o)
                0x08009370                HAL_I2C_Init
 .text.HAL_I2C_Master_Transmit
                0x0800941c      0x398 libDaisy/build/libdaisy.a(stm32h7xx_hal_i2c.o)
                0x0800941c                HAL_I2C_Master_Transmit
 .text.HAL_I2C_Slave_Transmit
                0x080097b4      0x27c libDaisy/build/libdaisy.a(stm32h7xx_hal_i2c.o)
                0x080097b4                HAL_I2C_Slave_Transmit
 .text.HAL_I2C_EV_IRQHandler
                0x08009a30       0x10 libDaisy/build/libdaisy.a(stm32h7xx_hal_i2c.o)
                0x08009a30                HAL_I2C_EV_IRQHandler
 .text.HAL_I2C_GetState
                0x08009a40        0x8 libDaisy/build/libdaisy.a(stm32h7xx_hal_i2c.o)
                0x08009a40                HAL_I2C_GetState
 .text.HAL_I2CEx_ConfigAnalogFilter
                0x08009a48       0x54 libDaisy/build/libdaisy.a(stm32h7xx_hal_i2c_ex.o)
                0x08009a48                HAL_I2CEx_ConfigAnalogFilter
 .text.HAL_I2CEx_ConfigDigitalFilter
                0x08009a9c       0x58 libDaisy/build/libdaisy.a(stm32h7xx_hal_i2c_ex.o)
                0x08009a9c                HAL_I2CEx_ConfigDigitalFilter
 .text.HAL_PCD_IRQHandler
                0x08009af4      0xb6c libDaisy/build/libdaisy.a(stm32h7xx_hal_pcd.o)
                0x08009af4                HAL_PCD_IRQHandler
 .text.HAL_PCD_SetAddress
                0x0800a660       0x2c libDaisy/build/libdaisy.a(stm32h7xx_hal_pcd.o)
                0x0800a660                HAL_PCD_SetAddress
 .text.HAL_PCD_EP_Open
                0x0800a68c       0x70 libDaisy/build/libdaisy.a(stm32h7xx_hal_pcd.o)
                0x0800a68c                HAL_PCD_EP_Open
 .text.HAL_PCD_EP_Receive
                0x0800a6fc       0x44 libDaisy/build/libdaisy.a(stm32h7xx_hal_pcd.o)
                0x0800a6fc                HAL_PCD_EP_Receive
 .text.HAL_PCD_EP_Transmit
                0x0800a740       0x44 libDaisy/build/libdaisy.a(stm32h7xx_hal_pcd.o)
                0x0800a740                HAL_PCD_EP_Transmit
 .text.HAL_PCD_EP_SetStall
                0x0800a784       0x84 libDaisy/build/libdaisy.a(stm32h7xx_hal_pcd.o)
                0x0800a784                HAL_PCD_EP_SetStall
 .text.HAL_PCD_EP_ClrStall
                0x0800a808       0x70 libDaisy/build/libdaisy.a(stm32h7xx_hal_pcd.o)
                0x0800a808                HAL_PCD_EP_ClrStall
 .text.HAL_PCDEx_LPM_Callback
                0x0800a878        0x4 libDaisy/build/libdaisy.a(stm32h7xx_hal_pcd_ex.o)
                0x0800a878                HAL_PCDEx_LPM_Callback
 .text.HAL_PWREx_ConfigSupply
                0x0800a87c       0x48 libDaisy/build/libdaisy.a(stm32h7xx_hal_pwr_ex.o)
                0x0800a87c                HAL_PWREx_ConfigSupply
 .text.HAL_PWREx_EnableUSBVoltageDetector
                0x0800a8c4       0x10 libDaisy/build/libdaisy.a(stm32h7xx_hal_pwr_ex.o)
                0x0800a8c4                HAL_PWREx_EnableUSBVoltageDetector
 .text.QSPI_Config
                0x0800a8d4      0x188 libDaisy/build/libdaisy.a(stm32h7xx_hal_qspi.o)
 .text.HAL_QSPI_Init
                0x0800aa5c       0xc8 libDaisy/build/libdaisy.a(stm32h7xx_hal_qspi.o)
                0x0800aa5c                HAL_QSPI_Init
 .text.HAL_QSPI_DeInit
                0x0800ab24       0x24 libDaisy/build/libdaisy.a(stm32h7xx_hal_qspi.o)
                0x0800ab24                HAL_QSPI_DeInit
 .text.HAL_QSPI_Command
                0x0800ab48       0xf8 libDaisy/build/libdaisy.a(stm32h7xx_hal_qspi.o)
                0x0800ab48                HAL_QSPI_Command
 .text.HAL_QSPI_Transmit
                0x0800ac40      0x11c libDaisy/build/libdaisy.a(stm32h7xx_hal_qspi.o)
                0x0800ac40                HAL_QSPI_Transmit
 .text.HAL_QSPI_Receive
                0x0800ad5c      0x124 libDaisy/build/libdaisy.a(stm32h7xx_hal_qspi.o)
                0x0800ad5c                HAL_QSPI_Receive
 .text.HAL_QSPI_AutoPolling
                0x0800ae80      0x11c libDaisy/build/libdaisy.a(stm32h7xx_hal_qspi.o)
                0x0800ae80                HAL_QSPI_AutoPolling
 .text.HAL_QSPI_MemoryMapped
                0x0800af9c       0xc4 libDaisy/build/libdaisy.a(stm32h7xx_hal_qspi.o)
                0x0800af9c                HAL_QSPI_MemoryMapped
 .text.HAL_QSPI_ErrorCallback
                0x0800b060        0x4 libDaisy/build/libdaisy.a(stm32h7xx_hal_qspi.o)
                0x0800b060                HAL_QSPI_ErrorCallback
 .text.QSPI_DMAAbortCplt
                0x0800b064       0x38 libDaisy/build/libdaisy.a(stm32h7xx_hal_qspi.o)
 .text.HAL_QSPI_AbortCpltCallback
                0x0800b09c        0x4 libDaisy/build/libdaisy.a(stm32h7xx_hal_qspi.o)
                0x0800b09c                HAL_QSPI_AbortCpltCallback
 .text.HAL_QSPI_CmdCpltCallback
                0x0800b0a0        0x4 libDaisy/build/libdaisy.a(stm32h7xx_hal_qspi.o)
                0x0800b0a0                HAL_QSPI_CmdCpltCallback
 .text.HAL_QSPI_RxCpltCallback
                0x0800b0a4        0x4 libDaisy/build/libdaisy.a(stm32h7xx_hal_qspi.o)
                0x0800b0a4                HAL_QSPI_RxCpltCallback
 .text.HAL_QSPI_TxCpltCallback
                0x0800b0a8        0x4 libDaisy/build/libdaisy.a(stm32h7xx_hal_qspi.o)
                0x0800b0a8                HAL_QSPI_TxCpltCallback
 .text.HAL_QSPI_FifoThresholdCallback
                0x0800b0ac        0x4 libDaisy/build/libdaisy.a(stm32h7xx_hal_qspi.o)
                0x0800b0ac                HAL_QSPI_FifoThresholdCallback
 .text.HAL_QSPI_StatusMatchCallback
                0x0800b0b0        0x4 libDaisy/build/libdaisy.a(stm32h7xx_hal_qspi.o)
                0x0800b0b0                HAL_QSPI_StatusMatchCallback
 .text.HAL_QSPI_TimeOutCallback
                0x0800b0b4        0x4 libDaisy/build/libdaisy.a(stm32h7xx_hal_qspi.o)
                0x0800b0b4                HAL_QSPI_TimeOutCallback
 .text.HAL_QSPI_IRQHandler
                0x0800b0b8      0x210 libDaisy/build/libdaisy.a(stm32h7xx_hal_qspi.o)
                0x0800b0b8                HAL_QSPI_IRQHandler
 .text.HAL_RCC_GetSysClockFreq.part.0
                0x0800b2c8       0xe4 libDaisy/build/libdaisy.a(stm32h7xx_hal_rcc.o)
 .text.HAL_RCC_OscConfig
                0x0800b3ac      0x5e0 libDaisy/build/libdaisy.a(stm32h7xx_hal_rcc.o)
                0x0800b3ac                HAL_RCC_OscConfig
 .text.HAL_RCC_GetSysClockFreq
                0x0800b98c      0x11c libDaisy/build/libdaisy.a(stm32h7xx_hal_rcc.o)
                0x0800b98c                HAL_RCC_GetSysClockFreq
 .text.HAL_RCC_ClockConfig
                0x0800baa8      0x254 libDaisy/build/libdaisy.a(stm32h7xx_hal_rcc.o)
                0x0800baa8                HAL_RCC_ClockConfig
 .text.HAL_RCC_GetHCLKFreq
                0x0800bcfc       0x80 libDaisy/build/libdaisy.a(stm32h7xx_hal_rcc.o)
                0x0800bcfc                HAL_RCC_GetHCLKFreq
 .text.HAL_RCC_GetPCLK1Freq
                0x0800bd7c       0x90 libDaisy/build/libdaisy.a(stm32h7xx_hal_rcc.o)
                0x0800bd7c                HAL_RCC_GetPCLK1Freq
 .text.HAL_RCC_GetPCLK2Freq
                0x0800be0c       0x90 libDaisy/build/libdaisy.a(stm32h7xx_hal_rcc.o)
                0x0800be0c                HAL_RCC_GetPCLK2Freq
 .text.RCCEx_PLL2_Config.part.0
                0x0800be9c       0xe0 libDaisy/build/libdaisy.a(stm32h7xx_hal_rcc_ex.o)
 .text.RCCEx_PLL3_Config.part.0
                0x0800bf7c       0xe0 libDaisy/build/libdaisy.a(stm32h7xx_hal_rcc_ex.o)
 .text.HAL_RCCEx_PeriphCLKConfig
                0x0800c05c      0xe6c libDaisy/build/libdaisy.a(stm32h7xx_hal_rcc_ex.o)
                0x0800c05c                HAL_RCCEx_PeriphCLKConfig
 .text.HAL_RCCEx_GetD3PCLK1Freq
                0x0800cec8       0x24 libDaisy/build/libdaisy.a(stm32h7xx_hal_rcc_ex.o)
                0x0800cec8                HAL_RCCEx_GetD3PCLK1Freq
 .text.HAL_RCCEx_GetPLL2ClockFreq
                0x0800ceec      0x134 libDaisy/build/libdaisy.a(stm32h7xx_hal_rcc_ex.o)
                0x0800ceec                HAL_RCCEx_GetPLL2ClockFreq
 .text.HAL_RCCEx_GetPLL3ClockFreq
                0x0800d020      0x134 libDaisy/build/libdaisy.a(stm32h7xx_hal_rcc_ex.o)
                0x0800d020                HAL_RCCEx_GetPLL3ClockFreq
 .text.HAL_RCCEx_GetPLL1ClockFreq
                0x0800d154      0x134 libDaisy/build/libdaisy.a(stm32h7xx_hal_rcc_ex.o)
                0x0800d154                HAL_RCCEx_GetPLL1ClockFreq
 .text.HAL_RCCEx_GetPeriphCLKFreq
                0x0800d288      0x6f8 libDaisy/build/libdaisy.a(stm32h7xx_hal_rcc_ex.o)
                0x0800d288                HAL_RCCEx_GetPeriphCLKFreq
 .text.HAL_SAI_Init
                0x0800d980      0x3c8 libDaisy/build/libdaisy.a(stm32h7xx_hal_sai.o)
                0x0800d980                HAL_SAI_Init
 .text.HAL_SAI_InitProtocol
                0x0800dd48      0x138 libDaisy/build/libdaisy.a(stm32h7xx_hal_sai.o)
                0x0800dd48                HAL_SAI_InitProtocol
 .text.HAL_SAI_Transmit_DMA
                0x0800de80      0x110 libDaisy/build/libdaisy.a(stm32h7xx_hal_sai.o)
                0x0800de80                HAL_SAI_Transmit_DMA
 .text.HAL_SAI_Receive_DMA
                0x0800df90       0xc4 libDaisy/build/libdaisy.a(stm32h7xx_hal_sai.o)
                0x0800df90                HAL_SAI_Receive_DMA
 .text.HAL_SAI_TxCpltCallback
                0x0800e054        0x4 libDaisy/build/libdaisy.a(stm32h7xx_hal_sai.o)
                0x0800e054                HAL_SAI_TxCpltCallback
 .text.SAI_DMATxCplt
                0x0800e058       0x5c libDaisy/build/libdaisy.a(stm32h7xx_hal_sai.o)
 .text.HAL_SAI_TxHalfCpltCallback
                0x0800e0b4        0x4 libDaisy/build/libdaisy.a(stm32h7xx_hal_sai.o)
                0x0800e0b4                HAL_SAI_TxHalfCpltCallback
 .text.SAI_DMATxHalfCplt
                0x0800e0b8        0xc libDaisy/build/libdaisy.a(stm32h7xx_hal_sai.o)
 .text.SAI_DMARxCplt
                0x0800e0c4       0x5c libDaisy/build/libdaisy.a(stm32h7xx_hal_sai.o)
 .text.SAI_DMARxHalfCplt
                0x0800e120        0xc libDaisy/build/libdaisy.a(stm32h7xx_hal_sai.o)
 .text.HAL_SAI_ErrorCallback
                0x0800e12c        0x4 libDaisy/build/libdaisy.a(stm32h7xx_hal_sai.o)
                0x0800e12c                HAL_SAI_ErrorCallback
 .text.SAI_DMAError
                0x0800e130       0x6c libDaisy/build/libdaisy.a(stm32h7xx_hal_sai.o)
 .text.HAL_SDRAM_Init
                0x0800e19c       0x54 libDaisy/build/libdaisy.a(stm32h7xx_hal_sdram.o)
                0x0800e19c                HAL_SDRAM_Init
 .text.HAL_SDRAM_SendCommand
                0x0800e1f0       0x40 libDaisy/build/libdaisy.a(stm32h7xx_hal_sdram.o)
                0x0800e1f0                HAL_SDRAM_SendCommand
 .text.HAL_SDRAM_ProgramRefreshRate
                0x0800e230       0x30 libDaisy/build/libdaisy.a(stm32h7xx_hal_sdram.o)
                0x0800e230                HAL_SDRAM_ProgramRefreshRate
 .text.FMC_SDRAM_Init
                0x0800e260       0x6c libDaisy/build/libdaisy.a(stm32h7xx_ll_fmc.o)
                0x0800e260                FMC_SDRAM_Init
 .text.FMC_SDRAM_Timing_Init
                0x0800e2cc       0x7c libDaisy/build/libdaisy.a(stm32h7xx_ll_fmc.o)
                0x0800e2cc                FMC_SDRAM_Timing_Init
 .text.FMC_SDRAM_SendCommand
                0x0800e348       0x34 libDaisy/build/libdaisy.a(stm32h7xx_ll_fmc.o)
                0x0800e348                FMC_SDRAM_SendCommand
 .text.FMC_SDRAM_ProgramRefreshRate
                0x0800e37c       0x14 libDaisy/build/libdaisy.a(stm32h7xx_ll_fmc.o)
                0x0800e37c                FMC_SDRAM_ProgramRefreshRate
 .text.USB_SetTurnaroundTime
                0x0800e390       0xf4 libDaisy/build/libdaisy.a(stm32h7xx_ll_usb.o)
                0x0800e390                USB_SetTurnaroundTime
 .text.USB_FlushTxFifo
                0x0800e484       0x54 libDaisy/build/libdaisy.a(stm32h7xx_ll_usb.o)
                0x0800e484                USB_FlushTxFifo
 .text.USB_FlushRxFifo
                0x0800e4d8       0x50 libDaisy/build/libdaisy.a(stm32h7xx_ll_usb.o)
                0x0800e4d8                USB_FlushRxFifo
 .text.USB_GetDevSpeed
                0x0800e528       0x18 libDaisy/build/libdaisy.a(stm32h7xx_ll_usb.o)
                0x0800e528                USB_GetDevSpeed
 .text.USB_ActivateEndpoint
                0x0800e540       0x8c libDaisy/build/libdaisy.a(stm32h7xx_ll_usb.o)
                0x0800e540                USB_ActivateEndpoint
 .text.USB_EPStartXfer
                0x0800e5cc      0x23c libDaisy/build/libdaisy.a(stm32h7xx_ll_usb.o)
                0x0800e5cc                USB_EPStartXfer
 .text.USB_EPStopXfer
                0x0800e808       0x94 libDaisy/build/libdaisy.a(stm32h7xx_ll_usb.o)
                0x0800e808                USB_EPStopXfer
 .text.USB_WritePacket
                0x0800e89c       0x2c libDaisy/build/libdaisy.a(stm32h7xx_ll_usb.o)
                0x0800e89c                USB_WritePacket
 .text.USB_ReadPacket
                0x0800e8c8       0x4c libDaisy/build/libdaisy.a(stm32h7xx_ll_usb.o)
                0x0800e8c8                USB_ReadPacket
 .text.USB_EPSetStall
                0x0800e914       0x70 libDaisy/build/libdaisy.a(stm32h7xx_ll_usb.o)
                0x0800e914                USB_EPSetStall
 .text.USB_EPClearStall
                0x0800e984       0x58 libDaisy/build/libdaisy.a(stm32h7xx_ll_usb.o)
                0x0800e984                USB_EPClearStall
 .text.USB_SetDevAddress
                0x0800e9dc       0x24 libDaisy/build/libdaisy.a(stm32h7xx_ll_usb.o)
                0x0800e9dc                USB_SetDevAddress
 .text.USB_ReadInterrupts
                0x0800ea00        0x8 libDaisy/build/libdaisy.a(stm32h7xx_ll_usb.o)
                0x0800ea00                USB_ReadInterrupts
 .text.USB_ReadChInterrupts
                0x0800ea08       0x10 libDaisy/build/libdaisy.a(stm32h7xx_ll_usb.o)
                0x0800ea08                USB_ReadChInterrupts
 .text.USB_ReadDevAllOutEpInterrupt
                0x0800ea18       0x10 libDaisy/build/libdaisy.a(stm32h7xx_ll_usb.o)
                0x0800ea18                USB_ReadDevAllOutEpInterrupt
 .text.USB_ReadDevAllInEpInterrupt
                0x0800ea28       0x10 libDaisy/build/libdaisy.a(stm32h7xx_ll_usb.o)
                0x0800ea28                USB_ReadDevAllInEpInterrupt
 .text.USB_ReadDevOutEPInterrupt
                0x0800ea38       0x10 libDaisy/build/libdaisy.a(stm32h7xx_ll_usb.o)
                0x0800ea38                USB_ReadDevOutEPInterrupt
 .text.USB_ReadDevInEPInterrupt
                0x0800ea48       0x20 libDaisy/build/libdaisy.a(stm32h7xx_ll_usb.o)
                0x0800ea48                USB_ReadDevInEPInterrupt
 .text.USB_GetMode
                0x0800ea68        0x8 libDaisy/build/libdaisy.a(stm32h7xx_ll_usb.o)
                0x0800ea68                USB_GetMode
 .text.USB_ActivateSetup
                0x0800ea70       0x20 libDaisy/build/libdaisy.a(stm32h7xx_ll_usb.o)
                0x0800ea70                USB_ActivateSetup
 .text.USB_EP0_OutStart
                0x0800ea90       0x50 libDaisy/build/libdaisy.a(stm32h7xx_ll_usb.o)
                0x0800ea90                USB_EP0_OutStart
 .text.USB_InitFSLSPClkSel
                0x0800eae0       0x44 libDaisy/build/libdaisy.a(stm32h7xx_ll_usb.o)
                0x0800eae0                USB_InitFSLSPClkSel
 .text.USB_HC_ReadInterrupt
                0x0800eb24        0x8 libDaisy/build/libdaisy.a(stm32h7xx_ll_usb.o)
                0x0800eb24                USB_HC_ReadInterrupt
 .text.USB_HC_Halt
                0x0800eb2c       0xd4 libDaisy/build/libdaisy.a(stm32h7xx_ll_usb.o)
                0x0800eb2c                USB_HC_Halt
 .text.USB_StopHost
                0x0800ec00      0x1ec libDaisy/build/libdaisy.a(stm32h7xx_ll_usb.o)
                0x0800ec00                USB_StopHost
 .text.USBD_SetClassConfig
                0x0800edec       0x10 libDaisy/build/libdaisy.a(usbd_core.o)
                0x0800edec                USBD_SetClassConfig
 .text.USBD_ClrClassConfig
                0x0800edfc       0x14 libDaisy/build/libdaisy.a(usbd_core.o)
                0x0800edfc                USBD_ClrClassConfig
 .text.USBD_LL_SetupStage
                0x0800ee10       0x60 libDaisy/build/libdaisy.a(usbd_core.o)
                0x0800ee10                USBD_LL_SetupStage
 .text.USBD_LL_DataOutStage
                0x0800ee70       0x74 libDaisy/build/libdaisy.a(usbd_core.o)
                0x0800ee70                USBD_LL_DataOutStage
 .text.USBD_LL_DataInStage
                0x0800eee4       0xc0 libDaisy/build/libdaisy.a(usbd_core.o)
                0x0800eee4                USBD_LL_DataInStage
 .text.USBD_LL_Reset
                0x0800efa4       0x5c libDaisy/build/libdaisy.a(usbd_core.o)
                0x0800efa4                USBD_LL_Reset
 .text.USBD_LL_SetSpeed
                0x0800f000        0x8 libDaisy/build/libdaisy.a(usbd_core.o)
                0x0800f000                USBD_LL_SetSpeed
 .text.USBD_LL_Suspend
                0x0800f008       0x20 libDaisy/build/libdaisy.a(usbd_core.o)
                0x0800f008                USBD_LL_Suspend
 .text.USBD_LL_Resume
                0x0800f028       0x18 libDaisy/build/libdaisy.a(usbd_core.o)
                0x0800f028                USBD_LL_Resume
 .text.USBD_LL_SOF
                0x0800f040       0x20 libDaisy/build/libdaisy.a(usbd_core.o)
                0x0800f040                USBD_LL_SOF
 .text.USBD_LL_IsoINIncomplete
                0x0800f060       0x2c libDaisy/build/libdaisy.a(usbd_core.o)
                0x0800f060                USBD_LL_IsoINIncomplete
 .text.USBD_LL_IsoOUTIncomplete
                0x0800f08c       0x2c libDaisy/build/libdaisy.a(usbd_core.o)
                0x0800f08c                USBD_LL_IsoOUTIncomplete
 .text.USBD_LL_DevConnected
                0x0800f0b8        0x4 libDaisy/build/libdaisy.a(usbd_core.o)
                0x0800f0b8                USBD_LL_DevConnected
 .text.USBD_LL_DevDisconnected
                0x0800f0bc       0x24 libDaisy/build/libdaisy.a(usbd_core.o)
                0x0800f0bc                USBD_LL_DevDisconnected
 .text.USBD_CoreFindIF
                0x0800f0e0        0x4 libDaisy/build/libdaisy.a(usbd_core.o)
                0x0800f0e0                USBD_CoreFindIF
 .text.USBD_CoreFindEP
                0x0800f0e4        0x4 libDaisy/build/libdaisy.a(usbd_core.o)
                0x0800f0e4                USBD_CoreFindEP
 .text.USBD_StdDevReq
                0x0800f0e8      0x350 libDaisy/build/libdaisy.a(usbd_ctlreq.o)
                0x0800f0e8                USBD_StdDevReq
 .text.USBD_StdItfReq
                0x0800f438       0x80 libDaisy/build/libdaisy.a(usbd_ctlreq.o)
                0x0800f438                USBD_StdItfReq
 .text.USBD_StdEPReq
                0x0800f4b8      0x15c libDaisy/build/libdaisy.a(usbd_ctlreq.o)
                0x0800f4b8                USBD_StdEPReq
 .text.USBD_ParseSetupRequest
                0x0800f614       0x18 libDaisy/build/libdaisy.a(usbd_ctlreq.o)
                0x0800f614                USBD_ParseSetupRequest
 .text.USBD_CtlSendData
                0x0800f62c       0x1c libDaisy/build/libdaisy.a(usbd_ioreq.o)
                0x0800f62c                USBD_CtlSendData
 .text.USBD_CtlContinueSendData
                0x0800f648       0x14 libDaisy/build/libdaisy.a(usbd_ioreq.o)
                0x0800f648                USBD_CtlContinueSendData
 .text.USBD_CtlContinueRx
                0x0800f65c       0x14 libDaisy/build/libdaisy.a(usbd_ioreq.o)
                0x0800f65c                USBD_CtlContinueRx
 .text.USBD_CtlSendStatus
                0x0800f670       0x18 libDaisy/build/libdaisy.a(usbd_ioreq.o)
                0x0800f670                USBD_CtlSendStatus
 .text.USBD_CtlReceiveStatus
                0x0800f688       0x18 libDaisy/build/libdaisy.a(usbd_ioreq.o)
                0x0800f688                USBD_CtlReceiveStatus
 .text.USBH_LL_IncTimer
                0x0800f6a0       0x20 libDaisy/build/libdaisy.a(usbh_core.o)
                0x0800f6a0                USBH_LL_IncTimer
 .text.USBH_LL_PortEnabled
                0x0800f6c0        0x8 libDaisy/build/libdaisy.a(usbh_core.o)
                0x0800f6c0                USBH_LL_PortEnabled
 .text.USBH_LL_PortDisabled
                0x0800f6c8        0x8 libDaisy/build/libdaisy.a(usbh_core.o)
                0x0800f6c8                USBH_LL_PortDisabled
 .text.USBH_LL_Connect
                0x0800f6d0       0x18 libDaisy/build/libdaisy.a(usbh_core.o)
                0x0800f6d0                USBH_LL_Connect
 .text.USBH_LL_Disconnect
                0x0800f6e8       0x2c libDaisy/build/libdaisy.a(usbh_core.o)
                0x0800f6e8                USBH_LL_Disconnect
 .text.USBH_FreePipe
                0x0800f714       0x18 libDaisy/build/libdaisy.a(usbh_pipes.o)
                0x0800f714                USBH_FreePipe
 .text._ZN5daisy6Random4InitEv
                0x0800f72c       0x3c libDaisy/build/libdaisy.a(rng.o)
                0x0800f72c                daisy::Random::Init()
 .text._ZN5daisy9SpiHandle4Impl7InitDmaEv
                0x0800f768       0xec libDaisy/build/libdaisy.a(spi.o)
                0x0800f768                daisy::SpiHandle::Impl::InitDma()
 .text._ZN5daisy9SpiHandle4Impl10StartDmaTxEPhjPFvPvEPFvS3_NS0_6ResultEES3_
                0x0800f854       0x84 libDaisy/build/libdaisy.a(spi.o)
                0x0800f854                daisy::SpiHandle::Impl::StartDmaTx(unsigned char*, unsigned int, void (*)(void*), void (*)(void*, daisy::SpiHandle::Result), void*)
 .text._ZN5daisy9SpiHandle4Impl10StartDmaRxEPhjPFvPvEPFvS3_NS0_6ResultEES3_
                0x0800f8d8       0x84 libDaisy/build/libdaisy.a(spi.o)
                0x0800f8d8                daisy::SpiHandle::Impl::StartDmaRx(unsigned char*, unsigned int, void (*)(void*), void (*)(void*, daisy::SpiHandle::Result), void*)
 .text._ZN5daisy9SpiHandle4Impl12StartDmaRxTxEPhS2_jPFvPvEPFvS3_NS0_6ResultEES3_
                0x0800f95c       0x88 libDaisy/build/libdaisy.a(spi.o)
                0x0800f95c                daisy::SpiHandle::Impl::StartDmaRxTx(unsigned char*, unsigned char*, unsigned int, void (*)(void*), void (*)(void*, daisy::SpiHandle::Result), void*)
 .text._ZN5daisy9SpiHandle4Impl8InitPinsEv
                0x0800f9e4      0x21c libDaisy/build/libdaisy.a(spi.o)
                0x0800f9e4                daisy::SpiHandle::Impl::InitPins()
 .text.HAL_SPI_MspInit
                0x0800fc00      0x6e8 libDaisy/build/libdaisy.a(spi.o)
                0x0800fc00                HAL_SPI_MspInit
 .text.dsy_spi_global_init
                0x080102e8       0x80 libDaisy/build/libdaisy.a(spi.o)
                0x080102e8                dsy_spi_global_init
 .text.SPI1_IRQHandler
                0x08010368        0xc libDaisy/build/libdaisy.a(spi.o)
                0x08010368                SPI1_IRQHandler
 .text.SPI2_IRQHandler
                0x08010374        0xc libDaisy/build/libdaisy.a(spi.o)
                0x08010374                SPI2_IRQHandler
 .text.SPI3_IRQHandler
                0x08010380        0xc libDaisy/build/libdaisy.a(spi.o)
                0x08010380                SPI3_IRQHandler
 .text.SPI4_IRQHandler
                0x0801038c        0xc libDaisy/build/libdaisy.a(spi.o)
                0x0801038c                SPI4_IRQHandler
 .text.SPI5_IRQHandler
                0x08010398        0xc libDaisy/build/libdaisy.a(spi.o)
                0x08010398                SPI5_IRQHandler
 .text.DMA2_Stream2_IRQHandler
                0x080103a4       0x34 libDaisy/build/libdaisy.a(spi.o)
                0x080103a4                DMA2_Stream2_IRQHandler
 .text.DMA2_Stream3_IRQHandler
                0x080103d8       0x34 libDaisy/build/libdaisy.a(spi.o)
                0x080103d8                DMA2_Stream3_IRQHandler
 .text.HAL_SPI_TxCpltCallback
                0x0801040c       0xc0 libDaisy/build/libdaisy.a(spi.o)
                0x0801040c                HAL_SPI_TxCpltCallback
 .text.HAL_SPI_RxCpltCallback
                0x080104cc       0xc0 libDaisy/build/libdaisy.a(spi.o)
                0x080104cc                HAL_SPI_RxCpltCallback
 .text.HAL_SPI_TxRxCpltCallback
                0x0801058c       0xc0 libDaisy/build/libdaisy.a(spi.o)
                0x0801058c                HAL_SPI_TxRxCpltCallback
 .text.HAL_SPI_ErrorCallback
                0x0801064c       0xc8 libDaisy/build/libdaisy.a(spi.o)
                0x0801064c                HAL_SPI_ErrorCallback
 .text.startup._GLOBAL__sub_I__Z19MapInstanceToHandleP11SPI_TypeDef
                0x08010714      0x1d8 libDaisy/build/libdaisy.a(spi.o)
 .text.HAL_TIM_Base_MspInit
                0x080108ec      0x19c libDaisy/build/libdaisy.a(tim.o)
                0x080108ec                HAL_TIM_Base_MspInit
 .text.HAL_TIM_PeriodElapsedCallback
                0x08010a88       0x44 libDaisy/build/libdaisy.a(tim.o)
                0x08010a88                HAL_TIM_PeriodElapsedCallback
 .text.TIM2_IRQHandler
                0x08010acc        0xc libDaisy/build/libdaisy.a(tim.o)
                0x08010acc                TIM2_IRQHandler
 .text.TIM3_IRQHandler
                0x08010ad8        0xc libDaisy/build/libdaisy.a(tim.o)
                0x08010ad8                TIM3_IRQHandler
 .text.TIM4_IRQHandler
                0x08010ae4        0xc libDaisy/build/libdaisy.a(tim.o)
                0x08010ae4                TIM4_IRQHandler
 .text.TIM5_IRQHandler
                0x08010af0        0xc libDaisy/build/libdaisy.a(tim.o)
                0x08010af0                TIM5_IRQHandler
 .text._ZN5daisy11TimerHandle4InitERKNS0_6ConfigE
                0x08010afc       0xc8 libDaisy/build/libdaisy.a(tim.o)
                0x08010afc                daisy::TimerHandle::Init(daisy::TimerHandle::Config const&)
 .text._ZN5daisy11TimerHandle5StartEv
                0x08010bc4       0x24 libDaisy/build/libdaisy.a(tim.o)
                0x08010bc4                daisy::TimerHandle::Start()
 .text.startup._GLOBAL__sub_I__ZN5daisy11TimerHandle4Impl4InitERKNS0_6ConfigE
                0x08010be8       0x44 libDaisy/build/libdaisy.a(tim.o)
 .text._ZL20UART_CheckRxListenerPN5daisy11UartHandler4ImplE
                0x08010c2c       0x84 libDaisy/build/libdaisy.a(uart.o)
 .text._ZN5daisy11UartHandler4Impl10StartDmaTxEPhjPFvPvEPFvS3_NS0_6ResultEES3_
                0x08010cb0      0x170 libDaisy/build/libdaisy.a(uart.o)
                0x08010cb0                daisy::UartHandler::Impl::StartDmaTx(unsigned char*, unsigned int, void (*)(void*), void (*)(void*, daisy::UartHandler::Result), void*)
 .text._ZN5daisy11UartHandler4Impl10StartDmaRxEPhjPFvPvEPFvS3_NS0_6ResultEES3_
                0x08010e20      0x170 libDaisy/build/libdaisy.a(uart.o)
                0x08010e20                daisy::UartHandler::Impl::StartDmaRx(unsigned char*, unsigned int, void (*)(void*), void (*)(void*, daisy::UartHandler::Result), void*)
 .text._ZN5daisy11UartHandler4Impl19DmaTransferFinishedEP20__UART_HandleTypeDefNS0_6ResultE
                0x08010f90       0xc0 libDaisy/build/libdaisy.a(uart.o)
                0x08010f90                daisy::UartHandler::Impl::DmaTransferFinished(__UART_HandleTypeDef*, daisy::UartHandler::Result)
 .text._ZN5daisy11UartHandler4Impl8InitPinsEv
                0x08011050      0x14c libDaisy/build/libdaisy.a(uart.o)
                0x08011050                daisy::UartHandler::Impl::InitPins()
 .text.HAL_UART_MspInit
                0x0801119c      0x4b4 libDaisy/build/libdaisy.a(uart.o)
                0x0801119c                HAL_UART_MspInit
 .text.dsy_uart_global_init
                0x08011650       0xfc libDaisy/build/libdaisy.a(uart.o)
                0x08011650                dsy_uart_global_init
 .text.USART1_IRQHandler
                0x0801174c       0x30 libDaisy/build/libdaisy.a(uart.o)
                0x0801174c                USART1_IRQHandler
 .text.USART2_IRQHandler
                0x0801177c       0x38 libDaisy/build/libdaisy.a(uart.o)
                0x0801177c                USART2_IRQHandler
 .text.USART3_IRQHandler
                0x080117b4       0x38 libDaisy/build/libdaisy.a(uart.o)
                0x080117b4                USART3_IRQHandler
 .text.UART4_IRQHandler
                0x080117ec       0x38 libDaisy/build/libdaisy.a(uart.o)
                0x080117ec                UART4_IRQHandler
 .text.UART5_IRQHandler
                0x08011824       0x38 libDaisy/build/libdaisy.a(uart.o)
                0x08011824                UART5_IRQHandler
 .text.USART6_IRQHandler
                0x0801185c       0x38 libDaisy/build/libdaisy.a(uart.o)
                0x0801185c                USART6_IRQHandler
 .text.UART7_IRQHandler
                0x08011894       0x38 libDaisy/build/libdaisy.a(uart.o)
                0x08011894                UART7_IRQHandler
 .text.UART8_IRQHandler
                0x080118cc       0x38 libDaisy/build/libdaisy.a(uart.o)
                0x080118cc                UART8_IRQHandler
 .text.LPUART1_IRQHandler
                0x08011904       0x38 libDaisy/build/libdaisy.a(uart.o)
                0x08011904                LPUART1_IRQHandler
 .text.DMA1_Stream5_IRQHandler
                0x0801193c       0x34 libDaisy/build/libdaisy.a(uart.o)
                0x0801193c                DMA1_Stream5_IRQHandler
 .text.DMA2_Stream4_IRQHandler
                0x08011970       0x34 libDaisy/build/libdaisy.a(uart.o)
                0x08011970                DMA2_Stream4_IRQHandler
 .text.HAL_UART_TxCpltCallback
                0x080119a4        0x8 libDaisy/build/libdaisy.a(uart.o)
                0x080119a4                HAL_UART_TxCpltCallback
 .text.HAL_UART_RxCpltCallback
                0x080119ac       0x94 libDaisy/build/libdaisy.a(uart.o)
                0x080119ac                HAL_UART_RxCpltCallback
 .text.HAL_UART_RxHalfCpltCallback
                0x08011a40       0x90 libDaisy/build/libdaisy.a(uart.o)
                0x08011a40                HAL_UART_RxHalfCpltCallback
 .text.HAL_UART_ErrorCallback
                0x08011ad0       0x94 libDaisy/build/libdaisy.a(uart.o)
                0x08011ad0                HAL_UART_ErrorCallback
 .text.startup._GLOBAL__sub_I__Z19MapInstanceToHandleP13USART_TypeDef
                0x08011b64      0x1b0 libDaisy/build/libdaisy.a(uart.o)
 .text.dsy_dma_init
                0x08011d14      0x100 libDaisy/build/libdaisy.a(dma.o)
                0x08011d14                dsy_dma_init
 .text.dsy_dma_invalidate_cache_for_buffer
                0x08011e14       0x2c libDaisy/build/libdaisy.a(dma.o)
                0x08011e14                dsy_dma_invalidate_cache_for_buffer
 .text.HAL_MDMA_Abort_IT
                0x08011e40       0x28 libDaisy/build/libdaisy.a(stm32h7xx_hal_mdma.o)
                0x08011e40                HAL_MDMA_Abort_IT
 .text.SPI_CloseTransfer
                0x08011e68       0xb8 libDaisy/build/libdaisy.a(stm32h7xx_hal_spi.o)
 .text.HAL_SPI_Init
                0x08011f20      0x1a4 libDaisy/build/libdaisy.a(stm32h7xx_hal_spi.o)
                0x08011f20                HAL_SPI_Init
 .text.HAL_SPI_Transmit_DMA
                0x080120c4      0x170 libDaisy/build/libdaisy.a(stm32h7xx_hal_spi.o)
                0x080120c4                HAL_SPI_Transmit_DMA
 .text.HAL_SPI_Receive_DMA
                0x08012234      0x17c libDaisy/build/libdaisy.a(stm32h7xx_hal_spi.o)
                0x08012234                HAL_SPI_Receive_DMA
 .text.HAL_SPI_TransmitReceive_DMA
                0x080123b0      0x1f8 libDaisy/build/libdaisy.a(stm32h7xx_hal_spi.o)
                0x080123b0                HAL_SPI_TransmitReceive_DMA
 .text.SPI_DMATransmitCplt
                0x080125a8       0x28 libDaisy/build/libdaisy.a(stm32h7xx_hal_spi.o)
 .text.SPI_DMAReceiveCplt
                0x080125d0       0x28 libDaisy/build/libdaisy.a(stm32h7xx_hal_spi.o)
 .text.SPI_DMATransmitReceiveCplt
                0x080125f8       0x28 libDaisy/build/libdaisy.a(stm32h7xx_hal_spi.o)
 .text.HAL_SPI_TxHalfCpltCallback
                0x08012620        0x4 libDaisy/build/libdaisy.a(stm32h7xx_hal_spi.o)
                0x08012620                HAL_SPI_TxHalfCpltCallback
 .text.SPI_DMAHalfTransmitCplt
                0x08012624        0xc libDaisy/build/libdaisy.a(stm32h7xx_hal_spi.o)
 .text.HAL_SPI_RxHalfCpltCallback
                0x08012630        0x4 libDaisy/build/libdaisy.a(stm32h7xx_hal_spi.o)
                0x08012630                HAL_SPI_RxHalfCpltCallback
 .text.SPI_DMAHalfReceiveCplt
                0x08012634        0xc libDaisy/build/libdaisy.a(stm32h7xx_hal_spi.o)
 .text.HAL_SPI_TxRxHalfCpltCallback
                0x08012640        0x4 libDaisy/build/libdaisy.a(stm32h7xx_hal_spi.o)
                0x08012640                HAL_SPI_TxRxHalfCpltCallback
 .text.SPI_DMAHalfTransmitReceiveCplt
                0x08012644        0xc libDaisy/build/libdaisy.a(stm32h7xx_hal_spi.o)
 .text.SPI_DMAError
                0x08012650       0xd8 libDaisy/build/libdaisy.a(stm32h7xx_hal_spi.o)
 .text.SPI_DMAAbortOnError
                0x08012728       0x1c libDaisy/build/libdaisy.a(stm32h7xx_hal_spi.o)
 .text.HAL_SPI_SuspendCallback
                0x08012744        0x4 libDaisy/build/libdaisy.a(stm32h7xx_hal_spi.o)
                0x08012744                HAL_SPI_SuspendCallback
 .text.HAL_SPI_IRQHandler
                0x08012748      0x208 libDaisy/build/libdaisy.a(stm32h7xx_hal_spi.o)
                0x08012748                HAL_SPI_IRQHandler
 .text.HAL_SPI_GetState
                0x08012950        0x8 libDaisy/build/libdaisy.a(stm32h7xx_hal_spi.o)
                0x08012950                HAL_SPI_GetState
 .text.HAL_TIM_Base_Init
                0x08012958      0x144 libDaisy/build/libdaisy.a(stm32h7xx_hal_tim.o)
                0x08012958                HAL_TIM_Base_Init
 .text.HAL_TIM_Base_Start
                0x08012a9c       0x9c libDaisy/build/libdaisy.a(stm32h7xx_hal_tim.o)
                0x08012a9c                HAL_TIM_Base_Start
 .text.HAL_TIM_Base_Start_IT
                0x08012b38       0xa4 libDaisy/build/libdaisy.a(stm32h7xx_hal_tim.o)
                0x08012b38                HAL_TIM_Base_Start_IT
 .text.HAL_TIM_ConfigClockSource
                0x08012bdc      0x190 libDaisy/build/libdaisy.a(stm32h7xx_hal_tim.o)
                0x08012bdc                HAL_TIM_ConfigClockSource
 .text.HAL_TIM_OC_DelayElapsedCallback
                0x08012d6c        0x4 libDaisy/build/libdaisy.a(stm32h7xx_hal_tim.o)
                0x08012d6c                HAL_TIM_OC_DelayElapsedCallback
 .text.HAL_TIM_IC_CaptureCallback
                0x08012d70        0x4 libDaisy/build/libdaisy.a(stm32h7xx_hal_tim.o)
                0x08012d70                HAL_TIM_IC_CaptureCallback
 .text.HAL_TIM_PWM_PulseFinishedCallback
                0x08012d74        0x4 libDaisy/build/libdaisy.a(stm32h7xx_hal_tim.o)
                0x08012d74                HAL_TIM_PWM_PulseFinishedCallback
 .text.HAL_TIM_TriggerCallback
                0x08012d78        0x4 libDaisy/build/libdaisy.a(stm32h7xx_hal_tim.o)
                0x08012d78                HAL_TIM_TriggerCallback
 .text.HAL_TIM_IRQHandler
                0x08012d7c      0x154 libDaisy/build/libdaisy.a(stm32h7xx_hal_tim.o)
                0x08012d7c                HAL_TIM_IRQHandler
 .text.HAL_TIMEx_MasterConfigSynchronization
                0x08012ed0       0xb4 libDaisy/build/libdaisy.a(stm32h7xx_hal_tim_ex.o)
                0x08012ed0                HAL_TIMEx_MasterConfigSynchronization
 .text.HAL_TIMEx_CommutCallback
                0x08012f84        0x4 libDaisy/build/libdaisy.a(stm32h7xx_hal_tim_ex.o)
                0x08012f84                HAL_TIMEx_CommutCallback
 .text.HAL_TIMEx_BreakCallback
                0x08012f88        0x4 libDaisy/build/libdaisy.a(stm32h7xx_hal_tim_ex.o)
                0x08012f88                HAL_TIMEx_BreakCallback
 .text.HAL_TIMEx_Break2Callback
                0x08012f8c        0x4 libDaisy/build/libdaisy.a(stm32h7xx_hal_tim_ex.o)
                0x08012f8c                HAL_TIMEx_Break2Callback
 .text.HAL_UART_Transmit_DMA
                0x08012f90       0x8c libDaisy/build/libdaisy.a(stm32h7xx_hal_uart.o)
                0x08012f90                HAL_UART_Transmit_DMA
 .text.UART_DMATransmitCplt
                0x0801301c       0x44 libDaisy/build/libdaisy.a(stm32h7xx_hal_uart.o)
 .text.HAL_UART_TxHalfCpltCallback
                0x08013060        0x4 libDaisy/build/libdaisy.a(stm32h7xx_hal_uart.o)
                0x08013060                HAL_UART_TxHalfCpltCallback
 .text.UART_DMATxHalfCplt
                0x08013064        0xc libDaisy/build/libdaisy.a(stm32h7xx_hal_uart.o)
 .text.UART_DMAError
                0x08013070       0xd4 libDaisy/build/libdaisy.a(stm32h7xx_hal_uart.o)
 .text.UART_DMAAbortOnError
                0x08013144       0x14 libDaisy/build/libdaisy.a(stm32h7xx_hal_uart.o)
 .text.HAL_UARTEx_RxEventCallback
                0x08013158        0x4 libDaisy/build/libdaisy.a(stm32h7xx_hal_uart.o)
                0x08013158                HAL_UARTEx_RxEventCallback
 .text.HAL_UART_IRQHandler
                0x0801315c      0x3c0 libDaisy/build/libdaisy.a(stm32h7xx_hal_uart.o)
                0x0801315c                HAL_UART_IRQHandler
 .text.UART_DMARxHalfCplt
                0x0801351c       0x20 libDaisy/build/libdaisy.a(stm32h7xx_hal_uart.o)
 .text.UART_DMAReceiveCplt
                0x0801353c       0x9c libDaisy/build/libdaisy.a(stm32h7xx_hal_uart.o)
 .text.HAL_UART_GetState
                0x080135d8        0xc libDaisy/build/libdaisy.a(stm32h7xx_hal_uart.o)
                0x080135d8                HAL_UART_GetState
 .text.UART_SetConfig
                0x080135e4      0x374 libDaisy/build/libdaisy.a(stm32h7xx_hal_uart.o)
                0x080135e4                UART_SetConfig
 .text.UART_AdvFeatureConfig
                0x08013958       0xb0 libDaisy/build/libdaisy.a(stm32h7xx_hal_uart.o)
                0x08013958                UART_AdvFeatureConfig
 .text.UART_CheckIdleState
                0x08013a08      0x258 libDaisy/build/libdaisy.a(stm32h7xx_hal_uart.o)
                0x08013a08                UART_CheckIdleState
 .text.HAL_UART_Init
                0x08013c60       0x68 libDaisy/build/libdaisy.a(stm32h7xx_hal_uart.o)
                0x08013c60                HAL_UART_Init
 .text.UART_Start_Receive_DMA
                0x08013cc8       0xa0 libDaisy/build/libdaisy.a(stm32h7xx_hal_uart.o)
                0x08013cc8                UART_Start_Receive_DMA
 .text.HAL_UART_Receive_DMA
                0x08013d68       0x48 libDaisy/build/libdaisy.a(stm32h7xx_hal_uart.o)
                0x08013d68                HAL_UART_Receive_DMA
 .text.HAL_UARTEx_WakeupCallback
                0x08013db0        0x4 libDaisy/build/libdaisy.a(stm32h7xx_hal_uart_ex.o)
                0x08013db0                HAL_UARTEx_WakeupCallback
 .text.HAL_UARTEx_RxFifoFullCallback
                0x08013db4        0x4 libDaisy/build/libdaisy.a(stm32h7xx_hal_uart_ex.o)
                0x08013db4                HAL_UARTEx_RxFifoFullCallback
 .text.HAL_UARTEx_TxFifoEmptyCallback
                0x08013db8        0x4 libDaisy/build/libdaisy.a(stm32h7xx_hal_uart_ex.o)
                0x08013db8                HAL_UARTEx_TxFifoEmptyCallback
 .text.__aeabi_atexit
                0x08013dbc        0xa /usr/lib/gcc/arm-none-eabi/14.2.0/../../../../arm-none-eabi/lib/thumb/v7e-m+dp/hard/libstdc++_nano.a(atexit_arm.o)
                0x08013dbc                __aeabi_atexit
 .text._ZdlPvj  0x08013dc6        0x4 /usr/lib/gcc/arm-none-eabi/14.2.0/../../../../arm-none-eabi/lib/thumb/v7e-m+dp/hard/libstdc++_nano.a(del_ops.o)
                0x08013dc6                operator delete(void*, unsigned int)
 .text._ZdlPv   0x08013dca        0x4 /usr/lib/gcc/arm-none-eabi/14.2.0/../../../../arm-none-eabi/lib/thumb/v7e-m+dp/hard/libstdc++_nano.a(del_op.o)
                0x08013dca                operator delete(void*)
 *fill*         0x08013dce        0x2 
 .text.sinf     0x08013dd0      0x1ec /usr/lib/gcc/arm-none-eabi/14.2.0/../../../../arm-none-eabi/lib/thumb/v7e-m+dp/hard/libm.a(libm_a-sinf.o)
                0x08013dd0                sinf
 *fill*         0x08013fbc        0x4 
 .text.cosf     0x08013fc0      0x1b4 /usr/lib/gcc/arm-none-eabi/14.2.0/../../../../arm-none-eabi/lib/thumb/v7e-m+dp/hard/libm.a(libm_a-cosf.o)
                0x08013fc0                cosf
 .text.with_errnof
                0x08014174       0x1c /usr/lib/gcc/arm-none-eabi/14.2.0/../../../../arm-none-eabi/lib/thumb/v7e-m+dp/hard/libm.a(libm_a-math_errf.o)
 .text.__math_invalidf
                0x08014190       0x20 /usr/lib/gcc/arm-none-eabi/14.2.0/../../../../arm-none-eabi/lib/thumb/v7e-m+dp/hard/libm.a(libm_a-math_errf.o)
                0x08014190                __math_invalidf
 .text.malloc   0x080141b0       0x10 /usr/lib/gcc/arm-none-eabi/14.2.0/../../../../arm-none-eabi/lib/thumb/v7e-m+dp/hard/libc_nano.a(libc_a-malloc.o)
                0x080141b0                malloc
 .text.free     0x080141c0       0x10 /usr/lib/gcc/arm-none-eabi/14.2.0/../../../../arm-none-eabi/lib/thumb/v7e-m+dp/hard/libc_nano.a(libc_a-malloc.o)
                0x080141c0                free
 .text.sbrk_aligned
                0x080141d0       0x44 /usr/lib/gcc/arm-none-eabi/14.2.0/../../../../arm-none-eabi/lib/thumb/v7e-m+dp/hard/libc_nano.a(libc_a-mallocr.o)
 .text._malloc_r
                0x08014214      0x100 /usr/lib/gcc/arm-none-eabi/14.2.0/../../../../arm-none-eabi/lib/thumb/v7e-m+dp/hard/libc_nano.a(libc_a-mallocr.o)
                0x08014214                _malloc_r
 .text.__malloc_lock
                0x08014314        0xc /usr/lib/gcc/arm-none-eabi/14.2.0/../../../../arm-none-eabi/lib/thumb/v7e-m+dp/hard/libc_nano.a(libc_a-mlock.o)
                0x08014314                __malloc_lock
 .text.__malloc_unlock
                0x08014320        0xc /usr/lib/gcc/arm-none-eabi/14.2.0/../../../../arm-none-eabi/lib/thumb/v7e-m+dp/hard/libc_nano.a(libc_a-mlock.o)
                0x08014320                __malloc_unlock
 .text.__cxa_atexit
                0x0801432c       0x1c /usr/lib/gcc/arm-none-eabi/14.2.0/../../../../arm-none-eabi/lib/thumb/v7e-m+dp/hard/libc_nano.a(libc_a-cxa_atexit.o)
                0x0801432c                __cxa_atexit
 .text.snprintf
                0x08014348       0x6c /usr/lib/gcc/arm-none-eabi/14.2.0/../../../../arm-none-eabi/lib/thumb/v7e-m+dp/hard/libc_nano.a(libc_a-snprintf.o)
                0x08014348                snprintf
                0x08014348                sniprintf
 .text.memset   0x080143b4       0x10 /usr/lib/gcc/arm-none-eabi/14.2.0/../../../../arm-none-eabi/lib/thumb/v7e-m+dp/hard/libc_nano.a(libc_a-memset.o)
                0x080143b4                memset
 .text._sbrk_r  0x080143c4       0x20 /usr/lib/gcc/arm-none-eabi/14.2.0/../../../../arm-none-eabi/lib/thumb/v7e-m+dp/hard/libc_nano.a(libc_a-sbrkr.o)
                0x080143c4                _sbrk_r
 .text.__errno  0x080143e4        0xc /usr/lib/gcc/arm-none-eabi/14.2.0/../../../../arm-none-eabi/lib/thumb/v7e-m+dp/hard/libc_nano.a(libc_a-errno.o)
                0x080143e4                __errno
 .text.__libc_init_array
                0x080143f0       0x48 /usr/lib/gcc/arm-none-eabi/14.2.0/../../../../arm-none-eabi/lib/thumb/v7e-m+dp/hard/libc_nano.a(libc_a-init.o)
                0x080143f0                __libc_init_array
 .text.__retarget_lock_acquire_recursive
                0x08014438        0x2 /usr/lib/gcc/arm-none-eabi/14.2.0/../../../../arm-none-eabi/lib/thumb/v7e-m+dp/hard/libc_nano.a(libc_a-lock.o)
                0x08014438                __retarget_lock_acquire_recursive
 .text.__retarget_lock_release_recursive
                0x0801443a        0x2 /usr/lib/gcc/arm-none-eabi/14.2.0/../../../../arm-none-eabi/lib/thumb/v7e-m+dp/hard/libc_nano.a(libc_a-lock.o)
                0x0801443a                __retarget_lock_release_recursive
 .text.memcpy   0x0801443c       0x1c /usr/lib/gcc/arm-none-eabi/14.2.0/../../../../arm-none-eabi/lib/thumb/v7e-m+dp/hard/libc_nano.a(libc_a-memcpy-stub.o)
                0x0801443c                memcpy
 .text.__register_exitproc
                0x08014458       0xb4 /usr/lib/gcc/arm-none-eabi/14.2.0/../../../../arm-none-eabi/lib/thumb/v7e-m+dp/hard/libc_nano.a(libc_a-__atexit.o)
                0x08014458                __register_exitproc
 .text._free_r  0x0801450c       0x94 /usr/lib/gcc/arm-none-eabi/14.2.0/../../../../arm-none-eabi/lib/thumb/v7e-m+dp/hard/libc_nano.a(libc_a-freer.o)
                0x0801450c                _free_r
 .text.__ssputs_r
                0x080145a0       0xc0 /usr/lib/gcc/arm-none-eabi/14.2.0/../../../../arm-none-eabi/lib/thumb/v7e-m+dp/hard/libc_nano.a(libc_a-nano-svfprintf.o)
                0x080145a0                __ssputs_r
 .text._svfprintf_r
                0x08014660      0x1f8 /usr/lib/gcc/arm-none-eabi/14.2.0/../../../../arm-none-eabi/lib/thumb/v7e-m+dp/hard/libc_nano.a(libc_a-nano-svfprintf.o)
                0x08014660                _svfprintf_r
                0x08014660                _svfiprintf_r
 .text._printf_common
                0x08014858       0xda /usr/lib/gcc/arm-none-eabi/14.2.0/../../../../arm-none-eabi/lib/thumb/v7e-m+dp/hard/libc_nano.a(libc_a-nano-vfprintf_i.o)
                0x08014858                _printf_common
 *fill*         0x08014932        0x2 
 .text._printf_i
                0x08014934      0x240 /usr/lib/gcc/arm-none-eabi/14.2.0/../../../../arm-none-eabi/lib/thumb/v7e-m+dp/hard/libc_nano.a(libc_a-nano-vfprintf_i.o)
                0x08014934                _printf_i
 .text.memmove  0x08014b74       0x32 /usr/lib/gcc/arm-none-eabi/14.2.0/../../../../arm-none-eabi/lib/thumb/v7e-m+dp/hard/libc_nano.a(libc_a-memmove.o)
                0x08014b74                memmove
 .text._realloc_r
                0x08014ba6       0x5c /usr/lib/gcc/arm-none-eabi/14.2.0/../../../../arm-none-eabi/lib/thumb/v7e-m+dp/hard/libc_nano.a(libc_a-reallocr.o)
                0x08014ba6                _realloc_r
 .text._malloc_usable_size_r
                0x08014c02       0x10 /usr/lib/gcc/arm-none-eabi/14.2.0/../../../../arm-none-eabi/lib/thumb/v7e-m+dp/hard/libc_nano.a(libc_a-msizer.o)
                0x08014c02                _malloc_usable_size_r
 .text.__udivmoddi4
                0x08014c12      0x2bc /usr/lib/gcc/arm-none-eabi/14.2.0/thumb/v7e-m+dp/hard/libgcc.a(_udivmoddi4.o)
                0x08014c12                __udivmoddi4
 *fill*         0x08014ece        0x2 
 .text._sbrk    0x08014ed0       0x1c /usr/lib/gcc/arm-none-eabi/14.2.0/../../../../arm-none-eabi/lib/thumb/v7e-m+dp/hard/libnosys.a(sbrk.o)
                0x08014ed0                _sbrk
 *(.rodata)
 .rodata        0x08014eec       0x10 build/dust.o
 .rodata        0x08014efc       0x10 libDaisy/build/libdaisy.a(daisy_seed.o)
 .rodata        0x08014f0c       0x10 libDaisy/build/libdaisy.a(i2c.o)
 .rodata        0x08014f1c       0x10 libDaisy/build/libdaisy.a(tim.o)
 .rodata        0x08014f2c       0x12 libDaisy/build/libdaisy.a(uart.o)
 *(.rodata*)
 *fill*         0x08014f3e        0x2 
 .rodata._ZN6Screen10DrawStatusER10ProcessingR8Hardware.str1.4
                0x08014f40       0x8f build/screen.o
                                  0xe (size before relaxing)
 *fill*         0x08014fcf        0x1 
 .rodata._ZTVN5daisy11OledDisplayINS_13SSD130xDriverILj128ELj64ENS_19SSD130xI2CTransportEEEEE
                0x08014fd0       0x40 build/screen.o
                0x08014fd0                vtable for daisy::OledDisplay<daisy::SSD130xDriver<128u, 64u, daisy::SSD130xI2CTransport> >
 .rodata._ZN10Processing7SetPageEi.str1.4
                0x08015010        0x9 build/processing.o
 .rodata._ZN10Processing15SetAdvancedModeEb.str1.4
                0x08015010        0x9 build/processing.o
 .rodata.str1.4
                0x08015010       0x60 build/processing.o
 .rodata._ZL6kPages
                0x08015010       0x24 build/processing.o
 .rodata._ZL14kItemsAdvanced
                0x08015034        0xc build/processing.o
 .rodata._ZL10kItemsTime
                0x08015040       0x18 build/processing.o
 .rodata._ZL11kItemsGrain
                0x08015058       0x3c build/processing.o
 .rodata._ZL9kItemsMix
                0x08015094       0x30 build/processing.o
 .rodata._ZL8seedgpio
                0x080150c4       0x42 libDaisy/build/libdaisy.a(daisy_seed.o)
 .rodata._ZN5daisy10QSPIHandle4Impl5GetAFEj.str1.4
                0x08015106        0x7 libDaisy/build/libdaisy.a(qspi.o)
 *fill*         0x08015106        0x2 
 .rodata.CSWTCH.53
                0x08015108       0x14 libDaisy/build/libdaisy.a(sai.o)
 .rodata.D1CorePrescTable
                0x0801511c       0x10 libDaisy/build/libdaisy.a(system_stm32h7xx.o)
                0x0801511c                D1CorePrescTable
 .rodata.Font7x10
                0x0801512c      0x76c libDaisy/build/libdaisy.a(oled_fonts.o)
 .rodata.flagBitshiftOffset.0
                0x08015898        0x8 libDaisy/build/libdaisy.a(stm32h7xx_hal_dma.o)
 .rodata._ZL16pins_periphs_spi
                0x080158a0       0x60 libDaisy/build/libdaisy.a(spi.o)
 .rodata._ZL13pins_none_spi
                0x08015900        0x3 libDaisy/build/libdaisy.a(spi.o)
 *fill*         0x08015903        0x1 
 .rodata.UARTPrescTable
                0x08015904       0x18 libDaisy/build/libdaisy.a(stm32h7xx_hal_uart.o)
                0x08015904                UARTPrescTable
 .rodata.__inv_pio4
                0x0801591c       0x60 /usr/lib/gcc/arm-none-eabi/14.2.0/../../../../arm-none-eabi/lib/thumb/v7e-m+dp/hard/libm.a(libm_a-sincosf_data.o)
                0x0801591c                __inv_pio4
 *fill*         0x0801597c        0x4 
 .rodata.__sincosf_table
                0x08015980       0xe0 /usr/lib/gcc/arm-none-eabi/14.2.0/../../../../arm-none-eabi/lib/thumb/v7e-m+dp/hard/libm.a(libm_a-sincosf_data.o)
                0x08015980                __sincosf_table
 .rodata.__on_exit_args