Archive member included to satisfy reference by file (symbol)

libDaisy/build/libdaisy.a(daisy_seed.o)
                              build/hw.o (daisy::DaisySeed::GetPin(unsigned char))
libDaisy/build/libdaisy.a(codec_ak4556.o)
                              libDaisy/build/libdaisy.a(daisy_seed.o) (daisy::Ak4556::Init(daisy::Pin))
libDaisy/build/libdaisy.a(codec_wm8731.o)
                              libDaisy/build/libdaisy.a(daisy_seed.o) (daisy::Wm8731::Init(daisy::Wm8731::Config const&, daisy::I2CHandle))
libDaisy/build/libdaisy.a(sdram.o)
                              libDaisy/build/libdaisy.a(daisy_seed.o) (SdramHandle::Init())
libDaisy/build/libdaisy.a(audio.o)
                              libDaisy/build/libdaisy.a(daisy_seed.o) (daisy::AudioHandle::Init(daisy::AudioHandle::Config const&, daisy::SaiHandle))
libDaisy/build/libdaisy.a(encoder.o)
                              build/hw.o (daisy::Encoder::Init(daisy::Pin, daisy::Pin, daisy::Pin, float))
libDaisy/build/libdaisy.a(switch.o)
                              build/hw.o (daisy::Switch::Init(daisy::Pin, float))
libDaisy/build/libdaisy.a(gpio.o)
                              libDaisy/build/libdaisy.a(daisy_seed.o) (daisy::GPIO::Init(daisy::GPIO::Config const&))
libDaisy/build/libdaisy.a(i2c.o)
                              build/screen.o (daisy::I2CHandle::Init(daisy::I2CHandle::Config const&))
libDaisy/build/libdaisy.a(qspi.o)
                              libDaisy/build/libdaisy.a(daisy_seed.o) (daisy::QSPIHandle::Init(daisy::QSPIHandle::Config const&))
libDaisy/build/libdaisy.a(sai.o)
                              libDaisy/build/libdaisy.a(daisy_seed.o) (daisy::SaiHandle::Init(daisy::SaiHandle::Config const&))
libDaisy/build/libdaisy.a(system.o)
                              libDaisy/build/libdaisy.a(daisy_seed.o) (daisy::System::DeInit())
libDaisy/build/libdaisy.a(system_stm32h7xx.o)
                              build/startup_stm32h750xx.o (SystemInit)
libDaisy/build/libdaisy.a(usbd_conf.o)
                              libDaisy/build/libdaisy.a(system.o) (hpcd_USB_OTG_HS)
libDaisy/build/libdaisy.a(usbh_conf.o)
                              libDaisy/build/libdaisy.a(system.o) (hhcd_USB_OTG_HS)
libDaisy/build/libdaisy.a(oled_fonts.o)
                              build/screen.o (Font_7x10)
libDaisy/build/libdaisy.a(stm32h7xx_hal.o)
                              libDaisy/build/libdaisy.a(system.o) (HAL_Init)
libDaisy/build/libdaisy.a(stm32h7xx_hal_cortex.o)
                              libDaisy/build/libdaisy.a(stm32h7xx_hal.o) (HAL_NVIC_SetPriorityGrouping)
libDaisy/build/libdaisy.a(stm32h7xx_hal_dma.o)
                              libDaisy/build/libdaisy.a(i2c.o) (HAL_DMA_Init)
libDaisy/build/libdaisy.a(stm32h7xx_hal_gpio.o)
                              libDaisy/build/libdaisy.a(sdram.o) (HAL_GPIO_Init)
libDaisy/build/libdaisy.a(stm32h7xx_hal_hcd.o)
                              libDaisy/build/libdaisy.a(usbh_conf.o) (HAL_HCD_HC_Init)
libDaisy/build/libdaisy.a(stm32h7xx_hal_i2c.o)
                              libDaisy/build/libdaisy.a(i2c.o) (HAL_I2C_Init)
libDaisy/build/libdaisy.a(stm32h7xx_hal_i2c_ex.o)
                              libDaisy/build/libdaisy.a(i2c.o) (HAL_I2CEx_ConfigAnalogFilter)
libDaisy/build/libdaisy.a(stm32h7xx_hal_pcd.o)
                              libDaisy/build/libdaisy.a(usbd_conf.o) (HAL_PCD_Init)
libDaisy/build/libdaisy.a(stm32h7xx_hal_pcd_ex.o)
                              libDaisy/build/libdaisy.a(usbd_conf.o) (HAL_PCDEx_SetTxFiFo)
libDaisy/build/libdaisy.a(stm32h7xx_hal_pwr_ex.o)
                              libDaisy/build/libdaisy.a(system.o) (HAL_PWREx_ConfigSupply)
libDaisy/build/libdaisy.a(stm32h7xx_hal_qspi.o)
                              libDaisy/build/libdaisy.a(qspi.o) (HAL_QSPI_Init)
libDaisy/build/libdaisy.a(stm32h7xx_hal_rcc.o)
                              libDaisy/build/libdaisy.a(system.o) (HAL_RCC_OscConfig)
libDaisy/build/libdaisy.a(stm32h7xx_hal_rcc_ex.o)
                              libDaisy/build/libdaisy.a(system.o) (HAL_RCCEx_PeriphCLKConfig)
libDaisy/build/libdaisy.a(stm32h7xx_hal_sai.o)
                              libDaisy/build/libdaisy.a(sai.o) (HAL_SAI_InitProtocol)
libDaisy/build/libdaisy.a(stm32h7xx_hal_sdram.o)
                              libDaisy/build/libdaisy.a(sdram.o) (HAL_SDRAM_Init)
libDaisy/build/libdaisy.a(stm32h7xx_ll_fmc.o)
                              libDaisy/build/libdaisy.a(stm32h7xx_hal_sdram.o) (FMC_SDRAM_Init)
libDaisy/build/libdaisy.a(stm32h7xx_ll_usb.o)
                              libDaisy/build/libdaisy.a(stm32h7xx_hal_hcd.o) (USB_CoreInit)
libDaisy/build/libdaisy.a(usbd_core.o)
                              libDaisy/build/libdaisy.a(usbd_conf.o) (USBD_LL_SetupStage)
libDaisy/build/libdaisy.a(usbd_ctlreq.o)
                              libDaisy/build/libdaisy.a(usbd_core.o) (USBD_StdDevReq)
libDaisy/build/libdaisy.a(usbd_ioreq.o)
                              libDaisy/build/libdaisy.a(usbd_ctlreq.o) (USBD_CtlSendData)
[...]
Memory Configuration

Name             Origin             Length             Attributes
FLASH            0x08000000         0x00020000         xr
DTCMRAM          0x20000000         0x00020000         xrw
SRAM             0x24000000         0x00080000         xrw
RAM_D2           0x30000000         0x00048000         xrw
RAM_D3           0x38000000         0x00010000         xrw
BACKUP_SRAM      0x38800000         0x00001000         xrw
ITCMRAM          0x00000000         0x00010000         xrw
SDRAM            0xc0000000         0x04000000         xrw
QSPIFLASH        0x90000000         0x00800000         xr
*default*        0x00000000         0xffffffff

Linker script and memory map

LOAD /usr/lib/gcc/arm-none-eabi/14.2.0/thumb/v7e-m+dp/hard/crti.o
LOAD /usr/lib/gcc/arm-none-eabi/14.2.0/thumb/v7e-m+dp/hard/crtbegin.o
LOAD /usr/lib/gcc/arm-none-eabi/14.2.0/../../../../arm-none-eabi/lib/thumb/v7e-m+dp/hard/crt0.o
LOAD build/startup_stm32h750xx.o
LOAD build/BlackBox.o
LOAD build/hw.o
LOAD build/screen.o
LOAD build/processing.o
LOAD libDaisy/build/libdaisy.a
LOAD /usr/lib/gcc/arm-none-eabi/14.2.0/../../../../arm-none-eabi/lib/thumb/v7e-m+dp/hard/libnosys.a
LOAD DaisySP/build/libdaisysp.a
LOAD /usr/lib/gcc/arm-none-eabi/14.2.0/../../../../arm-none-eabi/lib/thumb/v7e-m+dp/hard/libstdc++_nano.a
LOAD /usr/lib/gcc/arm-none-eabi/14.2.0/../../../../arm-none-eabi/lib/thumb/v7e-m+dp/hard/libm.a
LOAD /usr/lib/gcc/arm-none-eabi/14.2.0/../../../../arm-none-eabi/lib/thumb/v7e-m+dp/hard/libc_nano.a
START GROUP
LOAD /usr/lib/gcc/arm-none-eabi/14.2.0/thumb/v7e-m+dp/hard/libgcc.a
LOAD /usr/lib/gcc/arm-none-eabi/14.2.0/../../../../arm-none-eabi/lib/thumb/v7e-m+dp/hard/libc_nano.a
END GROUP
START GROUP
LOAD /usr/lib/gcc/arm-none-eabi/14.2.0/thumb/v7e-m+dp/hard/libgcc.a
LOAD /usr/lib/gcc/arm-none-eabi/14.2.0/../../../../arm-none-eabi/lib/thumb/v7e-m+dp/hard/libc_nano.a
LOAD /usr/lib/gcc/arm-none-eabi/14.2.0/../../../../arm-none-eabi/lib/thumb/v7e-m+dp/hard/libnosys.a
END GROUP
START GROUP
LOAD /usr/lib/gcc/arm-none-eabi/14.2.0/thumb/v7e-m+dp/hard/libgcc.a
LOAD /usr/lib/gcc/arm-none-eabi/14.2.0/../../../../arm-none-eabi/lib/thumb/v7e-m+dp/hard/libc_nano.a
LOAD /usr/lib/gcc/arm-none-eabi/14.2.0/../../../../arm-none-eabi/lib/thumb/v7e-m+dp/hard/libnosys.a
END GROUP
LOAD /usr/lib/gcc/arm-none-eabi/14.2.0/thumb/v7e-m+dp/hard/crtend.o
LOAD /usr/lib/gcc/arm-none-eabi/14.2.0/thumb/v7e-m+dp/hard/crtn.o
                0x20020000                        _estack = 0x20020000

.isr_vector     0x08000000      0x298
                0x08000000                        . = ALIGN (0x4)
 *(.isr_vector)
 .isr_vector    0x08000000      0x298 build/startup_stm32h750xx.o
                0x08000000                g_pfnVectors
                0x08000298                        . = ALIGN (0x4)

.text           0x080002a0    0x14bd0
                0x080002a0                        . = ALIGN (0x4)
                0x080002a0                        _stext = .
 *(.text)
 .text          0x080002a0       0x10 /usr/lib/gcc/arm-none-eabi/14.2.0/../../../../arm-none-eabi/lib/thumb/v7e-m+dp/hard/libc_nano.a(libc_a-strlen.o)
                0x080002a0                strlen
 .text          0x080002b0       0xa0 /usr/lib/gcc/arm-none-eabi/14.2.0/../../../../arm-none-eabi/lib/thumb/v7e-m+dp/hard/libc_nano.a(libc_a-memchr.o)
                0x080002b0                memchr
 .text          0x08000350      0x378 /usr/lib/gcc/arm-none-eabi/14.2.0/thumb/v7e-m+dp/hard/libgcc.a(_arm_addsubdf3.o)
                0x08000350                __aeabi_drsub
                0x08000358                __aeabi_dsub
                0x08000358                __subdf3
                0x0800035c                __adddf3
                0x0800035c                __aeabi_dadd
                0x080005d4                __aeabi_ui2d
                0x080005d4                __floatunsidf
                0x080005f4                __floatsidf
                0x080005f4                __aeabi_i2d
                0x08000618                __extendsfdf2
                0x08000618                __aeabi_f2d
                0x0800065c                __aeabi_ul2d
                0x0800065c                __floatundidf
                0x0800066c                __floatdidf
                0x0800066c                __aeabi_l2d
 .text          0x080006c8       0x30 /usr/lib/gcc/arm-none-eabi/14.2.0/thumb/v7e-m+dp/hard/libgcc.a(_aeabi_uldivmod.o)
                0x080006c8                __aeabi_uldivmod
 .text          0x080006f8        0x4 /usr/lib/gcc/arm-none-eabi/14.2.0/thumb/v7e-m+dp/hard/libgcc.a(_dvmd_tls.o)
                0x080006f8                __aeabi_ldiv0
                0x080006f8                __aeabi_idiv0
 *(.text*)
 .text.__do_global_dtors_aux
                0x080006fc       0x24 /usr/lib/gcc/arm-none-eabi/14.2.0/thumb/v7e-m+dp/hard/crtbegin.o
 .text.frame_dummy
                0x08000720       0x1c /usr/lib/gcc/arm-none-eabi/14.2.0/thumb/v7e-m+dp/hard/crtbegin.o
 .text.Default_Handler
                0x0800073c        0xc build/startup_stm32h750xx.o
                0x0800073c                RTC_Alarm_IRQHandler
                0x0800073c                HASH_RNG_IRQHandler
                0x0800073c                EXTI2_IRQHandler
                0x0800073c                TIM8_CC_IRQHandler
                0x0800073c                HRTIM1_Master_IRQHandler
                0x0800073c                DebugMon_Handler
                0x0800073c                TIM1_CC_IRQHandler
                0x0800073c                BDMA_Channel6_IRQHandler
                0x0800073c                DMA2_Stream5_IRQHandler
                0x0800073c                HRTIM1_FLT_IRQHandler
                0x0800073c                JPEG_IRQHandler
                0x0800073c                BDMA_Channel1_IRQHandler
                0x0800073c                HRTIM1_TIMD_IRQHandler
                0x0800073c                TAMP_STAMP_IRQHandler
                0x0800073c                PendSV_Handler
                0x0800073c                NMI_Handler
                0x0800073c                EXTI3_IRQHandler
                0x0800073c                LPTIM4_IRQHandler
                0x0800073c                TIM8_TRG_COM_TIM14_IRQHandler
                0x0800073c                LPTIM2_IRQHandler
                0x0800073c                DFSDM1_FLT1_IRQHandler
                0x0800073c                DMAMUX2_OVR_IRQHandler
                0x0800073c                TIM8_UP_TIM13_IRQHandler
                0x0800073c                I2C3_ER_IRQHandler
                0x0800073c                DFSDM1_FLT2_IRQHandler
                0x0800073c                MDMA_IRQHandler
                0x0800073c                LPTIM3_IRQHandler
                0x0800073c                HSEM1_IRQHandler
                0x0800073c                EXTI0_IRQHandler
                0x0800073c                DMA1_Stream2_IRQHandler
                0x0800073c                FPU_IRQHandler
                0x0800073c                OTG_HS_WKUP_IRQHandler
                0x0800073c                FDCAN1_IT1_IRQHandler
                0x0800073c                UsageFault_Handler
                0x0800073c                LTDC_ER_IRQHandler
                0x0800073c                HRTIM1_TIME_IRQHandler
                0x0800073c                TIM6_DAC_IRQHandler
                0x0800073c                DCMI_IRQHandler
                0x0800073c                HRTIM1_TIMC_IRQHandler
                0x0800073c                SAI2_IRQHandler
                0x0800073c                DFSDM1_FLT3_IRQHandler
                0x0800073c                TIM17_IRQHandler
                0x0800073c                CRYP_IRQHandler
                0x0800073c                BDMA_Channel7_IRQHandler
                0x0800073c                LPTIM5_IRQHandler
                0x0800073c                ADC3_IRQHandler
                0x0800073c                DMA2_Stream0_IRQHandler
                0x0800073c                BDMA_Channel2_IRQHandler
                0x0800073c                DMAMUX1_OVR_IRQHandler
                0x0800073c                TIM16_IRQHandler
                0x0800073c                BDMA_Channel5_IRQHandler
                0x0800073c                RCC_IRQHandler
                0x0800073c                TIM8_BRK_TIM12_IRQHandler
                0x0800073c                TIM1_TRG_COM_IRQHandler
                0x0800073c                Default_Handler
                0x0800073c                ECC_IRQHandler
                0x0800073c                CEC_IRQHandler
                0x0800073c                EXTI15_10_IRQHandler
                0x0800073c                BDMA_Channel0_IRQHandler
                0x0800073c                ADC_IRQHandler
                0x0800073c                DMA1_Stream7_IRQHandler
                0x0800073c                HRTIM1_TIMA_IRQHandler
                0x0800073c                TIM7_IRQHandler
                0x0800073c                SDMMC1_IRQHandler
                0x0800073c                DMA2_Stream7_IRQHandler
                0x0800073c                TIM15_IRQHandler
                0x0800073c                PVD_AVD_IRQHandler
                0x0800073c                EXTI9_5_IRQHandler
                0x0800073c                RTC_WKUP_IRQHandler
                0x0800073c                LTDC_IRQHandler
                0x0800073c                SAI3_IRQHandler
                0x0800073c                ETH_WKUP_IRQHandler
                0x0800073c                SPDIF_RX_IRQHandler
                0x0800073c                MemManage_Handler
                0x0800073c                SVC_Handler
                0x0800073c                CRS_IRQHandler
                0x0800073c                EXTI4_IRQHandler
                0x0800073c                HRTIM1_TIMB_IRQHandler
                0x0800073c                FDCAN2_IT1_IRQHandler
                0x0800073c                ETH_IRQHandler
                0x0800073c                TIM1_UP_IRQHandler
                0x0800073c                BDMA_Channel4_IRQHandler
                0x0800073c                WWDG_IRQHandler
                0x0800073c                SPI6_IRQHandler
                0x0800073c                I2C4_EV_IRQHandler
                0x0800073c                MDIOS_IRQHandler
                0x0800073c                FDCAN2_IT0_IRQHandler
                0x0800073c                FDCAN1_IT0_IRQHandler
                0x0800073c                OTG_FS_WKUP_IRQHandler
                0x0800073c                DMA2D_IRQHandler
                0x0800073c                TIM1_BRK_IRQHandler
                0x0800073c                EXTI1_IRQHandler
                0x0800073c                SDMMC2_IRQHandler
                0x0800073c                OTG_FS_EP1_OUT_IRQHandler
                0x0800073c                BDMA_Channel3_IRQHandler
                0x0800073c                MDIOS_WKUP_IRQHandler
                0x0800073c                DFSDM1_FLT0_IRQHandler
                0x0800073c                SAI4_IRQHandler
                0x0800073c                I2C2_ER_IRQHandler
                0x0800073c                DMA2_Stream1_IRQHandler
                0x0800073c                FLASH_IRQHandler
                0x0800073c                BusFault_Handler
                0x0800073c                OTG_FS_IRQHandler
                0x0800073c                WAKEUP_PIN_IRQHandler
                0x0800073c                OTG_FS_EP1_IN_IRQHandler
                0x0800073c                I2C1_ER_IRQHandler
                0x0800073c                FMC_IRQHandler
                0x0800073c                FDCAN_CAL_IRQHandler
                0x0800073c                SWPMI1_IRQHandler
                0x0800073c                COMP1_IRQHandler
                0x0800073c                LPTIM1_IRQHandler
                0x0800073c                I2C4_ER_IRQHandler
                0x0800073c                DMA2_Stream6_IRQHandler
                0x0800073c                SAI1_IRQHandler
 .text.Reset_Handler
                0x08000748       0x48 build/startup_stm32h750xx.o
                0x08000748                Reset_Handler
 .text._ZN8HardwareD2Ev
                0x08000790        0x4 build/BlackBox.o
                0x08000790                Hardware::~Hardware()
                0x08000790                Hardware::~Hardware()
 .text._Z13AudioCallbackPKPKfPPfj
                0x08000794       0x38 build/BlackBox.o
                0x08000794                AudioCallback(float const* const*, float**, unsigned int)
 .text.startup.main
                0x080007cc       0x34 build/BlackBox.o
                0x080007cc                main
 .text.startup._GLOBAL__sub_I__Z13AudioCallbackPKPKfPPfj
                0x08000800       0xd0 build/BlackBox.o
 .text._ZN8Hardware4InitEv
                0x080008d0      0x104 build/hw.o
                0x080008d0                Hardware::Init()
 .text._ZN8Hardware19ProcessTestControlsEv
                0x080009d4       0x54 build/hw.o
                0x080009d4                Hardware::ProcessTestControls()
 .text._ZNK5daisy11OledDisplayINS_13SSD130xDriverILj128ELj64ENS_19SSD130xI2CTransportEEEE5WidthEv
                0x08000a28        0x4 build/screen.o
                0x08000a28                daisy::OledDisplay<daisy::SSD130xDriver<128u, 64u, daisy::SSD130xI2CTransport> >::Width() const
 .text._ZNK5daisy11OledDisplayINS_13SSD130xDriverILj128ELj64ENS_19SSD130xI2CTransportEEEE6HeightEv
                0x08000a2c        0x4 build/screen.o
                0x08000a2c                daisy::OledDisplay<daisy::SSD130xDriver<128u, 64u, daisy::SSD130xI2CTransport> >::Height() const
 .text._ZN5daisy11OledDisplayINS_13SSD130xDriverILj128ELj64ENS_19SSD130xI2CTransportEEEE4FillEb
                0x08000a30       0x10 build/screen.o
                0x08000a30                daisy::OledDisplay<daisy::SSD130xDriver<128u, 64u, daisy::SSD130xI2CTransport> >::Fill(bool)
 .text._ZN5daisy11OledDisplayINS_13SSD130xDriverILj128ELj64ENS_19SSD130xI2CTransportEEEED2Ev
                0x08000a40        0x4 build/screen.o
                0x08000a40                daisy::OledDisplay<daisy::SSD130xDriver<128u, 64u, daisy::SSD130xI2CTransport> >::~OledDisplay()
                0x08000a40                daisy::OledDisplay<daisy::SSD130xDriver<128u, 64u, daisy::SSD130xI2CTransport> >::~OledDisplay()
 .text._ZN5daisy11OledDisplayINS_13SSD130xDriverILj128ELj64ENS_19SSD130xI2CTransportEEEE14UpdateFinishedEv
                0x08000a44        0x4 build/screen.o
                0x08000a44                daisy::OledDisplay<daisy::SSD130xDriver<128u, 64u, daisy::SSD130xI2CTransport> >::UpdateFinished()
 .text._ZN5daisy11OledDisplayINS_13SSD130xDriverILj128ELj64ENS_19SSD130xI2CTransportEEEED0Ev
                0x08000a48       0x10 build/screen.o
                0x08000a48                daisy::OledDisplay<daisy::SSD130xDriver<128u, 64u, daisy::SSD130xI2CTransport> >::~OledDisplay()
 .text._ZL16DrawStringRot180RN5daisy11OledDisplayINS_13SSD130xDriverILj128ELj64ENS_19SSD130xI2CTransportEEEEEiiPKcRK7FontDefb.constprop.0
                0x08000a58       0xf8 build/screen.o
 .text._ZN5daisy11OledDisplayINS_13SSD130xDriverILj128ELj64ENS_19SSD130xI2CTransportEEEE6UpdateEv
                0x08000b50       0xa0 build/screen.o
                0x08000b50                daisy::OledDisplay<daisy::SSD130xDriver<128u, 64u, daisy::SSD130xI2CTransport> >::Update()
 .text._ZN5daisy25OneBitGraphicsDisplayImplINS_11OledDisplayINS_13SSD130xDriverILj128ELj64ENS_19SSD130xI2CTransportEEEEEE11WriteStringEPKc7FontDefb
                0x08000bf0      0x20c build/screen.o
                0x08000bf0                daisy::OneBitGraphicsDisplayImpl<daisy::OledDisplay<daisy::SSD130xDriver<128u, 64u, daisy::SSD130xI2CTransport> > >::WriteString(char const*, FontDef, bool)
 .text._ZN5daisy25OneBitGraphicsDisplayImplINS_11OledDisplayINS_13SSD130xDriverILj128ELj64ENS_19SSD130xI2CTransportEEEEEE9WriteCharEc7FontDefb
                0x08000dfc      0x1b8 build/screen.o
                0x08000dfc                daisy::OneBitGraphicsDisplayImpl<daisy::OledDisplay<daisy::SSD130xDriver<128u, 64u, daisy::SSD130xI2CTransport> > >::WriteChar(char, FontDef, bool)
 .text._ZN5daisy25OneBitGraphicsDisplayImplINS_11OledDisplayINS_13SSD130xDriverILj128ELj64ENS_19SSD130xI2CTransportEEEEEE18WriteStringAlignedEPKcRK7FontDefNS_9RectangleENS_9AlignmentEb
                0x08000fb4      0x434 build/screen.o
                0x08000fb4                daisy::OneBitGraphicsDisplayImpl<daisy::OledDisplay<daisy::SSD130xDriver<128u, 64u, daisy::SSD130xI2CTransport> > >::WriteStringAligned(char const*, FontDef const&, daisy::Rectangle, daisy::Alignment, bool)
 .text._ZN5daisy11OledDisplayINS_13SSD130xDriverILj128ELj64ENS_19SSD130xI2CTransportEEEE9DrawPixelEjjb
                0x080013e8       0x30 build/screen.o
                0x080013e8                daisy::OledDisplay<daisy::SSD130xDriver<128u, 64u, daisy::SSD130xI2CTransport> >::DrawPixel(unsigned int, unsigned int, bool)
 .text._ZN5daisy25OneBitGraphicsDisplayImplINS_11OledDisplayINS_13SSD130xDriverILj128ELj64ENS_19SSD130xI2CTransportEEEEEE8DrawLineEjjjjb
                0x08001418       0xec build/screen.o
                0x08001418                daisy::OneBitGraphicsDisplayImpl<daisy::OledDisplay<daisy::SSD130xDriver<128u, 64u, daisy::SSD130xI2CTransport> > >::DrawLine(unsigned int, unsigned int, unsigned int, unsigned int, bool)
 *fill*         0x08001504        0x4 
 .text._ZN5daisy25OneBitGraphicsDisplayImplINS_11OledDisplayINS_13SSD130xDriverILj128ELj64ENS_19SSD130xI2CTransportEEEEEE7DrawArcEjjjiib
                0x08001508      0x434 build/screen.o
                0x08001508                daisy::OneBitGraphicsDisplayImpl<daisy::OledDisplay<daisy::SSD130xDriver<128u, 64u, daisy::SSD130xI2CTransport> > >::DrawArc(unsigned int, unsigned int, unsigned int, int, int, bool)
 .text._ZN5daisy25OneBitGraphicsDisplayImplINS_11OledDisplayINS_13SSD130xDriverILj128ELj64ENS_19SSD130xI2CTransportEEEEEE8DrawRectEjjjjbb
                0x0800193c      0x3b8 build/screen.o
                0x0800193c                daisy::OneBitGraphicsDisplayImpl<daisy::OledDisplay<daisy::SSD130xDriver<128u, 64u, daisy::SSD130xI2CTransport> > >::DrawRect(unsigned int, unsigned int, unsigned int, unsigned int, bool, bool)
 .text._ZN6Screen4InitERN5daisy9DaisySeedE
                0x08001cf4      0x288 build/screen.o
                0x08001cf4                Screen::Init(daisy::DaisySeed&)
 .text._ZN6Screen16DrawHardwareTestER8Hardware
                0x08001f7c      0x184 build/screen.o
                0x08001f7c                Screen::DrawHardwareTest(Hardware&)
 .text.startup._GLOBAL__sub_I__ZN6Screen4InitERN5daisy9DaisySeedE
                0x08002100       0x2c build/screen.o
 .text.startup._GLOBAL__sub_I_kMenuGenericEdit
                0x0800212c       0x30 build/processing.o
 .text._ZN5daisy9DaisySeed6GetPinEh
                0x0800215c       0x2c libDaisy/build/libdaisy.a(daisy_seed.o)
                0x0800215c                daisy::DaisySeed::GetPin(unsigned char)
 .text._ZN5daisy9DaisySeed10StartAudioEPFvPKPKfPPfjE
                0x08002188        0x8 libDaisy/build/libdaisy.a(daisy_seed.o)
                0x08002188                daisy::DaisySeed::StartAudio(void (*)(float const* const*, float**, unsigned int))
 .text._ZN5daisy9DaisySeed15AudioSampleRateEv
                0x08002190        0x8 libDaisy/build/libdaisy.a(daisy_seed.o)
                0x08002190                daisy::DaisySeed::AudioSampleRate()
 .text._ZN5daisy9DaisySeed17SetAudioBlockSizeEj
                0x08002198       0x38 libDaisy/build/libdaisy.a(daisy_seed.o)
                0x08002198                daisy::DaisySeed::SetAudioBlockSize(unsigned int)
 .text._ZNK5daisy9DaisySeed17AudioCallbackRateEv
                0x080021d0        0x8 libDaisy/build/libdaisy.a(daisy_seed.o)
                0x080021d0                daisy::DaisySeed::AudioCallbackRate() const
 .text._ZN5daisy9DaisySeed17CheckBoardVersionEv
                0x080021d8       0x6c libDaisy/build/libdaisy.a(daisy_seed.o)
                0x080021d8                daisy::DaisySeed::CheckBoardVersion()
 .text._ZN5daisy9DaisySeed14ConfigureAudioEv
                0x08002244      0x108 libDaisy/build/libdaisy.a(daisy_seed.o)
                0x08002244                daisy::DaisySeed::ConfigureAudio()
 .text._ZN5daisy9DaisySeed4InitEb
                0x0800234c       0xf0 libDaisy/build/libdaisy.a(daisy_seed.o)
                0x0800234c                daisy::DaisySeed::Init(bool)
 .text._ZN5daisy6Ak45564InitENS_3PinE
                0x0800243c       0x44 libDaisy/build/libdaisy.a(codec_ak4556.o)
                0x0800243c                daisy::Ak4556::Init(daisy::Pin)
 .text._ZN5daisy6Wm873120WriteControlRegisterEht
                0x08002480       0x3c libDaisy/build/libdaisy.a(codec_wm8731.o)
                0x08002480                daisy::Wm8731::WriteControlRegister(unsigned char, unsigned short)
 .text._ZN5daisy6Wm87314InitERKNS0_6ConfigENS_9I2CHandleE
                0x080024bc      0x1ac libDaisy/build/libdaisy.a(codec_wm8731.o)
                0x080024bc                daisy::Wm8731::Init(daisy::Wm8731::Config const&, daisy::I2CHandle)
 .text._ZN11SdramHandle10DeviceInitEv
                0x08002668       0x88 libDaisy/build/libdaisy.a(sdram.o)
                0x08002668                SdramHandle::DeviceInit()
 .text._ZN11SdramHandle4InitEv
                0x080026f0       0x80 libDaisy/build/libdaisy.a(sdram.o)
                0x080026f0                SdramHandle::Init()
 .text.HAL_SDRAM_MspInit
                0x08002770      0x19c libDaisy/build/libdaisy.a(sdram.o)
                0x08002770                HAL_SDRAM_MspInit
 .text._ZN5daisy11AudioHandle4Impl16InternalCallbackEPlS2_j
                0x0800290c      0xd14 libDaisy/build/libdaisy.a(audio.o)
                0x0800290c                daisy::AudioHandle::Impl::InternalCallback(long*, long*, unsigned int)
 .text._ZN5daisy11AudioHandle4InitERKNS0_6ConfigENS_9SaiHandleE
                0x08003620       0x70 libDaisy/build/libdaisy.a(audio.o)
                0x08003620                daisy::AudioHandle::Init(daisy::AudioHandle::Config const&, daisy::SaiHandle)
 .text._ZNK5daisy11AudioHandle9GetConfigEv
                0x08003690        0x8 libDaisy/build/libdaisy.a(audio.o)
                0x08003690                daisy::AudioHandle::GetConfig() const
 .text._ZN5daisy11AudioHandle12SetBlockSizeEj
                0x08003698       0x1c libDaisy/build/libdaisy.a(audio.o)
                0x08003698                daisy::AudioHandle::SetBlockSize(unsigned int)
 .text._ZN5daisy11AudioHandle13GetSampleRateEv
                0x080036b4        0x8 libDaisy/build/libdaisy.a(audio.o)
                0x080036b4                daisy::AudioHandle::GetSampleRate()
 .text._ZN5daisy11AudioHandle5StartEPFvPKPKfPPfjE
                0x080036bc       0x44 libDaisy/build/libdaisy.a(audio.o)
                0x080036bc                daisy::AudioHandle::Start(void (*)(float const* const*, float**, unsigned int))
 .text.startup._GLOBAL__sub_I__ZN5daisy11AudioHandle4Impl4InitENS0_6ConfigENS_9SaiHandleE
                0x08003700       0x20 libDaisy/build/libdaisy.a(audio.o)
 .text._ZN5daisy7Encoder4InitENS_3PinES1_S1_f
                0x08003720       0x5c libDaisy/build/libdaisy.a(encoder.o)
                0x08003720                daisy::Encoder::Init(daisy::Pin, daisy::Pin, daisy::Pin, float)
 .text._ZN5daisy7Encoder8DebounceEv
                0x0800377c       0x7c libDaisy/build/libdaisy.a(encoder.o)
                0x0800377c                daisy::Encoder::Debounce()
 .text._ZN5daisy6Switch4InitENS_3PinEf
                0x080037f8       0x2c libDaisy/build/libdaisy.a(switch.o)
                0x080037f8                daisy::Switch::Init(daisy::Pin, float)
 .text._ZN5daisy6Switch8DebounceEv
                0x08003824       0x48 libDaisy/build/libdaisy.a(switch.o)
                0x08003824                daisy::Switch::Debounce()
 .text._ZN5daisy4GPIO4InitERKNS0_6ConfigE
                0x0800386c      0x220 libDaisy/build/libdaisy.a(gpio.o)
                0x0800386c                daisy::GPIO::Init(daisy::GPIO::Config const&)
 .text._ZN5daisy4GPIO4InitENS_3PinENS0_4ModeENS0_4PullENS0_5SpeedE
                0x08003a8c      0x21c libDaisy/build/libdaisy.a(gpio.o)
                0x08003a8c                daisy::GPIO::Init(daisy::Pin, daisy::GPIO::Mode, daisy::GPIO::Pull, daisy::GPIO::Speed)
 .text._ZN5daisy4GPIO4ReadEv
                0x08003ca8       0x18 libDaisy/build/libdaisy.a(gpio.o)
                0x08003ca8                daisy::GPIO::Read()
 .text._ZN5daisy4GPIO5WriteEb
                0x08003cc0       0x14 libDaisy/build/libdaisy.a(gpio.o)
                0x08003cc0                daisy::GPIO::Write(bool)
 .text._ZN5daisy9I2CHandle4Impl8InitPinsEv
                0x08003cd4       0x70 libDaisy/build/libdaisy.a(i2c.o)
                0x08003cd4                daisy::I2CHandle::Impl::InitPins()
 .text.HAL_I2C_MspInit
                0x08003d44      0x1b4 libDaisy/build/libdaisy.a(i2c.o)
                0x08003d44                HAL_I2C_MspInit
 .text.dsy_i2c_global_init
                0x08003ef8       0x70 libDaisy/build/libdaisy.a(i2c.o)
                0x08003ef8                dsy_i2c_global_init
 .text.DMA1_Stream6_IRQHandler
                0x08003f68       0x34 libDaisy/build/libdaisy.a(i2c.o)
                0x08003f68                DMA1_Stream6_IRQHandler
 .text.I2C1_EV_IRQHandler
                0x08003f9c        0xc libDaisy/build/libdaisy.a(i2c.o)
                0x08003f9c                I2C1_EV_IRQHandler
 .text.I2C2_EV_IRQHandler
                0x08003fa8        0xc libDaisy/build/libdaisy.a(i2c.o)
                0x08003fa8                I2C2_EV_IRQHandler
 .text.I2C3_EV_IRQHandler
                0x08003fb4        0xc libDaisy/build/libdaisy.a(i2c.o)
                0x08003fb4                I2C3_EV_IRQHandler
 .text._ZN5daisy9I2CHandle4InitERKNS0_6ConfigE
                0x08003fc0      0x128 libDaisy/build/libdaisy.a(i2c.o)
                0x08003fc0                daisy::I2CHandle::Init(daisy::I2CHandle::Config const&)
 .text._ZN5daisy9I2CHandle16TransmitBlockingEtPhtm
                0x080040e8       0x50 libDaisy/build/libdaisy.a(i2c.o)
                0x080040e8                daisy::I2CHandle::TransmitBlocking(unsigned short, unsigned char*, unsigned short, unsigned long)
 .text.startup._GLOBAL__sub_I__ZN5daisy9I2CHandle4Impl10GlobalInitEv
                0x08004138       0x2c libDaisy/build/libdaisy.a(i2c.o)
 .text._ZN5daisy10QSPIHandle4Impl11WriteEnableEv
                0x08004164       0x88 libDaisy/build/libdaisy.a(qspi.o)
                0x08004164                daisy::QSPIHandle::Impl::WriteEnable()
 *fill*         0x080041ec        0x4 
 .text._ZN5daisy10QSPIHandle4Impl17DummyCyclesConfigENS0_6Config6DeviceE
                0x080041f0      0x108 libDaisy/build/libdaisy.a(qspi.o)
                0x080041f0                daisy::QSPIHandle::Impl::DummyCyclesConfig(daisy::QSPIHandle::Config::Device)
 .text._ZN5daisy10QSPIHandle4Impl10QuadEnableEv
                0x080042f8      0x148 libDaisy/build/libdaisy.a(qspi.o)
                0x080042f8                daisy::QSPIHandle::Impl::QuadEnable()
 .text._ZN5daisy10QSPIHandle4Impl21DefaultStatusRegisterEv
                0x08004440      0x148 libDaisy/build/libdaisy.a(qspi.o)
                0x08004440                daisy::QSPIHandle::Impl::DefaultStatusRegister()
 .text._ZN5daisy10QSPIHandle4Impl7PreInitEm
                0x08004588      0x190 libDaisy/build/libdaisy.a(qspi.o)
                0x08004588                daisy::QSPIHandle::Impl::PreInit(unsigned long)
 .text._ZN5daisy10QSPIHandle4InitERKNS0_6ConfigE
                0x08004718      0x1b4 libDaisy/build/libdaisy.a(qspi.o)
                0x08004718                daisy::QSPIHandle::Init(daisy::QSPIHandle::Config const&)
 .text.HAL_QSPI_MspInit
                0x080048cc      0x190 libDaisy/build/libdaisy.a(qspi.o)
                0x080048cc                HAL_QSPI_MspInit
 .text.HAL_QSPI_MspDeInit
                0x08004a5c      0x14c libDaisy/build/libdaisy.a(qspi.o)
                0x08004a5c                HAL_QSPI_MspDeInit
 .text.QUADSPI_IRQHandler
                0x08004ba8        0xc libDaisy/build/libdaisy.a(qspi.o)
                0x08004ba8                QUADSPI_IRQHandler
 .text.startup._GLOBAL__sub_I__ZN5daisy10QSPIHandle4Impl7PreInitEm
                0x08004bb4       0x40 libDaisy/build/libdaisy.a(qspi.o)
 .text._ZN5daisy9SaiHandle4Impl8InitPinsEv
                0x08004bf4       0xc8 libDaisy/build/libdaisy.a(sai.o)
                0x08004bf4                daisy::SaiHandle::Impl::InitPins()
 .text.HAL_SAI_MspInit
                0x08004cbc      0x2a8 libDaisy/build/libdaisy.a(sai.o)
                0x08004cbc                HAL_SAI_MspInit
 .text.DMA1_Stream0_IRQHandler
                0x08004f64        0xc libDaisy/build/libdaisy.a(sai.o)
                0x08004f64                DMA1_Stream0_IRQHandler
 .text.DMA1_Stream1_IRQHandler
                0x08004f70        0xc libDaisy/build/libdaisy.a(sai.o)
                0x08004f70                DMA1_Stream1_IRQHandler
 .text.DMA1_Stream3_IRQHandler
                0x08004f7c        0xc libDaisy/build/libdaisy.a(sai.o)
                0x08004f7c                DMA1_Stream3_IRQHandler
 .text.DMA1_Stream4_IRQHandler
                0x08004f88        0xc libDaisy/build/libdaisy.a(sai.o)
                0x08004f88                DMA1_Stream4_IRQHandler
 .text.HAL_SAI_RxHalfCpltCallback
                0x08004f94       0x78 libDaisy/build/libdaisy.a(sai.o)
                0x08004f94                HAL_SAI_RxHalfCpltCallback
 .text.HAL_SAI_RxCpltCallback
                0x0800500c       0x70 libDaisy/build/libdaisy.a(sai.o)
                0x0800500c                HAL_SAI_RxCpltCallback
 *fill*         0x0800507c        0x4 
 .text._ZN5daisy9SaiHandle4InitERKNS0_6ConfigE
                0x08005080      0x1fc libDaisy/build/libdaisy.a(sai.o)
                0x08005080                daisy::SaiHandle::Init(daisy::SaiHandle::Config const&)
 .text._ZNK5daisy9SaiHandle9GetConfigEv
                0x0800527c        0x4 libDaisy/build/libdaisy.a(sai.o)
                0x0800527c                daisy::SaiHandle::GetConfig() const
 .text._ZN5daisy9SaiHandle8StartDmaEPlS1_jPFvS1_S1_jE
                0x08005280       0xac libDaisy/build/libdaisy.a(sai.o)
                0x08005280                daisy::SaiHandle::StartDma(long*, long*, unsigned int, void (*)(long*, long*, unsigned int))
 .text._ZN5daisy9SaiHandle13GetSampleRateEv
                0x0800532c       0x24 libDaisy/build/libdaisy.a(sai.o)
                0x0800532c                daisy::SaiHandle::GetSampleRate()
 .text._ZNK5daisy9SaiHandle9GetOffsetEv
                0x08005350        0x8 libDaisy/build/libdaisy.a(sai.o)
                0x08005350                daisy::SaiHandle::GetOffset() const
 .text.startup._GLOBAL__sub_I__ZN5daisy9SaiHandle4Impl4InitERKNS0_6ConfigE
                0x08005358       0x20 libDaisy/build/libdaisy.a(sai.o)
 .text._ZN5daisy11TimerHandleD2Ev
                0x08005378        0x4 libDaisy/build/libdaisy.a(system.o)
                0x08005378                daisy::TimerHandle::~TimerHandle()
                0x08005378                daisy::TimerHandle::~TimerHandle()
 .text.SysTick_Handler
                0x0800537c       0x10 libDaisy/build/libdaisy.a(system.o)
                0x0800537c                SysTick_Handler
 .text.OTG_HS_EP1_OUT_IRQHandler
                0x0800538c       0x24 libDaisy/build/libdaisy.a(system.o)
                0x0800538c                OTG_HS_EP1_OUT_IRQHandler
 .text.OTG_HS_EP1_IN_IRQHandler
                0x080053b0       0x24 libDaisy/build/libdaisy.a(system.o)
                0x080053b0                OTG_HS_EP1_IN_IRQHandler
 .text.OTG_HS_IRQHandler
                0x080053d4       0x24 libDaisy/build/libdaisy.a(system.o)
                0x080053d4                OTG_HS_IRQHandler
 .text.HardFault_Handler
                0x080053f8       0xe0 libDaisy/build/libdaisy.a(system.o)
                0x080053f8                HardFault_Handler
 .text._ZN5daisy6System6GetNowEv
                0x080054d8        0x4 libDaisy/build/libdaisy.a(system.o)
                0x080054d8                daisy::System::GetNow()
 .text._ZN5daisy6System5DelayEm
                0x080054dc        0x4 libDaisy/build/libdaisy.a(system.o)
                0x080054dc                daisy::System::Delay(unsigned long)
 .text._ZN5daisy6System20GetBootloaderVersionEv
                0x080054e0       0x34 libDaisy/build/libdaisy.a(system.o)
                0x080054e0                daisy::System::GetBootloaderVersion()
 *fill*         0x08005514        0x4 
 .text._ZN5daisy6System15ConfigureClocksEv
                0x08005518      0x1ac libDaisy/build/libdaisy.a(system.o)
                0x08005518                daisy::System::ConfigureClocks()
 .text._ZN5daisy6System12ConfigureMpuEv
                0x080056c4       0x7c libDaisy/build/libdaisy.a(system.o)
                0x080056c4                daisy::System::ConfigureMpu()
 .text._ZN5daisy6System4InitERKNS0_6ConfigE
                0x08005740       0xf8 libDaisy/build/libdaisy.a(system.o)
                0x08005740                daisy::System::Init(daisy::System::Config const&)
 .text._ZN5daisy6System12GetPClk1FreqEv
                0x08005838        0x4 libDaisy/build/libdaisy.a(system.o)
                0x08005838                daisy::System::GetPClk1Freq()
 .text._ZN5daisy6System22GetProgramMemoryRegionEv
                0x0800583c       0x78 libDaisy/build/libdaisy.a(system.o)
                0x0800583c                daisy::System::GetProgramMemoryRegion()
 .text.startup._GLOBAL__sub_I__ZN5daisy9boot_infoE
                0x080058b4       0x20 libDaisy/build/libdaisy.a(system.o)
 .text.SystemInit
                0x080058d4       0x98 libDaisy/build/libdaisy.a(system_stm32h7xx.o)
                0x080058d4                SystemInit
 .text.HAL_PCD_SetupStageCallback
                0x0800596c        0xc libDaisy/build/libdaisy.a(usbd_conf.o)
                0x0800596c                HAL_PCD_SetupStageCallback
 .text.HAL_PCD_DataOutStageCallback
                0x08005978       0x14 libDaisy/build/libdaisy.a(usbd_conf.o)
                0x08005978                HAL_PCD_DataOutStageCallback
 .text.HAL_PCD_DataInStageCallback
                0x0800598c       0x14 libDaisy/build/libdaisy.a(usbd_conf.o)
                0x0800598c                HAL_PCD_DataInStageCallback
 .text.HAL_PCD_SOFCallback
                0x080059a0        0x8 libDaisy/build/libdaisy.a(usbd_conf.o)
                0x080059a0                HAL_PCD_SOFCallback
 .text.HAL_PCD_ResetCallback
                0x080059a8       0x24 libDaisy/build/libdaisy.a(usbd_conf.o)
                0x080059a8                HAL_PCD_ResetCallback
 .text.HAL_PCD_SuspendCallback
                0x080059cc       0x30 libDaisy/build/libdaisy.a(usbd_conf.o)
                0x080059cc                HAL_PCD_SuspendCallback
 .text.HAL_PCD_ResumeCallback
                0x080059fc        0x8 libDaisy/build/libdaisy.a(usbd_conf.o)
                0x080059fc                HAL_PCD_ResumeCallback
 .text.HAL_PCD_ISOOUTIncompleteCallback
                0x08005a04        0x8 libDaisy/build/libdaisy.a(usbd_conf.o)
                0x08005a04                HAL_PCD_ISOOUTIncompleteCallback
 .text.HAL_PCD_ISOINIncompleteCallback
                0x08005a0c        0x8 libDaisy/build/libdaisy.a(usbd_conf.o)
                0x08005a0c                HAL_PCD_ISOINIncompleteCallback
 .text.HAL_PCD_ConnectCallback
                0x08005a14        0x8 libDaisy/build/libdaisy.a(usbd_conf.o)
                0x08005a14                HAL_PCD_ConnectCallback
 .text.HAL_PCD_DisconnectCallback
                0x08005a1c        0x8 libDaisy/build/libdaisy.a(usbd_conf.o)
                0x08005a1c                HAL_PCD_DisconnectCallback
 .text.USBD_LL_OpenEP
                0x08005a24       0x1c libDaisy/build/libdaisy.a(usbd_conf.o)
                0x08005a24                USBD_LL_OpenEP
 .text.USBD_LL_StallEP
                0x08005a40       0x18 libDaisy/build/libdaisy.a(usbd_conf.o)
                0x08005a40                USBD_LL_StallEP
 .text.USBD_LL_ClearStallEP
                0x08005a58       0x18 libDaisy/build/libdaisy.a(usbd_conf.o)
                0x08005a58                USBD_LL_ClearStallEP
 .text.USBD_LL_IsStallEP
                0x08005a70       0x28 libDaisy/build/libdaisy.a(usbd_conf.o)
                0x08005a70                USBD_LL_IsStallEP
 .text.USBD_LL_SetUSBAddress
                0x08005a98       0x18 libDaisy/build/libdaisy.a(usbd_conf.o)
                0x08005a98                USBD_LL_SetUSBAddress
 .text.USBD_LL_Transmit
                0x08005ab0       0x18 libDaisy/build/libdaisy.a(usbd_conf.o)
                0x08005ab0                USBD_LL_Transmit
 .text.USBD_LL_PrepareReceive
                0x08005ac8       0x18 libDaisy/build/libdaisy.a(usbd_conf.o)
                0x08005ac8                USBD_LL_PrepareReceive
 .text.HAL_HCD_SOF_Callback
                0x08005ae0        0x8 libDaisy/build/libdaisy.a(usbh_conf.o)
                0x08005ae0                HAL_HCD_SOF_Callback
 .text.HAL_HCD_Connect_Callback
                0x08005ae8        0x8 libDaisy/build/libdaisy.a(usbh_conf.o)
                0x08005ae8                HAL_HCD_Connect_Callback
 .text.HAL_HCD_Disconnect_Callback
                0x08005af0        0x8 libDaisy/build/libdaisy.a(usbh_conf.o)
                0x08005af0                HAL_HCD_Disconnect_Callback
 .text.HAL_HCD_HC_NotifyURBChange_Callback
                0x08005af8        0x4 libDaisy/build/libdaisy.a(usbh_conf.o)
                0x08005af8                HAL_HCD_HC_NotifyURBChange_Callback
 .text.HAL_HCD_PortEnabled_Callback
                0x08005afc        0x8 libDaisy/build/libdaisy.a(usbh_conf.o)
                0x08005afc                HAL_HCD_PortEnabled_Callback
 .text.HAL_HCD_PortDisabled_Callback
                0x08005b04        0x8 libDaisy/build/libdaisy.a(usbh_conf.o)
                0x08005b04                HAL_HCD_PortDisabled_Callback
 .text.USBH_LL_Stop
                0x08005b0c       0x18 libDaisy/build/libdaisy.a(usbh_conf.o)
                0x08005b0c                USBH_LL_Stop
 .text.HAL_MspInit
                0x08005b24        0x4 libDaisy/build/libdaisy.a(stm32h7xx_hal.o)
                0x08005b24                HAL_MspInit
 .text.HAL_InitTick
                0x08005b28       0x4c libDaisy/build/libdaisy.a(stm32h7xx_hal.o)
                0x08005b28                HAL_InitTick
 .text.HAL_Init
                0x08005b74       0x60 libDaisy/build/libdaisy.a(stm32h7xx_hal.o)
                0x08005b74                HAL_Init
 .text.HAL_IncTick
                0x08005bd4       0x18 libDaisy/build/libdaisy.a(stm32h7xx_hal.o)
                0x08005bd4                HAL_IncTick
 .text.HAL_GetTick
                0x08005bec        0xc libDaisy/build/libdaisy.a(stm32h7xx_hal.o)
                0x08005bec                HAL_GetTick
 .text.HAL_Delay
                0x08005bf8       0x24 libDaisy/build/libdaisy.a(stm32h7xx_hal.o)
                0x08005bf8                HAL_Delay
 .text.HAL_GetREVID
                0x08005c1c        0xc libDaisy/build/libdaisy.a(stm32h7xx_hal.o)
                0x08005c1c                HAL_GetREVID
 .text.HAL_NVIC_SetPriorityGrouping
                0x08005c28       0x24 libDaisy/build/libdaisy.a(stm32h7xx_hal_cortex.o)
                0x08005c28                HAL_NVIC_SetPriorityGrouping
 .text.HAL_NVIC_SetPriority
                0x08005c4c       0x78 libDaisy/build/libdaisy.a(stm32h7xx_hal_cortex.o)
                0x08005c4c                HAL_NVIC_SetPriority
 .text.HAL_NVIC_EnableIRQ
                0x08005cc4       0x1c libDaisy/build/libdaisy.a(stm32h7xx_hal_cortex.o)
                0x08005cc4                HAL_NVIC_EnableIRQ
 .text.HAL_NVIC_DisableIRQ
                0x08005ce0       0x24 libDaisy/build/libdaisy.a(stm32h7xx_hal_cortex.o)
                0x08005ce0                HAL_NVIC_DisableIRQ
 .text.HAL_SYSTICK_Config
                0x08005d04       0x2c libDaisy/build/libdaisy.a(stm32h7xx_hal_cortex.o)
                0x08005d04                HAL_SYSTICK_Config
 .text.HAL_MPU_Disable
                0x08005d30       0x1c libDaisy/build/libdaisy.a(stm32h7xx_hal_cortex.o)
                0x08005d30                HAL_MPU_Disable
 .text.HAL_MPU_Enable
                0x08005d4c       0x20 libDaisy/build/libdaisy.a(stm32h7xx_hal_cortex.o)
                0x08005d4c                HAL_MPU_Enable
 .text.HAL_MPU_ConfigRegion
                0x08005d6c       0x64 libDaisy/build/libdaisy.a(stm32h7xx_hal_cortex.o)
                0x08005d6c                HAL_MPU_ConfigRegion
 .text.HAL_SYSTICK_Callback
                0x08005dd0        0x4 libDaisy/build/libdaisy.a(stm32h7xx_hal_cortex.o)
                0x08005dd0                HAL_SYSTICK_Callback
 .text.HAL_SYSTICK_IRQHandler
                0x08005dd4        0x8 libDaisy/build/libdaisy.a(stm32h7xx_hal_cortex.o)
                0x08005dd4                HAL_SYSTICK_IRQHandler
 .text.DMA_CalcBaseAndBitshift
                0x08005ddc      0x100 libDaisy/build/libdaisy.a(stm32h7xx_hal_dma.o)
 .text.DMA_CalcDMAMUXChannelBaseAndMask
                0x08005edc       0xd4 libDaisy/build/libdaisy.a(stm32h7xx_hal_dma.o)
 .text.HAL_DMA_Init
                0x08005fb0      0x520 libDaisy/build/libdaisy.a(stm32h7xx_hal_dma.o)
                0x08005fb0                HAL_DMA_Init
 .text.HAL_DMA_Start_IT
                0x080064d0      0x62c libDaisy/build/libdaisy.a(stm32h7xx_hal_dma.o)
                0x080064d0                HAL_DMA_Start_IT
 .text.HAL_DMA_Abort
                0x08006afc      0x36c libDaisy/build/libdaisy.a(stm32h7xx_hal_dma.o)
                0x08006afc                HAL_DMA_Abort
 .text.HAL_DMA_Abort_IT
                0x08006e68      0x198 libDaisy/build/libdaisy.a(stm32h7xx_hal_dma.o)
                0x08006e68                HAL_DMA_Abort_IT
 .text.HAL_DMA_IRQHandler
                0x08007000      0x424 libDaisy/build/libdaisy.a(stm32h7xx_hal_dma.o)
                0x08007000                HAL_DMA_IRQHandler
 .text.HAL_DMA_GetError
                0x08007424        0x4 libDaisy/build/libdaisy.a(stm32h7xx_hal_dma.o)
                0x08007424                HAL_DMA_GetError
 .text.HAL_GPIO_Init
                0x08007428      0x408 libDaisy/build/libdaisy.a(stm32h7xx_hal_gpio.o)
                0x08007428                HAL_GPIO_Init
 .text.HAL_GPIO_DeInit
                0x08007830      0x260 libDaisy/build/libdaisy.a(stm32h7xx_hal_gpio.o)
                0x08007830                HAL_GPIO_DeInit
 .text.HAL_GPIO_ReadPin
                0x08007a90        0xc libDaisy/build/libdaisy.a(stm32h7xx_hal_gpio.o)
                0x08007a90                HAL_GPIO_ReadPin
 .text.HAL_GPIO_WritePin
                0x08007a9c        0x8 libDaisy/build/libdaisy.a(stm32h7xx_hal_gpio.o)
                0x08007a9c                HAL_GPIO_WritePin
 .text.HAL_HCD_IRQHandler
                0x08007aa4      0xa40 libDaisy/build/libdaisy.a(stm32h7xx_hal_hcd.o)
                0x08007aa4                HAL_HCD_IRQHandler
 .text.HAL_HCD_Stop
                0x080084e4       0x28 libDaisy/build/libdaisy.a(stm32h7xx_hal_hcd.o)
                0x080084e4                HAL_HCD_Stop
 .text.I2C_WaitOnTXISFlagUntilTimeout
                0x0800850c      0x17c libDaisy/build/libdaisy.a(stm32h7xx_hal_i2c.o)
 .text.I2C_WaitOnSTOPFlagUntilTimeout
                0x08008688      0x198 libDaisy/build/libdaisy.a(stm32h7xx_hal_i2c.o)
 .text.HAL_I2C_Init
                0x08008820       0xac libDaisy/build/libdaisy.a(stm32h7xx_hal_i2c.o)
                0x08008820                HAL_I2C_Init
 .text.HAL_I2C_Master_Transmit
                0x080088cc      0x398 libDaisy/build/libdaisy.a(stm32h7xx_hal_i2c.o)
                0x080088cc                HAL_I2C_Master_Transmit
 .text.HAL_I2C_Slave_Transmit
                0x08008c64      0x27c libDaisy/build/libdaisy.a(stm32h7xx_hal_i2c.o)
                0x08008c64                HAL_I2C_Slave_Transmit
 .text.HAL_I2C_EV_IRQHandler
                0x08008ee0       0x10 libDaisy/build/libdaisy.a(stm32h7xx_hal_i2c.o)
                0x08008ee0                HAL_I2C_EV_IRQHandler
 .text.HAL_I2C_GetState
                0x08008ef0        0x8 libDaisy/build/libdaisy.a(stm32h7xx_hal_i2c.o)
                0x08008ef0                HAL_I2C_GetState
 .text.HAL_I2CEx_ConfigAnalogFilter
                0x08008ef8       0x54 libDaisy/build/libdaisy.a(stm32h7xx_hal_i2c_ex.o)
                0x08008ef8                HAL_I2CEx_ConfigAnalogFilter
 .text.HAL_I2CEx_ConfigDigitalFilter
                0x08008f4c       0x58 libDaisy/build/libdaisy.a(stm32h7xx_hal_i2c_ex.o)
                0x08008f4c                HAL_I2CEx_ConfigDigitalFilter
 .text.HAL_PCD_IRQHandler
                0x08008fa4      0xb6c libDaisy/build/libdaisy.a(stm32h7xx_hal_pcd.o)
                0x08008fa4                HAL_PCD_IRQHandler
 .text.HAL_PCD_SetAddress
                0x08009b10       0x2c libDaisy/build/libdaisy.a(stm32h7xx_hal_pcd.o)
                0x08009b10                HAL_PCD_SetAddress
 .text.HAL_PCD_EP_Open
                0x08009b3c       0x70 libDaisy/build/libdaisy.a(stm32h7xx_hal_pcd.o)
                0x08009b3c                HAL_PCD_EP_Open
 .text.HAL_PCD_EP_Receive
                0x08009bac       0x44 libDaisy/build/libdaisy.a(stm32h7xx_hal_pcd.o)
                0x08009bac                HAL_PCD_EP_Receive
 .text.HAL_PCD_EP_Transmit
                0x08009bf0       0x44 libDaisy/build/libdaisy.a(stm32h7xx_hal_pcd.o)
                0x08009bf0                HAL_PCD_EP_Transmit
 .text.HAL_PCD_EP_SetStall
                0x08009c34       0x84 libDaisy/build/libdaisy.a(stm32h7xx_hal_pcd.o)
                0x08009c34                HAL_PCD_EP_SetStall
 .text.HAL_PCD_EP_ClrStall
                0x08009cb8       0x70 libDaisy/build/libdaisy.a(stm32h7xx_hal_pcd.o)
                0x08009cb8                HAL_PCD_EP_ClrStall
 .text.HAL_PCDEx_LPM_Callback
                0x08009d28        0x4 libDaisy/build/libdaisy.a(stm32h7xx_hal_pcd_ex.o)
                0x08009d28                HAL_PCDEx_LPM_Callback
 .text.HAL_PWREx_ConfigSupply
                0x08009d2c       0x48 libDaisy/build/libdaisy.a(stm32h7xx_hal_pwr_ex.o)
                0x08009d2c                HAL_PWREx_ConfigSupply
 .text.HAL_PWREx_EnableUSBVoltageDetector
                0x08009d74       0x10 libDaisy/build/libdaisy.a(stm32h7xx_hal_pwr_ex.o)
                0x08009d74                HAL_PWREx_EnableUSBVoltageDetector
 .text.QSPI_Config
                0x08009d84      0x188 libDaisy/build/libdaisy.a(stm32h7xx_hal_qspi.o)
 .text.HAL_QSPI_Init
                0x08009f0c       0xc8 libDaisy/build/libdaisy.a(stm32h7xx_hal_qspi.o)
                0x08009f0c                HAL_QSPI_Init
 .text.HAL_QSPI_DeInit
                0x08009fd4       0x24 libDaisy/build/libdaisy.a(stm32h7xx_hal_qspi.o)
                0x08009fd4                HAL_QSPI_DeInit
 .text.HAL_QSPI_Command
                0x08009ff8       0xf8 libDaisy/build/libdaisy.a(stm32h7xx_hal_qspi.o)
                0x08009ff8                HAL_QSPI_Command
 .text.HAL_QSPI_Transmit
                0x0800a0f0      0x11c libDaisy/build/libdaisy.a(stm32h7xx_hal_qspi.o)
                0x0800a0f0                HAL_QSPI_Transmit
 .text.HAL_QSPI_Receive
                0x0800a20c      0x124 libDaisy/build/libdaisy.a(stm32h7xx_hal_qspi.o)
                0x0800a20c                HAL_QSPI_Receive
 .text.HAL_QSPI_AutoPolling
                0x0800a330      0x11c libDaisy/build/libdaisy.a(stm32h7xx_hal_qspi.o)
                0x0800a330                HAL_QSPI_AutoPolling
 .text.HAL_QSPI_MemoryMapped
                0x0800a44c       0xc4 libDaisy/build/libdaisy.a(stm32h7xx_hal_qspi.o)
                0x0800a44c                HAL_QSPI_MemoryMapped
 .text.HAL_QSPI_ErrorCallback
                0x0800a510        0x4 libDaisy/build/libdaisy.a(stm32h7xx_hal_qspi.o)
                0x0800a510                HAL_QSPI_ErrorCallback
 .text.QSPI_DMAAbortCplt
                0x0800a514       0x38 libDaisy/build/libdaisy.a(stm32h7xx_hal_qspi.o)
 .text.HAL_QSPI_AbortCpltCallback
                0x0800a54c        0x4 libDaisy/build/libdaisy.a(stm32h7xx_hal_qspi.o)
                0x0800a54c                HAL_QSPI_AbortCpltCallback
 .text.HAL_QSPI_CmdCpltCallback
                0x0800a550        0x4 libDaisy/build/libdaisy.a(stm32h7xx_hal_qspi.o)
                0x0800a550                HAL_QSPI_CmdCpltCallback
 .text.HAL_QSPI_RxCpltCallback
                0x0800a554        0x4 libDaisy/build/libdaisy.a(stm32h7xx_hal_qspi.o)
                0x0800a554                HAL_QSPI_RxCpltCallback
 .text.HAL_QSPI_TxCpltCallback
                0x0800a558        0x4 libDaisy/build/libdaisy.a(stm32h7xx_hal_qspi.o)
                0x0800a558                HAL_QSPI_TxCpltCallback
 .text.HAL_QSPI_FifoThresholdCallback
                0x0800a55c        0x4 libDaisy/build/libdaisy.a(stm32h7xx_hal_qspi.o)
                0x0800a55c                HAL_QSPI_FifoThresholdCallback
 .text.HAL_QSPI_StatusMatchCallback
                0x0800a560        0x4 libDaisy/build/libdaisy.a(stm32h7xx_hal_qspi.o)
                0x0800a560                HAL_QSPI_StatusMatchCallback
 .text.HAL_QSPI_TimeOutCallback
                0x0800a564        0x4 libDaisy/build/libdaisy.a(stm32h7xx_hal_qspi.o)
                0x0800a564                HAL_QSPI_TimeOutCallback
 .text.HAL_QSPI_IRQHandler
                0x0800a568      0x210 libDaisy/build/libdaisy.a(stm32h7xx_hal_qspi.o)
                0x0800a568                HAL_QSPI_IRQHandler
 .text.HAL_RCC_GetSysClockFreq.part.0
                0x0800a778       0xe4 libDaisy/build/libdaisy.a(stm32h7xx_hal_rcc.o)
 .text.HAL_RCC_OscConfig
                0x0800a85c      0x5e0 libDaisy/build/libdaisy.a(stm32h7xx_hal_rcc.o)
                0x0800a85c                HAL_RCC_OscConfig
 .text.HAL_RCC_GetSysClockFreq
                0x0800ae3c      0x11c libDaisy/build/libdaisy.a(stm32h7xx_hal_rcc.o)
                0x0800ae3c                HAL_RCC_GetSysClockFreq
 .text.HAL_RCC_ClockConfig
                0x0800af58      0x254 libDaisy/build/libdaisy.a(stm32h7xx_hal_rcc.o)
                0x0800af58                HAL_RCC_ClockConfig
 .text.HAL_RCC_GetHCLKFreq
                0x0800b1ac       0x80 libDaisy/build/libdaisy.a(stm32h7xx_hal_rcc.o)
                0x0800b1ac                HAL_RCC_GetHCLKFreq
 .text.HAL_RCC_GetPCLK1Freq
                0x0800b22c       0x90 libDaisy/build/libdaisy.a(stm32h7xx_hal_rcc.o)
                0x0800b22c                HAL_RCC_GetPCLK1Freq
 .text.HAL_RCC_GetPCLK2Freq
                0x0800b2bc       0x90 libDaisy/build/libdaisy.a(stm32h7xx_hal_rcc.o)
                0x0800b2bc                HAL_RCC_GetPCLK2Freq
 .text.RCCEx_PLL2_Config.part.0
                0x0800b34c       0xe0 libDaisy/build/libdaisy.a(stm32h7xx_hal_rcc_ex.o)
 .text.RCCEx_PLL3_Config.part.0
                0x0800b42c       0xe0 libDaisy/build/libdaisy.a(stm32h7xx_hal_rcc_ex.o)
 .text.HAL_RCCEx_PeriphCLKConfig
                0x0800b50c      0xe6c libDaisy/build/libdaisy.a(stm32h7xx_hal_rcc_ex.o)
                0x0800b50c                HAL_RCCEx_PeriphCLKConfig
 .text.HAL_RCCEx_GetD3PCLK1Freq
                0x0800c378       0x24 libDaisy/build/libdaisy.a(stm32h7xx_hal_rcc_ex.o)
                0x0800c378                HAL_RCCEx_GetD3PCLK1Freq
 .text.HAL_RCCEx_GetPLL2ClockFreq
                0x0800c39c      0x134 libDaisy/build/libdaisy.a(stm32h7xx_hal_rcc_ex.o)
                0x0800c39c                HAL_RCCEx_GetPLL2ClockFreq
 .text.HAL_RCCEx_GetPLL3ClockFreq
                0x0800c4d0      0x134 libDaisy/build/libdaisy.a(stm32h7xx_hal_rcc_ex.o)
                0x0800c4d0                HAL_RCCEx_GetPLL3ClockFreq
 .text.HAL_RCCEx_GetPLL1ClockFreq
                0x0800c604      0x134 libDaisy/build/libdaisy.a(stm32h7xx_hal_rcc_ex.o)
                0x0800c604                HAL_RCCEx_GetPLL1ClockFreq
 .text.HAL_RCCEx_GetPeriphCLKFreq
                0x0800c738      0x6f8 libDaisy/build/libdaisy.a(stm32h7xx_hal_rcc_ex.o)
                0x0800c738                HAL_RCCEx_GetPeriphCLKFreq
 .text.HAL_SAI_Init
                0x0800ce30      0x3c8 libDaisy/build/libdaisy.a(stm32h7xx_hal_sai.o)
                0x0800ce30                HAL_SAI_Init
 .text.HAL_SAI_InitProtocol
                0x0800d1f8      0x138 libDaisy/build/libdaisy.a(stm32h7xx_hal_sai.o)
                0x0800d1f8                HAL_SAI_InitProtocol
 .text.HAL_SAI_Transmit_DMA
                0x0800d330      0x110 libDaisy/build/libdaisy.a(stm32h7xx_hal_sai.o)
                0x0800d330                HAL_SAI_Transmit_DMA
 .text.HAL_SAI_Receive_DMA
                0x0800d440       0xc4 libDaisy/build/libdaisy.a(stm32h7xx_hal_sai.o)
                0x0800d440                HAL_SAI_Receive_DMA
 .text.HAL_SAI_TxCpltCallback
                0x0800d504        0x4 libDaisy/build/libdaisy.a(stm32h7xx_hal_sai.o)
                0x0800d504                HAL_SAI_TxCpltCallback
 .text.SAI_DMATxCplt
                0x0800d508       0x5c libDaisy/build/libdaisy.a(stm32h7xx_hal_sai.o)
 .text.HAL_SAI_TxHalfCpltCallback
                0x0800d564        0x4 libDaisy/build/libdaisy.a(stm32h7xx_hal_sai.o)
                0x0800d564                HAL_SAI_TxHalfCpltCallback
 .text.SAI_DMATxHalfCplt
                0x0800d568        0xc libDaisy/build/libdaisy.a(stm32h7xx_hal_sai.o)
 .text.SAI_DMARxCplt
                0x0800d574       0x5c libDaisy/build/libdaisy.a(stm32h7xx_hal_sai.o)
 .text.SAI_DMARxHalfCplt
                0x0800d5d0        0xc libDaisy/build/libdaisy.a(stm32h7xx_hal_sai.o)
 .text.HAL_SAI_ErrorCallback
                0x0800d5dc        0x4 libDaisy/build/libdaisy.a(stm32h7xx_hal_sai.o)
                0x0800d5dc                HAL_SAI_ErrorCallback
 .text.SAI_DMAError
                0x0800d5e0       0x6c libDaisy/build/libdaisy.a(stm32h7xx_hal_sai.o)
 .text.HAL_SDRAM_Init
                0x0800d64c       0x54 libDaisy/build/libdaisy.a(stm32h7xx_hal_sdram.o)
                0x0800d64c                HAL_SDRAM_Init
 .text.HAL_SDRAM_SendCommand
                0x0800d6a0       0x40 libDaisy/build/libdaisy.a(stm32h7xx_hal_sdram.o)
                0x0800d6a0                HAL_SDRAM_SendCommand
 .text.HAL_SDRAM_ProgramRefreshRate
                0x0800d6e0       0x30 libDaisy/build/libdaisy.a(stm32h7xx_hal_sdram.o)
                0x0800d6e0                HAL_SDRAM_ProgramRefreshRate
 .text.FMC_SDRAM_Init
                0x0800d710       0x6c libDaisy/build/libdaisy.a(stm32h7xx_ll_fmc.o)
                0x0800d710                FMC_SDRAM_Init
 .text.FMC_SDRAM_Timing_Init
                0x0800d77c       0x7c libDaisy/build/libdaisy.a(stm32h7xx_ll_fmc.o)
                0x0800d77c                FMC_SDRAM_Timing_Init
 .text.FMC_SDRAM_SendCommand
                0x0800d7f8       0x34 libDaisy/build/libdaisy.a(stm32h7xx_ll_fmc.o)
                0x0800d7f8                FMC_SDRAM_SendCommand
 .text.FMC_SDRAM_ProgramRefreshRate
                0x0800d82c       0x14 libDaisy/build/libdaisy.a(stm32h7xx_ll_fmc.o)
                0x0800d82c                FMC_SDRAM_ProgramRefreshRate
 .text.USB_SetTurnaroundTime
                0x0800d840       0xf4 libDaisy/build/libdaisy.a(stm32h7xx_ll_usb.o)
                0x0800d840                USB_SetTurnaroundTime
 .text.USB_FlushTxFifo
                0x0800d934       0x54 libDaisy/build/libdaisy.a(stm32h7xx_ll_usb.o)
                0x0800d934                USB_FlushTxFifo
 .text.USB_FlushRxFifo
                0x0800d988       0x50 libDaisy/build/libdaisy.a(stm32h7xx_ll_usb.o)
                0x0800d988                USB_FlushRxFifo
 .text.USB_GetDevSpeed
                0x0800d9d8       0x18 libDaisy/build/libdaisy.a(stm32h7xx_ll_usb.o)
                0x0800d9d8                USB_GetDevSpeed
 .text.USB_ActivateEndpoint
                0x0800d9f0       0x8c libDaisy/build/libdaisy.a(stm32h7xx_ll_usb.o)
                0x0800d9f0                USB_ActivateEndpoint
 .text.USB_EPStartXfer
                0x0800da7c      0x23c libDaisy/build/libdaisy.a(stm32h7xx_ll_usb.o)
                0x0800da7c                USB_EPStartXfer
 .text.USB_EPStopXfer
                0x0800dcb8       0x94 libDaisy/build/libdaisy.a(stm32h7xx_ll_usb.o)
                0x0800dcb8                USB_EPStopXfer
 .text.USB_WritePacket
                0x0800dd4c       0x2c libDaisy/build/libdaisy.a(stm32h7xx_ll_usb.o)
                0x0800dd4c                USB_WritePacket
 .text.USB_ReadPacket
                0x0800dd78       0x4c libDaisy/build/libdaisy.a(stm32h7xx_ll_usb.o)
                0x0800dd78                USB_ReadPacket
 .text.USB_EPSetStall
                0x0800ddc4       0x70 libDaisy/build/libdaisy.a(stm32h7xx_ll_usb.o)
                0x0800ddc4                USB_EPSetStall
 .text.USB_EPClearStall
                0x0800de34       0x58 libDaisy/build/libdaisy.a(stm32h7xx_ll_usb.o)
                0x0800de34                USB_EPClearStall
 .text.USB_SetDevAddress
                0x0800de8c       0x24 libDaisy/build/libdaisy.a(stm32h7xx_ll_usb.o)
                0x0800de8c                USB_SetDevAddress
 .text.USB_ReadInterrupts
                0x0800deb0        0x8 libDaisy/build/libdaisy.a(stm32h7xx_ll_usb.o)
                0x0800deb0                USB_ReadInterrupts
 .text.USB_ReadChInterrupts
                0x0800deb8       0x10 libDaisy/build/libdaisy.a(stm32h7xx_ll_usb.o)
                0x0800deb8                USB_ReadChInterrupts
 .text.USB_ReadDevAllOutEpInterrupt
                0x0800dec8       0x10 libDaisy/build/libdaisy.a(stm32h7xx_ll_usb.o)
                0x0800dec8                USB_ReadDevAllOutEpInterrupt
 .text.USB_ReadDevAllInEpInterrupt
                0x0800ded8       0x10 libDaisy/build/libdaisy.a(stm32h7xx_ll_usb.o)
                0x0800ded8                USB_ReadDevAllInEpInterrupt
 .text.USB_ReadDevOutEPInterrupt
                0x0800dee8       0x10 libDaisy/build/libdaisy.a(stm32h7xx_ll_usb.o)
                0x0800dee8                USB_ReadDevOutEPInterrupt
 .text.USB_ReadDevInEPInterrupt
                0x0800def8       0x20 libDaisy/build/libdaisy.a(stm32h7xx_ll_usb.o)
                0x0800def8                USB_ReadDevInEPInterrupt
 .text.USB_GetMode
                0x0800df18        0x8 libDaisy/build/libdaisy.a(stm32h7xx_ll_usb.o)
                0x0800df18                USB_GetMode
 .text.USB_ActivateSetup
                0x0800df20       0x20 libDaisy/build/libdaisy.a(stm32h7xx_ll_usb.o)
                0x0800df20                USB_ActivateSetup
 .text.USB_EP0_OutStart
                0x0800df40       0x50 libDaisy/build/libdaisy.a(stm32h7xx_ll_usb.o)
                0x0800df40                USB_EP0_OutStart
 .text.USB_InitFSLSPClkSel
                0x0800df90       0x44 libDaisy/build/libdaisy.a(stm32h7xx_ll_usb.o)
                0x0800df90                USB_InitFSLSPClkSel
 .text.USB_HC_ReadInterrupt
                0x0800dfd4        0x8 libDaisy/build/libdaisy.a(stm32h7xx_ll_usb.o)
                0x0800dfd4                USB_HC_ReadInterrupt
 .text.USB_HC_Halt
                0x0800dfdc       0xd4 libDaisy/build/libdaisy.a(stm32h7xx_ll_usb.o)
                0x0800dfdc                USB_HC_Halt
 .text.USB_StopHost
                0x0800e0b0      0x1ec libDaisy/build/libdaisy.a(stm32h7xx_ll_usb.o)
                0x0800e0b0                USB_StopHost
 .text.USBD_SetClassConfig
                0x0800e29c       0x10 libDaisy/build/libdaisy.a(usbd_core.o)
                0x0800e29c                USBD_SetClassConfig
 .text.USBD_ClrClassConfig
                0x0800e2ac       0x14 libDaisy/build/libdaisy.a(usbd_core.o)
                0x0800e2ac                USBD_ClrClassConfig
 .text.USBD_LL_SetupStage
                0x0800e2c0       0x60 libDaisy/build/libdaisy.a(usbd_core.o)
                0x0800e2c0                USBD_LL_SetupStage
 .text.USBD_LL_DataOutStage
                0x0800e320       0x74 libDaisy/build/libdaisy.a(usbd_core.o)
                0x0800e320                USBD_LL_DataOutStage
 .text.USBD_LL_DataInStage
                0x0800e394       0xc0 libDaisy/build/libdaisy.a(usbd_core.o)
                0x0800e394                USBD_LL_DataInStage
 .text.USBD_LL_Reset
                0x0800e454       0x5c libDaisy/build/libdaisy.a(usbd_core.o)
                0x0800e454                USBD_LL_Reset
 .text.USBD_LL_SetSpeed
                0x0800e4b0        0x8 libDaisy/build/libdaisy.a(usbd_core.o)
                0x0800e4b0                USBD_LL_SetSpeed
 .text.USBD_LL_Suspend
                0x0800e4b8       0x20 libDaisy/build/libdaisy.a(usbd_core.o)
                0x0800e4b8                USBD_LL_Suspend
 .text.USBD_LL_Resume
                0x0800e4d8       0x18 libDaisy/build/libdaisy.a(usbd_core.o)
                0x0800e4d8                USBD_LL_Resume
 .text.USBD_LL_SOF
                0x0800e4f0       0x20 libDaisy/build/libdaisy.a(usbd_core.o)
                0x0800e4f0                USBD_LL_SOF
 .text.USBD_LL_IsoINIncomplete
                0x0800e510       0x2c libDaisy/build/libdaisy.a(usbd_core.o)
                0x0800e510                USBD_LL_IsoINIncomplete
 .text.USBD_LL_IsoOUTIncomplete
                0x0800e53c       0x2c libDaisy/build/libdaisy.a(usbd_core.o)
                0x0800e53c                USBD_LL_IsoOUTIncomplete
 .text.USBD_LL_DevConnected
                0x0800e568        0x4 libDaisy/build/libdaisy.a(usbd_core.o)
                0x0800e568                USBD_LL_DevConnected
 .text.USBD_LL_DevDisconnected
                0x0800e56c       0x24 libDaisy/build/libdaisy.a(usbd_core.o)
                0x0800e56c                USBD_LL_DevDisconnected
 .text.USBD_CoreFindIF
                0x0800e590        0x4 libDaisy/build/libdaisy.a(usbd_core.o)
                0x0800e590                USBD_CoreFindIF
 .text.USBD_CoreFindEP
                0x0800e594        0x4 libDaisy/build/libdaisy.a(usbd_core.o)
                0x0800e594                USBD_CoreFindEP
 .text.USBD_StdDevReq
                0x0800e598      0x350 libDaisy/build/libdaisy.a(usbd_ctlreq.o)
                0x0800e598                USBD_StdDevReq
 .text.USBD_StdItfReq
                0x0800e8e8       0x80 libDaisy/build/libdaisy.a(usbd_ctlreq.o)
                0x0800e8e8                USBD_StdItfReq
 .text.USBD_StdEPReq
                0x0800e968      0x15c libDaisy/build/libdaisy.a(usbd_ctlreq.o)
                0x0800e968                USBD_StdEPReq
 .text.USBD_ParseSetupRequest
                0x0800eac4       0x18 libDaisy/build/libdaisy.a(usbd_ctlreq.o)
                0x0800eac4                USBD_ParseSetupRequest
 .text.USBD_CtlSendData
                0x0800eadc       0x1c libDaisy/build/libdaisy.a(usbd_ioreq.o)
                0x0800eadc                USBD_CtlSendData
 .text.USBD_CtlContinueSendData
                0x0800eaf8       0x14 libDaisy/build/libdaisy.a(usbd_ioreq.o)
                0x0800eaf8                USBD_CtlContinueSendData
 .text.USBD_CtlContinueRx
                0x0800eb0c       0x14 libDaisy/build/libdaisy.a(usbd_ioreq.o)
                0x0800eb0c                USBD_CtlContinueRx
 .text.USBD_CtlSendStatus
                0x0800eb20       0x18 libDaisy/build/libdaisy.a(usbd_ioreq.o)
                0x0800eb20                USBD_CtlSendStatus
 .text.USBD_CtlReceiveStatus
                0x0800eb38       0x18 libDaisy/build/libdaisy.a(usbd_ioreq.o)
                0x0800eb38                USBD_CtlReceiveStatus
 .text.USBH_LL_IncTimer
                0x0800eb50       0x20 libDaisy/build/libdaisy.a(usbh_core.o)
                0x0800eb50                USBH_LL_IncTimer
 .text.USBH_LL_PortEnabled
                0x0800eb70        0x8 libDaisy/build/libdaisy.a(usbh_core.o)
                0x0800eb70                USBH_LL_PortEnabled
 .text.USBH_LL_PortDisabled
                0x0800eb78        0x8 libDaisy/build/libdaisy.a(usbh_core.o)
                0x0800eb78                USBH_LL_PortDisabled
 .text.USBH_LL_Connect
                0x0800eb80       0x18 libDaisy/build/libdaisy.a(usbh_core.o)
                0x0800eb80                USBH_LL_Connect
 .text.USBH_LL_Disconnect
                0x0800eb98       0x2c libDaisy/build/libdaisy.a(usbh_core.o)
                0x0800eb98                USBH_LL_Disconnect
 .text.USBH_FreePipe
                0x0800ebc4       0x18 libDaisy/build/libdaisy.a(usbh_pipes.o)
                0x0800ebc4                USBH_FreePipe
 .text._ZN5daisy6Random4InitEv
                0x0800ebdc       0x3c libDaisy/build/libdaisy.a(rng.o)
                0x0800ebdc                daisy::Random::Init()
 .text._ZN5daisy9SpiHandle4Impl7InitDmaEv
                0x0800ec18       0xec libDaisy/build/libdaisy.a(spi.o)
                0x0800ec18                daisy::SpiHandle::Impl::InitDma()
 .text._ZN5daisy9SpiHandle4Impl10StartDmaTxEPhjPFvPvEPFvS3_NS0_6ResultEES3_
                0x0800ed04       0x84 libDaisy/build/libdaisy.a(spi.o)
                0x0800ed04                daisy::SpiHandle::Impl::StartDmaTx(unsigned char*, unsigned int, void (*)(void*), void (*)(void*, daisy::SpiHandle::Result), void*)
 .text._ZN5daisy9SpiHandle4Impl10StartDmaRxEPhjPFvPvEPFvS3_NS0_6ResultEES3_
                0x0800ed88       0x84 libDaisy/build/libdaisy.a(spi.o)
                0x0800ed88                daisy::SpiHandle::Impl::StartDmaRx(unsigned char*, unsigned int, void (*)(void*), void (*)(void*, daisy::SpiHandle::Result), void*)
 .text._ZN5daisy9SpiHandle4Impl12StartDmaRxTxEPhS2_jPFvPvEPFvS3_NS0_6ResultEES3_
                0x0800ee0c       0x88 libDaisy/build/libdaisy.a(spi.o)
                0x0800ee0c                daisy::SpiHandle::Impl::StartDmaRxTx(unsigned char*, unsigned char*, unsigned int, void (*)(void*), void (*)(void*, daisy::SpiHandle::Result), void*)
 .text._ZN5daisy9SpiHandle4Impl8InitPinsEv
                0x0800ee94      0x21c libDaisy/build/libdaisy.a(spi.o)
                0x0800ee94                daisy::SpiHandle::Impl::InitPins()
 .text.HAL_SPI_MspInit
                0x0800f0b0      0x6e8 libDaisy/build/libdaisy.a(spi.o)
                0x0800f0b0                HAL_SPI_MspInit
 .text.dsy_spi_global_init
                0x0800f798       0x80 libDaisy/build/libdaisy.a(spi.o)
                0x0800f798                dsy_spi_global_init
 .text.SPI1_IRQHandler
                0x0800f818        0xc libDaisy/build/libdaisy.a(spi.o)
                0x0800f818                SPI1_IRQHandler
 .text.SPI2_IRQHandler
                0x0800f824        0xc libDaisy/build/libdaisy.a(spi.o)
                0x0800f824                SPI2_IRQHandler
 .text.SPI3_IRQHandler
                0x0800f830        0xc libDaisy/build/libdaisy.a(spi.o)
                0x0800f830                SPI3_IRQHandler
 .text.SPI4_IRQHandler
                0x0800f83c        0xc libDaisy/build/libdaisy.a(spi.o)
                0x0800f83c                SPI4_IRQHandler
 .text.SPI5_IRQHandler
                0x0800f848        0xc libDaisy/build/libdaisy.a(spi.o)
                0x0800f848                SPI5_IRQHandler
 .text.DMA2_Stream2_IRQHandler
                0x0800f854       0x34 libDaisy/build/libdaisy.a(spi.o)
                0x0800f854                DMA2_Stream2_IRQHandler
 .text.DMA2_Stream3_IRQHandler
                0x0800f888       0x34 libDaisy/build/libdaisy.a(spi.o)
                0x0800f888                DMA2_Stream3_IRQHandler
 .text.HAL_SPI_TxCpltCallback
                0x0800f8bc       0xc0 libDaisy/build/libdaisy.a(spi.o)
                0x0800f8bc                HAL_SPI_TxCpltCallback
 .text.HAL_SPI_RxCpltCallback
                0x0800f97c       0xc0 libDaisy/build/libdaisy.a(spi.o)
                0x0800f97c                HAL_SPI_RxCpltCallback
 .text.HAL_SPI_TxRxCpltCallback
                0x0800fa3c       0xc0 libDaisy/build/libdaisy.a(spi.o)
                0x0800fa3c                HAL_SPI_TxRxCpltCallback
 .text.HAL_SPI_ErrorCallback
                0x0800fafc       0xc8 libDaisy/build/libdaisy.a(spi.o)
                0x0800fafc                HAL_SPI_ErrorCallback
 .text.startup._GLOBAL__sub_I__Z19MapInstanceToHandleP11SPI_TypeDef
                0x0800fbc4      0x1d8 libDaisy/build/libdaisy.a(spi.o)
 .text.HAL_TIM_Base_MspInit
                0x0800fd9c      0x19c libDaisy/build/libdaisy.a(tim.o)
                0x0800fd9c                HAL_TIM_Base_MspInit
 .text.HAL_TIM_PeriodElapsedCallback
                0x0800ff38       0x44 libDaisy/build/libdaisy.a(tim.o)
                0x0800ff38                HAL_TIM_PeriodElapsedCallback
 .text.TIM2_IRQHandler
                0x0800ff7c        0xc libDaisy/build/libdaisy.a(tim.o)
                0x0800ff7c                TIM2_IRQHandler
 .text.TIM3_IRQHandler
                0x0800ff88        0xc libDaisy/build/libdaisy.a(tim.o)
                0x0800ff88                TIM3_IRQHandler
 .text.TIM4_IRQHandler
                0x0800ff94        0xc libDaisy/build/libdaisy.a(tim.o)
                0x0800ff94                TIM4_IRQHandler
 .text.TIM5_IRQHandler
                0x0800ffa0        0xc libDaisy/build/libdaisy.a(tim.o)
                0x0800ffa0                TIM5_IRQHandler
 .text._ZN5daisy11TimerHandle4InitERKNS0_6ConfigE
                0x0800ffac       0xc8 libDaisy/build/libdaisy.a(tim.o)
                0x0800ffac                daisy::TimerHandle::Init(daisy::TimerHandle::Config const&)
 .text._ZN5daisy11TimerHandle5StartEv
                0x08010074       0x24 libDaisy/build/libdaisy.a(tim.o)
                0x08010074                daisy::TimerHandle::Start()
 .text.startup._GLOBAL__sub_I__ZN5daisy11TimerHandle4Impl4InitERKNS0_6ConfigE
                0x08010098       0x44 libDaisy/build/libdaisy.a(tim.o)
 .text._ZL20UART_CheckRxListenerPN5daisy11UartHandler4ImplE
                0x080100dc       0x84 libDaisy/build/libdaisy.a(uart.o)
 .text._ZN5daisy11UartHandler4Impl10StartDmaTxEPhjPFvPvEPFvS3_NS0_6ResultEES3_
                0x08010160      0x170 libDaisy/build/libdaisy.a(uart.o)
                0x08010160                daisy::UartHandler::Impl::StartDmaTx(unsigned char*, unsigned int, void (*)(void*), void (*)(void*, daisy::UartHandler::Result), void*)
 .text._ZN5daisy11UartHandler4Impl10StartDmaRxEPhjPFvPvEPFvS3_NS0_6ResultEES3_
                0x080102d0      0x170 libDaisy/build/libdaisy.a(uart.o)
                0x080102d0                daisy::UartHandler::Impl::StartDmaRx(unsigned char*, unsigned int, void (*)(void*), void (*)(void*, daisy::UartHandler::Result), void*)
 .text._ZN5daisy11UartHandler4Impl19DmaTransferFinishedEP20__UART_HandleTypeDefNS0_6ResultE
                0x08010440       0xc0 libDaisy/build/libdaisy.a(uart.o)
                0x08010440                daisy::UartHandler::Impl::DmaTransferFinished(__UART_HandleTypeDef*, daisy::UartHandler::Result)
 .text._ZN5daisy11UartHandler4Impl8InitPinsEv
                0x08010500      0x14c libDaisy/build/libdaisy.a(uart.o)
                0x08010500                daisy::UartHandler::Impl::InitPins()
 .text.HAL_UART_MspInit
                0x0801064c      0x4b4 libDaisy/build/libdaisy.a(uart.o)
                0x0801064c                HAL_UART_MspInit
 .text.dsy_uart_global_init
                0x08010b00       0xfc libDaisy/build/libdaisy.a(uart.o)
                0x08010b00                dsy_uart_global_init
 .text.USART1_IRQHandler
                0x08010bfc       0x30 libDaisy/build/libdaisy.a(uart.o)
                0x08010bfc                USART1_IRQHandler
 .text.USART2_IRQHandler
                0x08010c2c       0x38 libDaisy/build/libdaisy.a(uart.o)
                0x08010c2c                USART2_IRQHandler
 .text.USART3_IRQHandler
                0x08010c64       0x38 libDaisy/build/libdaisy.a(uart.o)
                0x08010c64                USART3_IRQHandler
 .text.UART4_IRQHandler
                0x08010c9c       0x38 libDaisy/build/libdaisy.a(uart.o)
                0x08010c9c                UART4_IRQHandler
 .text.UART5_IRQHandler
                0x08010cd4       0x38 libDaisy/build/libdaisy.a(uart.o)
                0x08010cd4                UART5_IRQHandler
 .text.USART6_IRQHandler
                0x08010d0c       0x38 libDaisy/build/libdaisy.a(uart.o)
                0x08010d0c                USART6_IRQHandler
 .text.UART7_IRQHandler
                0x08010d44       0x38 libDaisy/build/libdaisy.a(uart.o)
                0x08010d44                UART7_IRQHandler
 .text.UART8_IRQHandler
                0x08010d7c       0x38 libDaisy/build/libdaisy.a(uart.o)
                0x08010d7c                UART8_IRQHandler
 .text.LPUART1_IRQHandler
                0x08010db4       0x38 libDaisy/build/libdaisy.a(uart.o)
                0x08010db4                LPUART1_IRQHandler
 .text.DMA1_Stream5_IRQHandler
                0x08010dec       0x34 libDaisy/build/libdaisy.a(uart.o)
                0x08010dec                DMA1_Stream5_IRQHandler
 .text.DMA2_Stream4_IRQHandler
                0x08010e20       0x34 libDaisy/build/libdaisy.a(uart.o)
                0x08010e20                DMA2_Stream4_IRQHandler
 .text.HAL_UART_TxCpltCallback
                0x08010e54        0x8 libDaisy/build/libdaisy.a(uart.o)
                0x08010e54                HAL_UART_TxCpltCallback
 .text.HAL_UART_RxCpltCallback
                0x08010e5c       0x94 libDaisy/build/libdaisy.a(uart.o)
                0x08010e5c                HAL_UART_RxCpltCallback
 .text.HAL_UART_RxHalfCpltCallback
                0x08010ef0       0x90 libDaisy/build/libdaisy.a(uart.o)
                0x08010ef0                HAL_UART_RxHalfCpltCallback
 .text.HAL_UART_ErrorCallback
                0x08010f80       0x94 libDaisy/build/libdaisy.a(uart.o)
                0x08010f80                HAL_UART_ErrorCallback
 .text.startup._GLOBAL__sub_I__Z19MapInstanceToHandleP13USART_TypeDef
                0x08011014      0x1b0 libDaisy/build/libdaisy.a(uart.o)
 .text.dsy_dma_init
                0x080111c4      0x100 libDaisy/build/libdaisy.a(dma.o)
                0x080111c4                dsy_dma_init
 .text.dsy_dma_invalidate_cache_for_buffer
                0x080112c4       0x2c libDaisy/build/libdaisy.a(dma.o)
                0x080112c4                dsy_dma_invalidate_cache_for_buffer
 .text.HAL_MDMA_Abort_IT
                0x080112f0       0x28 libDaisy/build/libdaisy.a(stm32h7xx_hal_mdma.o)
                0x080112f0                HAL_MDMA_Abort_IT
 .text.SPI_CloseTransfer
                0x08011318       0xb8 libDaisy/build/libdaisy.a(stm32h7xx_hal_spi.o)
 .text.HAL_SPI_Init
                0x080113d0      0x1a4 libDaisy/build/libdaisy.a(stm32h7xx_hal_spi.o)
                0x080113d0                HAL_SPI_Init
 .text.HAL_SPI_Transmit_DMA
                0x08011574      0x170 libDaisy/build/libdaisy.a(stm32h7xx_hal_spi.o)
                0x08011574                HAL_SPI_Transmit_DMA
 .text.HAL_SPI_Receive_DMA
                0x080116e4      0x17c libDaisy/build/libdaisy.a(stm32h7xx_hal_spi.o)
                0x080116e4                HAL_SPI_Receive_DMA
 .text.HAL_SPI_TransmitReceive_DMA
                0x08011860      0x1f8 libDaisy/build/libdaisy.a(stm32h7xx_hal_spi.o)
                0x08011860                HAL_SPI_TransmitReceive_DMA
 .text.SPI_DMATransmitCplt
                0x08011a58       0x28 libDaisy/build/libdaisy.a(stm32h7xx_hal_spi.o)
 .text.SPI_DMAReceiveCplt
                0x08011a80       0x28 libDaisy/build/libdaisy.a(stm32h7xx_hal_spi.o)
 .text.SPI_DMATransmitReceiveCplt
                0x08011aa8       0x28 libDaisy/build/libdaisy.a(stm32h7xx_hal_spi.o)
 .text.HAL_SPI_TxHalfCpltCallback
                0x08011ad0        0x4 libDaisy/build/libdaisy.a(stm32h7xx_hal_spi.o)
                0x08011ad0                HAL_SPI_TxHalfCpltCallback
 .text.SPI_DMAHalfTransmitCplt
                0x08011ad4        0xc libDaisy/build/libdaisy.a(stm32h7xx_hal_spi.o)
 .text.HAL_SPI_RxHalfCpltCallback
                0x08011ae0        0x4 libDaisy/build/libdaisy.a(stm32h7xx_hal_spi.o)
                0x08011ae0                HAL_SPI_RxHalfCpltCallback
 .text.SPI_DMAHalfReceiveCplt
                0x08011ae4        0xc libDaisy/build/libdaisy.a(stm32h7xx_hal_spi.o)
 .text.HAL_SPI_TxRxHalfCpltCallback
                0x08011af0        0x4 libDaisy/build/libdaisy.a(stm32h7xx_hal_spi.o)
                0x08011af0                HAL_SPI_TxRxHalfCpltCallback
 .text.SPI_DMAHalfTransmitReceiveCplt
                0x08011af4        0xc libDaisy/build/libdaisy.a(stm32h7xx_hal_spi.o)
 .text.SPI_DMAError
                0x08011b00       0xd8 libDaisy/build/libdaisy.a(stm32h7xx_hal_spi.o)
 .text.SPI_DMAAbortOnError
                0x08011bd8       0x1c libDaisy/build/libdaisy.a(stm32h7xx_hal_spi.o)
 .text.HAL_SPI_SuspendCallback
                0x08011bf4        0x4 libDaisy/build/libdaisy.a(stm32h7xx_hal_spi.o)
                0x08011bf4                HAL_SPI_SuspendCallback
 .text.HAL_SPI_IRQHandler
                0x08011bf8      0x208 libDaisy/build/libdaisy.a(stm32h7xx_hal_spi.o)
                0x08011bf8                HAL_SPI_IRQHandler
 .text.HAL_SPI_GetState
                0x08011e00        0x8 libDaisy/build/libdaisy.a(stm32h7xx_hal_spi.o)
                0x08011e00                HAL_SPI_GetState
 .text.HAL_TIM_Base_Init
                0x08011e08      0x144 libDaisy/build/libdaisy.a(stm32h7xx_hal_tim.o)
                0x08011e08                HAL_TIM_Base_Init
 .text.HAL_TIM_Base_Start
                0x08011f4c       0x9c libDaisy/build/libdaisy.a(stm32h7xx_hal_tim.o)
                0x08011f4c                HAL_TIM_Base_Start
 .text.HAL_TIM_Base_Start_IT
                0x08011fe8       0xa4 libDaisy/build/libdaisy.a(stm32h7xx_hal_tim.o)
                0x08011fe8                HAL_TIM_Base_Start_IT
 .text.HAL_TIM_ConfigClockSource
                0x0801208c      0x190 libDaisy/build/libdaisy.a(stm32h7xx_hal_tim.o)
                0x0801208c                HAL_TIM_ConfigClockSource
 .text.HAL_TIM_OC_DelayElapsedCallback
                0x0801221c        0x4 libDaisy/build/libdaisy.a(stm32h7xx_hal_tim.o)
                0x0801221c                HAL_TIM_OC_DelayElapsedCallback
 .text.HAL_TIM_IC_CaptureCallback
                0x08012220        0x4 libDaisy/build/libdaisy.a(stm32h7xx_hal_tim.o)
                0x08012220                HAL_TIM_IC_CaptureCallback
 .text.HAL_TIM_PWM_PulseFinishedCallback
                0x08012224        0x4 libDaisy/build/libdaisy.a(stm32h7xx_hal_tim.o)
                0x08012224                HAL_TIM_PWM_PulseFinishedCallback
 .text.HAL_TIM_TriggerCallback
                0x08012228        0x4 libDaisy/build/libdaisy.a(stm32h7xx_hal_tim.o)
                0x08012228                HAL_TIM_TriggerCallback
 .text.HAL_TIM_IRQHandler
                0x0801222c      0x154 libDaisy/build/libdaisy.a(stm32h7xx_hal_tim.o)
                0x0801222c                HAL_TIM_IRQHandler
 .text.HAL_TIMEx_MasterConfigSynchronization
                0x08012380       0xb4 libDaisy/build/libdaisy.a(stm32h7xx_hal_tim_ex.o)
                0x08012380                HAL_TIMEx_MasterConfigSynchronization
 .text.HAL_TIMEx_CommutCallback
                0x08012434        0x4 libDaisy/build/libdaisy.a(stm32h7xx_hal_tim_ex.o)
                0x08012434                HAL_TIMEx_CommutCallback
 .text.HAL_TIMEx_BreakCallback
                0x08012438        0x4 libDaisy/build/libdaisy.a(stm32h7xx_hal_tim_ex.o)
                0x08012438                HAL_TIMEx_BreakCallback
 .text.HAL_TIMEx_Break2Callback
                0x0801243c        0x4 libDaisy/build/libdaisy.a(stm32h7xx_hal_tim_ex.o)
                0x0801243c                HAL_TIMEx_Break2Callback
 .text.HAL_UART_Transmit_DMA
                0x08012440       0x8c libDaisy/build/libdaisy.a(stm32h7xx_hal_uart.o)
                0x08012440                HAL_UART_Transmit_DMA
 .text.UART_DMATransmitCplt
                0x080124cc       0x44 libDaisy/build/libdaisy.a(stm32h7xx_hal_uart.o)
 .text.HAL_UART_TxHalfCpltCallback
                0x08012510        0x4 libDaisy/build/libdaisy.a(stm32h7xx_hal_uart.o)
                0x08012510                HAL_UART_TxHalfCpltCallback
 .text.UART_DMATxHalfCplt
                0x08012514        0xc libDaisy/build/libdaisy.a(stm32h7xx_hal_uart.o)
 .text.UART_DMAError
                0x08012520       0xd4 libDaisy/build/libdaisy.a(stm32h7xx_hal_uart.o)
 .text.UART_DMAAbortOnError
                0x080125f4       0x14 libDaisy/build/libdaisy.a(stm32h7xx_hal_uart.o)
 .text.HAL_UARTEx_RxEventCallback
                0x08012608        0x4 libDaisy/build/libdaisy.a(stm32h7xx_hal_uart.o)
                0x08012608                HAL_UARTEx_RxEventCallback
 .text.HAL_UART_IRQHandler
                0x0801260c      0x3c0 libDaisy/build/libdaisy.a(stm32h7xx_hal_uart.o)
                0x0801260c                HAL_UART_IRQHandler
 .text.UART_DMARxHalfCplt
                0x080129cc       0x20 libDaisy/build/libdaisy.a(stm32h7xx_hal_uart.o)
 .text.UART_DMAReceiveCplt
                0x080129ec       0x9c libDaisy/build/libdaisy.a(stm32h7xx_hal_uart.o)
 .text.HAL_UART_GetState
                0x08012a88        0xc libDaisy/build/libdaisy.a(stm32h7xx_hal_uart.o)
                0x08012a88                HAL_UART_GetState
 .text.UART_SetConfig
                0x08012a94      0x374 libDaisy/build/libdaisy.a(stm32h7xx_hal_uart.o)
                0x08012a94                UART_SetConfig
 .text.UART_AdvFeatureConfig
                0x08012e08       0xb0 libDaisy/build/libdaisy.a(stm32h7xx_hal_uart.o)
                0x08012e08                UART_AdvFeatureConfig
 .text.UART_CheckIdleState
                0x08012eb8      0x258 libDaisy/build/libdaisy.a(stm32h7xx_hal_uart.o)
                0x08012eb8                UART_CheckIdleState
 .text.HAL_UART_Init
                0x08013110       0x68 libDaisy/build/libdaisy.a(stm32h7xx_hal_uart.o)
                0x08013110                HAL_UART_Init
 .text.UART_Start_Receive_DMA
                0x08013178       0xa0 libDaisy/build/libdaisy.a(stm32h7xx_hal_uart.o)
                0x08013178                UART_Start_Receive_DMA
 .text.HAL_UART_Receive_DMA
                0x08013218       0x48 libDaisy/build/libdaisy.a(stm32h7xx_hal_uart.o)
                0x08013218                HAL_UART_Receive_DMA
 .text.HAL_UARTEx_WakeupCallback
                0x08013260        0x4 libDaisy/build/libdaisy.a(stm32h7xx_hal_uart_ex.o)
                0x08013260                HAL_UARTEx_WakeupCallback
 .text.HAL_UARTEx_RxFifoFullCallback
                0x08013264        0x4 libDaisy/build/libdaisy.a(stm32h7xx_hal_uart_ex.o)
                0x08013264                HAL_UARTEx_RxFifoFullCallback
 .text.HAL_UARTEx_TxFifoEmptyCallback
                0x08013268        0x4 libDaisy/build/libdaisy.a(stm32h7xx_hal_uart_ex.o)
                0x08013268                HAL_UARTEx_TxFifoEmptyCallback
 .text.__aeabi_atexit
                0x0801326c        0xa /usr/lib/gcc/arm-none-eabi/14.2.0/../../../../arm-none-eabi/lib/thumb/v7e-m+dp/hard/libstdc++_nano.a(atexit_arm.o)
                0x0801326c                __aeabi_atexit
 .text._ZdlPvj  0x08013276        0x4 /usr/lib/gcc/arm-none-eabi/14.2.0/../../../../arm-none-eabi/lib/thumb/v7e-m+dp/hard/libstdc++_nano.a(del_ops.o)
                0x08013276                operator delete(void*, unsigned int)
 .text._ZdlPv   0x0801327a        0x4 /usr/lib/gcc/arm-none-eabi/14.2.0/../../../../arm-none-eabi/lib/thumb/v7e-m+dp/hard/libstdc++_nano.a(del_op.o)
                0x0801327a                operator delete(void*)
 *fill*         0x0801327e        0x2 
 .text.sinf     0x08013280      0x1ec /usr/lib/gcc/arm-none-eabi/14.2.0/../../../../arm-none-eabi/lib/thumb/v7e-m+dp/hard/libm.a(libm_a-sinf.o)
                0x08013280                sinf
 *fill*         0x0801346c        0x4 
 .text.cosf     0x08013470      0x1b4 /usr/lib/gcc/arm-none-eabi/14.2.0/../../../../arm-none-eabi/lib/thumb/v7e-m+dp/hard/libm.a(libm_a-cosf.o)
                0x08013470                cosf
 .text.with_errnof
                0x08013624       0x1c /usr/lib/gcc/arm-none-eabi/14.2.0/../../../../arm-none-eabi/lib/thumb/v7e-m+dp/hard/libm.a(libm_a-math_errf.o)
 .text.__math_invalidf
                0x08013640       0x20 /usr/lib/gcc/arm-none-eabi/14.2.0/../../../../arm-none-eabi/lib/thumb/v7e-m+dp/hard/libm.a(libm_a-math_errf.o)
                0x08013640                __math_invalidf
 .text.malloc   0x08013660       0x10 /usr/lib/gcc/arm-none-eabi/14.2.0/../../../../arm-none-eabi/lib/thumb/v7e-m+dp/hard/libc_nano.a(libc_a-malloc.o)
                0x08013660                malloc
 .text.free     0x08013670       0x10 /usr/lib/gcc/arm-none-eabi/14.2.0/../../../../arm-none-eabi/lib/thumb/v7e-m+dp/hard/libc_nano.a(libc_a-malloc.o)
                0x08013670                free
 .text.sbrk_aligned
                0x08013680       0x44 /usr/lib/gcc/arm-none-eabi/14.2.0/../../../../arm-none-eabi/lib/thumb/v7e-m+dp/hard/libc_nano.a(libc_a-mallocr.o)
 .text._malloc_r
                0x080136c4      0x100 /usr/lib/gcc/arm-none-eabi/14.2.0/../../../../arm-none-eabi/lib/thumb/v7e-m+dp/hard/libc_nano.a(libc_a-mallocr.o)
                0x080136c4                _malloc_r
 .text.__malloc_lock
                0x080137c4        0xc /usr/lib/gcc/arm-none-eabi/14.2.0/../../../../arm-none-eabi/lib/thumb/v7e-m+dp/hard/libc_nano.a(libc_a-mlock.o)
                0x080137c4                __malloc_lock
 .text.__malloc_unlock
                0x080137d0        0xc /usr/lib/gcc/arm-none-eabi/14.2.0/../../../../arm-none-eabi/lib/thumb/v7e-m+dp/hard/libc_nano.a(libc_a-mlock.o)
                0x080137d0                __malloc_unlock
 .text.__cxa_atexit
                0x080137dc       0x1c /usr/lib/gcc/arm-none-eabi/14.2.0/../../../../arm-none-eabi/lib/thumb/v7e-m+dp/hard/libc_nano.a(libc_a-cxa_atexit.o)
                0x080137dc                __cxa_atexit
 .text.snprintf
                0x080137f8       0x6c /usr/lib/gcc/arm-none-eabi/14.2.0/../../../../arm-none-eabi/lib/thumb/v7e-m+dp/hard/libc_nano.a(libc_a-snprintf.o)
                0x080137f8                snprintf
                0x080137f8                sniprintf
 .text.memset   0x08013864       0x10 /usr/lib/gcc/arm-none-eabi/14.2.0/../../../../arm-none-eabi/lib/thumb/v7e-m+dp/hard/libc_nano.a(libc_a-memset.o)
                0x08013864                memset
 .text._sbrk_r  0x08013874       0x20 /usr/lib/gcc/arm-none-eabi/14.2.0/../../../../arm-none-eabi/lib/thumb/v7e-m+dp/hard/libc_nano.a(libc_a-sbrkr.o)
                0x08013874                _sbrk_r
 .text.__errno  0x08013894        0xc /usr/lib/gcc/arm-none-eabi/14.2.0/../../../../arm-none-eabi/lib/thumb/v7e-m+dp/hard/libc_nano.a(libc_a-errno.o)
                0x08013894                __errno
 .text.__libc_init_array
                0x080138a0       0x48 /usr/lib/gcc/arm-none-eabi/14.2.0/../../../../arm-none-eabi/lib/thumb/v7e-m+dp/hard/libc_nano.a(libc_a-init.o)
                0x080138a0                __libc_init_array
 .text.__retarget_lock_acquire_recursive
                0x080138e8        0x2 /usr/lib/gcc/arm-none-eabi/14.2.0/../../../../arm-none-eabi/lib/thumb/v7e-m+dp/hard/libc_nano.a(libc_a-lock.o)
                0x080138e8                __retarget_lock_acquire_recursive
 .text.__retarget_lock_release_recursive
                0x080138ea        0x2 /usr/lib/gcc/arm-none-eabi/14.2.0/../../../../arm-none-eabi/lib/thumb/v7e-m+dp/hard/libc_nano.a(libc_a-lock.o)
                0x080138ea                __retarget_lock_release_recursive
 .text.memcpy   0x080138ec       0x1c /usr/lib/gcc/arm-none-eabi/14.2.0/../../../../arm-none-eabi/lib/thumb/v7e-m+dp/hard/libc_nano.a(libc_a-memcpy-stub.o)
                0x080138ec                memcpy
 .text.__register_exitproc
                0x08013908       0xb4 /usr/lib/gcc/arm-none-eabi/14.2.0/../../../../arm-none-eabi/lib/thumb/v7e-m+dp/hard/libc_nano.a(libc_a-__atexit.o)
                0x08013908                __register_exitproc
 .text._free_r  0x080139bc       0x94 /usr/lib/gcc/arm-none-eabi/14.2.0/../../../../arm-none-eabi/lib/thumb/v7e-m+dp/hard/libc_nano.a(libc_a-freer.o)
                0x080139bc                _free_r
 .text.__ssputs_r
                0x08013a50       0xc0 /usr/lib/gcc/arm-none-eabi/14.2.0/../../../../arm-none-eabi/lib/thumb/v7e-m+dp/hard/libc_nano.a(libc_a-nano-svfprintf.o)
                0x08013a50                __ssputs_r
 .text._svfprintf_r
                0x08013b10      0x1f8 /usr/lib/gcc/arm-none-eabi/14.2.0/../../../../arm-none-eabi/lib/thumb/v7e-m+dp/hard/libc_nano.a(libc_a-nano-svfprintf.o)
                0x08013b10                _svfprintf_r
                0x08013b10                _svfiprintf_r
 .text._printf_common
                0x08013d08       0xda /usr/lib/gcc/arm-none-eabi/14.2.0/../../../../arm-none-eabi/lib/thumb/v7e-m+dp/hard/libc_nano.a(libc_a-nano-vfprintf_i.o)
                0x08013d08                _printf_common
 *fill*         0x08013de2        0x2 
 .text._printf_i
                0x08013de4      0x240 /usr/lib/gcc/arm-none-eabi/14.2.0/../../../../arm-none-eabi/lib/thumb/v7e-m+dp/hard/libc_nano.a(libc_a-nano-vfprintf_i.o)
                0x08013de4                _printf_i
 .text.memmove  0x08014024       0x32 /usr/lib/gcc/arm-none-eabi/14.2.0/../../../../arm-none-eabi/lib/thumb/v7e-m+dp/hard/libc_nano.a(libc_a-memmove.o)
                0x08014024                memmove
 .text._realloc_r
                0x08014056       0x5c /usr/lib/gcc/arm-none-eabi/14.2.0/../../../../arm-none-eabi/lib/thumb/v7e-m+dp/hard/libc_nano.a(libc_a-reallocr.o)
                0x08014056                _realloc_r
 .text._malloc_usable_size_r
                0x080140b2       0x10 /usr/lib/gcc/arm-none-eabi/14.2.0/../../../../arm-none-eabi/lib/thumb/v7e-m+dp/hard/libc_nano.a(libc_a-msizer.o)
                0x080140b2                _malloc_usable_size_r
 .text.__udivmoddi4
                0x080140c2      0x2bc /usr/lib/gcc/arm-none-eabi/14.2.0/thumb/v7e-m+dp/hard/libgcc.a(_udivmoddi4.o)
                0x080140c2                __udivmoddi4
 *fill*         0x0801437e        0x2 
 .text._sbrk    0x08014380       0x1c /usr/lib/gcc/arm-none-eabi/14.2.0/../../../../arm-none-eabi/lib/thumb/v7e-m+dp/hard/libnosys.a(sbrk.o)
                0x08014380                _sbrk
 *(.rodata)
 .rodata        0x0801439c       0x10 libDaisy/build/libdaisy.a(daisy_seed.o)
 .rodata        0x080143ac       0x10 libDaisy/build/libdaisy.a(i2c.o)
 .rodata        0x080143bc       0x10 libDaisy/build/libdaisy.a(tim.o)
 .rodata        0x080143cc       0x12 libDaisy/build/libdaisy.a(uart.o)
 *(.rodata*)
 *fill*         0x080143de        0x2 
 .rodata._ZN6Screen16DrawHardwareTestER8Hardware.str1.4
                0x080143e0       0x63 build/screen.o
                                 0x5a (size before relaxing)
 *fill*         0x08014443        0x1 
 .rodata._ZTVN5daisy11OledDisplayINS_13SSD130xDriverILj128ELj64ENS_19SSD130xI2CTransportEEEEE
                0x08014444       0x40 build/screen.o
                0x08014444                vtable for daisy::OledDisplay<daisy::SSD130xDriver<128u, 64u, daisy::SSD130xI2CTransport> >
 .rodata._ZL8seedgpio
                0x08014484       0x42 libDaisy/build/libdaisy.a(daisy_seed.o)
 .rodata._ZN5daisy10QSPIHandle4Impl5GetAFEj.str1.4
                0x080144c6        0x7 libDaisy/build/libdaisy.a(qspi.o)
 *fill*         0x080144c6        0x2 
 .rodata.CSWTCH.53
                0x080144c8       0x14 libDaisy/build/libdaisy.a(sai.o)
 .rodata.D1CorePrescTable
                0x080144dc       0x10 libDaisy/build/libdaisy.a(system_stm32h7xx.o)
                0x080144dc                D1CorePrescTable
 .rodata.Font7x10
                0x080144ec      0x76c libDaisy/build/libdaisy.a(oled_fonts.o)
 .rodata.flagBitshiftOffset.0
                0x08014c58        0x8 libDaisy/build/libdaisy.a(stm32h7xx_hal_dma.o)
 .rodata._ZL16pins_periphs_spi
                0x08014c60       0x60 libDaisy/build/libdaisy.a(spi.o)
 .rodata._ZL13pins_none_spi
                0x08014cc0        0x3 libDaisy/build/libdaisy.a(spi.o)
 *fill*         0x08014cc3        0x1 
 .rodata.UARTPrescTable
                0x08014cc4       0x18 libDaisy/build/libdaisy.a(stm32h7xx_hal_uart.o)
                0x08014cc4                UARTPrescTable
 .rodata.__inv_pio4
                0x08014cdc       0x60 /usr/lib/gcc/arm-none-eabi/14.2.0/../../../../arm-none-eabi/lib/thumb/v7e-m+dp/hard/libm.a(libm_a-sincosf_data.o)
                0x08014cdc                __inv_pio4
 *fill*         0x08014d3c        0x4 
 .rodata.__sincosf_table
                0x08014d40       0xe0 /usr/lib/gcc/arm-none-eabi/14.2.0/../../../../arm-none-eabi/lib/thumb/v7e-m+dp/hard/libm.a(libm_a-sincosf_data.o)
                0x08014d40                __sincosf_table
 .rodata.__on_exit_args
                0x08014e20        0x4 /usr/lib/gcc/arm-none-eabi/14.2.0/../../../../arm-none-eabi/lib/thumb/v7e-m+dp/hard/libc_nano.a(libc_a-on_exit_args.o)
                0x08014e20                __on_exit_args
 .rodata._svfprintf_r.str1.1
                0x08014e24       0x33 /usr/lib/gcc/arm-none-eabi/14.2.0/../../../../arm-none-eabi/lib/thumb/v7e-m+dp/hard/libc_nano.a(libc_a-nano-svfprintf.o)
                                 0x11 (size before relaxing)
 .rodata._printf_i.str1.1
                0x08014e57       0x22 /usr/lib/gcc/arm-none-eabi/14.2.0/../../../../arm-none-eabi/lib/thumb/v7e-m+dp/hard/libc_nano.a(libc_a-nano-vfprintf_i.o)
 *(.glue_7)
 .glue_7        0x08014e57        0x0 linker stubs
 *(.glue_7t)
 .glue_7t       0x08014e57        0x0 linker stubs
 *(.init)
 *fill*         0x08014e57        0x1 
 .init          0x08014e58        0x4 /usr/lib/gcc/arm-none-eabi/14.2.0/thumb/v7e-m+dp/hard/crti.o
                0x08014e58                _init
 .init          0x08014e5c        0x8 /usr/lib/gcc/arm-none-eabi/14.2.0/thumb/v7e-m+dp/hard/crtn.o
 *(.fini)
 .fini          0x08014e64        0x4 /usr/lib/gcc/arm-none-eabi/14.2.0/thumb/v7e-m+dp/hard/crti.o
                0x08014e64                _fini
 .fini          0x08014e68        0x8 /usr/lib/gcc/arm-none-eabi/14.2.0/thumb/v7e-m+dp/hard/crtn.o
                0x08014e70                        . = ALIGN (0x4)
                0x08014e70                        _etext = .

.eh_frame       0x08014e70        0x0
 .eh_frame      0x08014e70        0x0 /usr/lib/gcc/arm-none-eabi/14.2.0/thumb/v7e-m+dp/hard/crtbegin.o

.vfp11_veneer   0x08014e70        0x0
 .vfp11_veneer  0x08014e70        0x0 linker stubs

.v4_bx          0x08014e70        0x0
 .v4_bx         0x08014e70        0x0 linker stubs
